
> react-example@0.0.0 test
> tsx --test src/utils/__tests__/*.test.ts

================================================================
       TEST SUITE: FMGE ADAPTIVE PRIORITY ENGINE ARCHITECTURE   
================================================================

--- SCENARIO A: High-Yield Topic + Unattempted (Cold-Start) ---
  ✓ Topic status is "unattempted"
  ✓ Attempt count is 0
  ✓ Accuracy is 0
  ✓ Mastery is 0%
  ✓ Data confidence is "preliminary"
  ✓ Unattempted high-yield topic has substantial priority (actual: 42)
  ✓ Explanation explains unattempted status ("Very High FMGE Weight (~35M) + Core syllabus topic currently unattempted")

--- SCENARIO B: High-Yield Topic + Low Recent Accuracy + Repeated Errors ---
  ✓ Status is critical or high priority (actual: critical, score: 87)
  ✓ Repeated error detected (actual: 1)
  ✓ Recent accuracy is low (actual: 40%)
  ✓ Recommended action addresses errors or mastery (review_errors)
  ✓ Recommended pathway provides comprehensive reinforcement for weak topic

--- SCENARIO C: Low-Yield Topic + 95% Accuracy ---
  ✓ Low-yield high-accuracy topic has low priority score (actual: 0)
  ✓ Status is stable (actual: stable)
  ✓ Mastery is high (actual: 75%)

--- SCENARIO D: Previously Strong Topic + Recent Decline ---
  ✓ Priority increased after recent drop (Before: 16 -> After: 79)
  ✓ Recent accuracy (20%) dropped below lifetime (71%)
  ✓ Status escalated (actual: critical)

--- SCENARIO E: Strong Topic + Mastery Protection ---
  ✓ Mastery is very high (actual: 85%)
  ✓ Mastery protection deduction active (actual: -25.5 pts)
  ✓ Status is stable (actual: stable)

--- SCENARIO F: Revision Overdue Increases Priority ---
  ✓ Priority higher when revision overdue (42 -> 57)
  ✓ Revision due is true
  ✓ Overdue days calculated (11 days)

--- SCENARIO G: Limited Data Confidence (1-2 Attempts) ---
  ✓ Data confidence is preliminary for 1 attempt (actual: preliminary)
  ✓ Attempt count is 1

--- SCENARIO H: Cross-Topic Data Isolation ---
  ✓ Modifying Anatomy attempts does NOT change Pharmacology priority
  ✓ Modifying Anatomy attempts does NOT change Pharmacology accuracy

--- TOP 5 PRIORITIES & NEXT BEST STUDY ACTION ---
  ✓ Evaluated all topics (total: 200)
  ✓ Returned exactly top 5 priority topics
  ✓ Top 5 topics are sorted in descending order of priority
  ✓ Top #1 (General Medicine -> Cardiology - ECGs (STEMI, Arrhythmias, Heart Blocks, WPW)) has explanation: "Very High FMGE Weight (~35M) + Core syllabus topic currently unattempted + critical for final exam conditioning window"
  ✓ Top #1 has actionable recommendedAction
  ✓ Top #2 (General Medicine -> Cardiology - Acute Coronary Syndromes (ACS) & Heart Failure) has explanation: "Very High FMGE Weight (~35M) + Core syllabus topic currently unattempted + critical for final exam conditioning window"
  ✓ Top #2 has actionable recommendedAction
  ✓ Top #3 (General Medicine -> Cardiology - Valvular Heart Diseases & Infective Endocarditis (Duke Criteria)) has explanation: "Very High FMGE Weight (~35M) + Core syllabus topic currently unattempted + critical for final exam conditioning window"
  ✓ Top #3 has actionable recommendedAction
  ✓ Top #4 (General Medicine -> Pulmonology - Asthma (GINA Guidelines), COPD (GOLD Guidelines)) has explanation: "Very High FMGE Weight (~35M) + Core syllabus topic currently unattempted + critical for final exam conditioning window"
  ✓ Top #4 has actionable recommendedAction
  ✓ Top #5 (General Medicine -> Pulmonology - Pneumonia (CURB-65) & Tuberculosis (NTEP Guidelines)) has explanation: "Very High FMGE Weight (~35M) + Core syllabus topic currently unattempted + critical for final exam conditioning window"
  ✓ Top #5 has actionable recommendedAction
  ✓ Next best study action produced: "Master This Topic — General Medicine → Cardiology - ECGs (STEMI, Arrhythmias, Heart Blocks, WPW)"
  ✓ Next best action reason provided: "Unattempted high-yield topic in high-weightage General Medicine (~35 Marks)."
  ✓ Allocated minutes is positive (30m)
  ✓ Calculated priorities for all 19 FMGE subjects (total: 19)
  ✓ Subject priorities are sorted descending

================================================================
 ALL TESTS COMPLETED: 46 passed, 0 failed.
================================================================

✔ src/utils/__tests__/adaptivePriorityEngine.test.ts (116.78175ms)
▶ FMGE AI Coach Intelligence & Chat Engine
  ✔ Personalized study recommendation incorporates student weak subjects and GT scores (0.23975ms)
  ✔ Medical differentiator format follows structured high-yield blueprint (0.049625ms)
  ✔ Interactive MCQ quiz generator validates clinical options and answer keys (0.056209ms)
✔ FMGE AI Coach Intelligence & Chat Engine (0.687ms)
▶ AI Coach Topic Classification & Context Switching
  ✔ correctly classifies Pulmonology Asthma & COPD query without history (0.588375ms)
  ✔ correctly classifies Biochemistry Enzyme Kinetics query without history (0.165959ms)
  ✔ correctly classifies Pharmacology Beta Blockers query (0.049959ms)
  ✔ switches topics authoritatively when user asks about a new topic after a previous topic (0.043959ms)
  ✔ retains active topic when user asks for "another MCQ" (0.062417ms)
  ✔ generates an authentic Pulmonology MCQ when requested (0.332875ms)
  ✔ generates an authentic Biochemistry MCQ when requested (0.072958ms)
  ✔ correctly classifies Nephrotic Syndrome queries (0.055666ms)
  ✔ generates an authentic Minimal Change Disease MCQ for nephrotic syndrome requests (0.403792ms)
✔ AI Coach Topic Classification & Context Switching (2.280209ms)
▶ FMGE AI Coach - Quality Control & Formatting Verification
  ✔ 1. All 19 subjects return complete clinical vignettes with matching subjects (0.827292ms)
  ✔ 2. Anatomy question tests genuine Anatomy and NOT Cardiology (0.187709ms)
  ✔ 3. Medicine Cardiology question tests genuine Cardiovascular medicine (0.154792ms)
  ✔ 4. Options contain plausible distractors and no All of the Above / None of the Above (0.114333ms)
  ✔ 5. Distractor analysis explains why other options are wrong (0.0825ms)
✔ FMGE AI Coach - Quality Control & Formatting Verification (2.347875ms)
▶ FMGE AI Coach Natural Intelligence & Gemini Integration Verification
  ✔ 1. "Explain nephrotic syndrome." produces comprehensive clinical concept breakdown (0.615958ms)
  ✔ 2. "mcqs on nephrotic syndrome" generates authentic nephrotic syndrome MCQ (1.210416ms)
  ✔ 3. "Give me 5 questions on nephrotic syndrome." produces structured quiz item (0.209584ms)
  ✔ 4. "Test me on heart blocks." produces interactive heart block question (0.073458ms)
  ✔ 5. "Why does nephrotic syndrome cause thrombosis?" explains AT-III loss and hypercoagulability (0.036833ms)
  ✔ 6. "Make that easier to remember." delivers memory hooks (0.147041ms)
  ✔ 7. "Compare Crohn's disease and ulcerative colitis." provides distinguishing features (0.2435ms)
  ✔ 8. "What should I study tonight?" incorporates user study metrics (0.148417ms)
  ✔ 9. "Give me an image-based ECG question." returns cardiac question (0.318084ms)
  ✔ 10. Non-medical prompt "What is the capital of Japan?" is supported without forcing medical framing (0.141417ms)
  ✔ 11. Non-medical prompt "Tell me a joke." is supported without forcing medical framing (0.087959ms)
✔ FMGE AI Coach Natural Intelligence & Gemini Integration Verification (4.375708ms)
▶ AI Study Coach — Predictor Trigger & History Integration
  ✔ 1. Default greeting message is structured correctly (0.597ms)
  ✔ 2. Dummy empty sessions with 0 user messages are filtered out (0.164541ms)
  ✔ 3. Predictor trigger constructs prompt and titles session cleanly (0.132ms)
  ✖ 4. Stream API returns chunks promptly for high-yield topics (12.902875ms)
✖ AI Study Coach — Predictor Trigger & History Integration (15.016667ms)
▶ FMGE AI Coach - Response Content & Document Rendering
  ✔ 1. POST /api/ai/chat endpoint is configured with Gemini 3.7 Flash and student context (0.488583ms)
  ✔ 2. Structured MCQ output schema is defined for clinical vignettes (0.262416ms)
  ✔ 3. Heart block MCQ returns complete clinical stem and distractor explanations (0.602083ms)
  ✔ 4. MarkdownRenderer uses clean document flow without multi-column breakdown (0.469958ms)
  ✔ 5. MarkdownRenderer contains unconditional loop advancement safeguard (0.09375ms)
✔ FMGE AI Coach - Response Content & Document Rendering (2.353959ms)
▶ authErrors
  ▶ getAuthErrorCode
    ✔ extracts the Firebase error code (0.24625ms)
    ✔ normalizes unknown / non-error input (0.049959ms)
  ✔ getAuthErrorCode (0.584417ms)
  ▶ google
    ✔ unauthorized-domain explains the domain restriction (0.901041ms)
    ✔ popup-closed-by-user (0.108834ms)
    ✔ popup-blocked and popup-blocked-by-user (0.078416ms)
    ✔ cancelled-popup-request (0.079708ms)
    ✔ operation-not-allowed (Google provider disabled) (0.077666ms)
    ✔ network-request-failed (0.078584ms)
    ✔ too-many-requests (0.132875ms)
    ✔ invalid-credential falls back gracefully (0.103875ms)
    ✔ unknown codes use the raw message when available (0.085375ms)
  ✔ google (1.992625ms)
  ▶ signin
    ✔ operation-not-allowed (Email/Password disabled) (0.114333ms)
    ✔ wrong-password / invalid-credential / invalid-login-credentials / user-not-found (0.154958ms)
    ✔ invalid-email (0.077583ms)
    ✔ network-request-failed (0.047041ms)
    ✔ too-many-requests (0.054125ms)
  ✔ signin (0.588625ms)
  ▶ signup
    ✔ operation-not-allowed (registration disabled) (0.094333ms)
    ✔ email-already-in-use (0.074792ms)
    ✔ invalid-email (0.087209ms)
    ✔ weak-password (0.109708ms)
    ✔ unauthorized-domain includes host (0.0655ms)
    ✔ network-request-failed (0.052917ms)
  ✔ signup (0.617541ms)
  ▶ forgot
    ✔ user-not-found (0.168666ms)
    ✔ operation-not-allowed (reset disabled) (0.059375ms)
    ✔ invalid-email (0.04675ms)
    ✔ network-request-failed (0.045042ms)
  ✔ forgot (0.408125ms)
✔ authErrors (4.531667ms)
=== RUNNING COMPLETE TOPIC LEARNING PACKAGE ARCHITECTURE TESTS ===


--- Testing Topic: [Anatomy -> Lower Limb - Knee Joint & Nerve Lesions (Peroneal/Tibial)] ---
  ✓ [Lower Limb - Knee Joint & Nerve Lesions (Peroneal/Tibial)] Context canonical name: Lower Limb - Knee Joint & Nerve Lesions (Peroneal/Tibial)
  ✓ [Lower Limb - Knee Joint & Nerve Lesions (Peroneal/Tibial)] Has 8 concept clusters
  ✓ [Lower Limb - Knee Joint & Nerve Lesions (Peroneal/Tibial)] Estimated marks: 2
  ✓ [Lower Limb - Knee Joint & Nerve Lesions (Peroneal/Tibial)] Has clinical concepts
  ✓ [Lower Limb - Knee Joint & Nerve Lesions (Peroneal/Tibial)] Has common exam traps
  ✓ [Lower Limb - Knee Joint & Nerve Lesions (Peroneal/Tibial)] Generates 6 slides (>=4)
  ✓ [Lower Limb - Knee Joint & Nerve Lesions (Peroneal/Tibial)] All slides contain structured bullets
  ✓ [Lower Limb - Knee Joint & Nerve Lesions (Peroneal/Tibial)] Contains exam takeaways / traps
  ✓ [Lower Limb - Knee Joint & Nerve Lesions (Peroneal/Tibial)] Generates 3 clinical cases (>=2)
  ✓ [Lower Limb - Knee Joint & Nerve Lesions (Peroneal/Tibial)] Case #1 has 4 options
  ✓ [Lower Limb - Knee Joint & Nerve Lesions (Peroneal/Tibial)] Case #1 valid correct letter (A)
  ✓ [Lower Limb - Knee Joint & Nerve Lesions (Peroneal/Tibial)] Case #1 has deep clinical explanation
  ✓ [Lower Limb - Knee Joint & Nerve Lesions (Peroneal/Tibial)] Case #1 has clinical exam pearl
  ✓ [Lower Limb - Knee Joint & Nerve Lesions (Peroneal/Tibial)] Case #2 has 4 options
  ✓ [Lower Limb - Knee Joint & Nerve Lesions (Peroneal/Tibial)] Case #2 valid correct letter (C)
  ✓ [Lower Limb - Knee Joint & Nerve Lesions (Peroneal/Tibial)] Case #2 has deep clinical explanation
  ✓ [Lower Limb - Knee Joint & Nerve Lesions (Peroneal/Tibial)] Case #2 has clinical exam pearl
  ✓ [Lower Limb - Knee Joint & Nerve Lesions (Peroneal/Tibial)] Case #3 has 4 options
  ✓ [Lower Limb - Knee Joint & Nerve Lesions (Peroneal/Tibial)] Case #3 valid correct letter (B)
  ✓ [Lower Limb - Knee Joint & Nerve Lesions (Peroneal/Tibial)] Case #3 has deep clinical explanation
  ✓ [Lower Limb - Knee Joint & Nerve Lesions (Peroneal/Tibial)] Case #3 has clinical exam pearl
  ✓ [Lower Limb - Knee Joint & Nerve Lesions (Peroneal/Tibial)] Generates 10 flashcards (>=5)
  ✓ [Lower Limb - Knee Joint & Nerve Lesions (Peroneal/Tibial)] All flashcards have rich front/back
  ✓ [Lower Limb - Knee Joint & Nerve Lesions (Peroneal/Tibial)] Generates 5 pearls (>=3)
  ✓ [Lower Limb - Knee Joint & Nerve Lesions (Peroneal/Tibial)] All pearls have substantive statements
[VisualEngine] Question: verified-anatomy-anat-4-1 | Subject: anatomy | Target: knee joint acl ligament lachman | Matched: anat:knee_cruciate_ligaments (score: 0.99)
[VisualEngine] Question: verified-anatomy-anat-4-2 | Subject: anatomy | RequiresImage: false -> Text-only
[VisualEngine] Question: verified-anatomy-anat-4-facet-3 | Subject: anatomy | RequiresImage: false -> Text-only
[VisualEngine] Question: verified-anatomy-anat-4-facet-4 | Subject: anatomy | RequiresImage: false -> Text-only
[VisualEngine] Question: verified-anatomy-anat-4-facet-5 | Subject: anatomy | RequiresImage: false -> Text-only
[VisualEngine] Question: verified-anatomy-anat-4-facet-6 | Subject: anatomy | RequiresImage: false -> Text-only
[VisualEngine] Question: verified-anatomy-anat-4-facet-7 | Subject: anatomy | RequiresImage: false -> Text-only
[VisualEngine] Question: verified-anatomy-anat-4-facet-8 | Subject: anatomy | RequiresImage: false -> Text-only
[VisualEngine] Question: verified-anatomy-anat-4-facet-9 | Subject: anatomy | RequiresImage: false -> Text-only
[VisualEngine] Question: verified-anatomy-anat-4-facet-10 | Subject: anatomy | RequiresImage: false -> Text-only
  ✓ [Lower Limb - Knee Joint & Nerve Lesions (Peroneal/Tibial)] Generates exactly 10 questions
  ✓ [Lower Limb - Knee Joint & Nerve Lesions (Peroneal/Tibial)] Questions have randomized answer positions (B, A, C, D)
  ✓ [Lower Limb - Knee Joint & Nerve Lesions (Peroneal/Tibial)] Question #1 passed 10-point MCQ validator
  ✓ [Lower Limb - Knee Joint & Nerve Lesions (Peroneal/Tibial)] Question #2 passed 10-point MCQ validator
  ✓ [Lower Limb - Knee Joint & Nerve Lesions (Peroneal/Tibial)] Question #3 passed 10-point MCQ validator
  ✓ [Lower Limb - Knee Joint & Nerve Lesions (Peroneal/Tibial)] Question #4 passed 10-point MCQ validator
  ✓ [Lower Limb - Knee Joint & Nerve Lesions (Peroneal/Tibial)] Question #5 passed 10-point MCQ validator
  ✓ [Lower Limb - Knee Joint & Nerve Lesions (Peroneal/Tibial)] Question #6 passed 10-point MCQ validator
  ✓ [Lower Limb - Knee Joint & Nerve Lesions (Peroneal/Tibial)] Question #7 passed 10-point MCQ validator
  ✓ [Lower Limb - Knee Joint & Nerve Lesions (Peroneal/Tibial)] Question #8 passed 10-point MCQ validator
  ✓ [Lower Limb - Knee Joint & Nerve Lesions (Peroneal/Tibial)] Question #9 passed 10-point MCQ validator
  ✓ [Lower Limb - Knee Joint & Nerve Lesions (Peroneal/Tibial)] Question #10 passed 10-point MCQ validator
  ✓ [Lower Limb - Knee Joint & Nerve Lesions (Peroneal/Tibial)] Generates 5 diverse queries
  ✓ [Lower Limb - Knee Joint & Nerve Lesions (Peroneal/Tibial)] Search queries do NOT just use raw literal topic string

--- Testing Topic: [Anatomy -> Thorax - Mediastinum, Heart & Coronary Circulation] ---
  ✓ [Thorax - Mediastinum, Heart & Coronary Circulation] Context canonical name: Thorax - Mediastinum, Heart & Coronary Circulation
  ✓ [Thorax - Mediastinum, Heart & Coronary Circulation] Has 5 concept clusters
  ✓ [Thorax - Mediastinum, Heart & Coronary Circulation] Estimated marks: 2
  ✓ [Thorax - Mediastinum, Heart & Coronary Circulation] Has clinical concepts
  ✓ [Thorax - Mediastinum, Heart & Coronary Circulation] Has common exam traps
  ✓ [Thorax - Mediastinum, Heart & Coronary Circulation] Generates 5 slides (>=4)
  ✓ [Thorax - Mediastinum, Heart & Coronary Circulation] All slides contain structured bullets
  ✓ [Thorax - Mediastinum, Heart & Coronary Circulation] Contains exam takeaways / traps
  ✓ [Thorax - Mediastinum, Heart & Coronary Circulation] Generates 3 clinical cases (>=2)
  ✓ [Thorax - Mediastinum, Heart & Coronary Circulation] Case #1 has 4 options
  ✓ [Thorax - Mediastinum, Heart & Coronary Circulation] Case #1 valid correct letter (A)
  ✓ [Thorax - Mediastinum, Heart & Coronary Circulation] Case #1 has deep clinical explanation
  ✓ [Thorax - Mediastinum, Heart & Coronary Circulation] Case #1 has clinical exam pearl
  ✓ [Thorax - Mediastinum, Heart & Coronary Circulation] Case #2 has 4 options
  ✓ [Thorax - Mediastinum, Heart & Coronary Circulation] Case #2 valid correct letter (A)
  ✓ [Thorax - Mediastinum, Heart & Coronary Circulation] Case #2 has deep clinical explanation
  ✓ [Thorax - Mediastinum, Heart & Coronary Circulation] Case #2 has clinical exam pearl
  ✓ [Thorax - Mediastinum, Heart & Coronary Circulation] Case #3 has 4 options
  ✓ [Thorax - Mediastinum, Heart & Coronary Circulation] Case #3 valid correct letter (C)
  ✓ [Thorax - Mediastinum, Heart & Coronary Circulation] Case #3 has deep clinical explanation
  ✓ [Thorax - Mediastinum, Heart & Coronary Circulation] Case #3 has clinical exam pearl
  ✓ [Thorax - Mediastinum, Heart & Coronary Circulation] Generates 10 flashcards (>=5)
  ✓ [Thorax - Mediastinum, Heart & Coronary Circulation] All flashcards have rich front/back
  ✓ [Thorax - Mediastinum, Heart & Coronary Circulation] Generates 6 pearls (>=3)
  ✓ [Thorax - Mediastinum, Heart & Coronary Circulation] All pearls have substantive statements
[VisualEngine] Question: verified-anatomy-anat-5-facet-1 | Subject: anatomy | RequiresImage: false -> Text-only
[VisualEngine] Question: verified-anatomy-anat-5-facet-2 | Subject: anatomy | RequiresImage: false -> Text-only
[VisualEngine] Question: verified-anatomy-anat-5-facet-3 | Subject: anatomy | RequiresImage: false -> Text-only
[VisualEngine] Question: verified-anatomy-anat-5-facet-4 | Subject: anatomy | RequiresImage: false -> Text-only
[VisualEngine] Question: verified-anatomy-anat-5-facet-5 | Subject: anatomy | RequiresImage: false -> Text-only
[VisualEngine] Question: verified-anatomy-anat-5-facet-6 | Subject: anatomy | RequiresImage: false -> Text-only
[VisualEngine] Question: verified-anatomy-anat-5-facet-7 | Subject: anatomy | RequiresImage: false -> Text-only
[VisualEngine] Question: verified-anatomy-anat-5-facet-8 | Subject: anatomy | RequiresImage: false -> Text-only
[VisualEngine] Question: verified-anatomy-anat-5-facet-9 | Subject: anatomy | RequiresImage: false -> Text-only
[VisualEngine] Question: verified-anatomy-anat-5-facet-10 | Subject: anatomy | RequiresImage: false -> Text-only
  ✓ [Thorax - Mediastinum, Heart & Coronary Circulation] Generates exactly 10 questions
  ✓ [Thorax - Mediastinum, Heart & Coronary Circulation] Questions have randomized answer positions (C, A, B, D)
  ✓ [Thorax - Mediastinum, Heart & Coronary Circulation] Question #1 passed 10-point MCQ validator
  ✓ [Thorax - Mediastinum, Heart & Coronary Circulation] Question #2 passed 10-point MCQ validator
  ✓ [Thorax - Mediastinum, Heart & Coronary Circulation] Question #3 passed 10-point MCQ validator
  ✓ [Thorax - Mediastinum, Heart & Coronary Circulation] Question #4 passed 10-point MCQ validator
  ✓ [Thorax - Mediastinum, Heart & Coronary Circulation] Question #5 passed 10-point MCQ validator
  ✓ [Thorax - Mediastinum, Heart & Coronary Circulation] Question #6 passed 10-point MCQ validator
  ✓ [Thorax - Mediastinum, Heart & Coronary Circulation] Question #7 passed 10-point MCQ validator
  ✓ [Thorax - Mediastinum, Heart & Coronary Circulation] Question #8 passed 10-point MCQ validator
  ✓ [Thorax - Mediastinum, Heart & Coronary Circulation] Question #9 passed 10-point MCQ validator
  ✓ [Thorax - Mediastinum, Heart & Coronary Circulation] Question #10 passed 10-point MCQ validator
  ✓ [Thorax - Mediastinum, Heart & Coronary Circulation] Generates 5 diverse queries
  ✓ [Thorax - Mediastinum, Heart & Coronary Circulation] Search queries do NOT just use raw literal topic string

--- Testing Topic: [Anatomy -> Upper Limb - Brachial Plexus & Nerve Injuries] ---
  ✓ [Upper Limb - Brachial Plexus & Nerve Injuries] Context canonical name: Upper Limb - Brachial Plexus & Nerve Injuries
  ✓ [Upper Limb - Brachial Plexus & Nerve Injuries] Has 8 concept clusters
  ✓ [Upper Limb - Brachial Plexus & Nerve Injuries] Estimated marks: 2
  ✓ [Upper Limb - Brachial Plexus & Nerve Injuries] Has clinical concepts
  ✓ [Upper Limb - Brachial Plexus & Nerve Injuries] Has common exam traps
  ✓ [Upper Limb - Brachial Plexus & Nerve Injuries] Generates 4 slides (>=4)
  ✓ [Upper Limb - Brachial Plexus & Nerve Injuries] All slides contain structured bullets
  ✓ [Upper Limb - Brachial Plexus & Nerve Injuries] Contains exam takeaways / traps
  ✓ [Upper Limb - Brachial Plexus & Nerve Injuries] Generates 2 clinical cases (>=2)
  ✓ [Upper Limb - Brachial Plexus & Nerve Injuries] Case #1 has 4 options
  ✓ [Upper Limb - Brachial Plexus & Nerve Injuries] Case #1 valid correct letter (D)
  ✓ [Upper Limb - Brachial Plexus & Nerve Injuries] Case #1 has deep clinical explanation
  ✓ [Upper Limb - Brachial Plexus & Nerve Injuries] Case #1 has clinical exam pearl
  ✓ [Upper Limb - Brachial Plexus & Nerve Injuries] Case #2 has 4 options
  ✓ [Upper Limb - Brachial Plexus & Nerve Injuries] Case #2 valid correct letter (D)
  ✓ [Upper Limb - Brachial Plexus & Nerve Injuries] Case #2 has deep clinical explanation
  ✓ [Upper Limb - Brachial Plexus & Nerve Injuries] Case #2 has clinical exam pearl
  ✓ [Upper Limb - Brachial Plexus & Nerve Injuries] Generates 5 flashcards (>=5)
  ✓ [Upper Limb - Brachial Plexus & Nerve Injuries] All flashcards have rich front/back
  ✓ [Upper Limb - Brachial Plexus & Nerve Injuries] Generates 4 pearls (>=3)
  ✓ [Upper Limb - Brachial Plexus & Nerve Injuries] All pearls have substantive statements
[VisualEngine] Question: verified-anatomy-anat-1-1 | Subject: anatomy | Target: brachial plexus upper trunk | Matched: anat:brachial_plexus_c5_c6 (score: 0.99)
[VisualEngine] Question: verified-anatomy-anat-1-2 | Subject: anatomy | Target: klumpke total claw hand | Matched: anat:klumpke_claw_hand (score: 0.99)
[VisualEngine] Question: verified-anatomy-anat-1-3 | Subject: anatomy | RequiresImage: false -> Text-only
[VisualEngine] Question: verified-anatomy-anat-1-4 | Subject: anatomy | RequiresImage: false -> Text-only
[VisualEngine] Question: verified-anatomy-anat-1-5 | Subject: anatomy | RequiresImage: false -> Text-only
[VisualEngine] Question: verified-anatomy-anat-1-6 | Subject: anatomy | RequiresImage: false -> Text-only
[VisualEngine] Question: verified-anatomy-anat-1-facet-7 | Subject: anatomy | RequiresImage: false -> Text-only
[VisualEngine] Question: verified-anatomy-anat-1-facet-8 | Subject: anatomy | RequiresImage: false -> Text-only
[VisualEngine] Question: verified-anatomy-anat-1-facet-9 | Subject: anatomy | RequiresImage: false -> Text-only
[VisualEngine] Question: verified-anatomy-anat-1-facet-10 | Subject: anatomy | RequiresImage: false -> Text-only
  ✓ [Upper Limb - Brachial Plexus & Nerve Injuries] Generates exactly 10 questions
  ✓ [Upper Limb - Brachial Plexus & Nerve Injuries] Questions have randomized answer positions (B, A, D, C)
  ✓ [Upper Limb - Brachial Plexus & Nerve Injuries] Question #1 passed 10-point MCQ validator
  ✓ [Upper Limb - Brachial Plexus & Nerve Injuries] Question #2 passed 10-point MCQ validator
  ✓ [Upper Limb - Brachial Plexus & Nerve Injuries] Question #3 passed 10-point MCQ validator
  ✓ [Upper Limb - Brachial Plexus & Nerve Injuries] Question #4 passed 10-point MCQ validator
  ✓ [Upper Limb - Brachial Plexus & Nerve Injuries] Question #5 passed 10-point MCQ validator
  ✓ [Upper Limb - Brachial Plexus & Nerve Injuries] Question #6 passed 10-point MCQ validator
  ✓ [Upper Limb - Brachial Plexus & Nerve Injuries] Question #7 passed 10-point MCQ validator
  ✓ [Upper Limb - Brachial Plexus & Nerve Injuries] Question #8 passed 10-point MCQ validator
  ✓ [Upper Limb - Brachial Plexus & Nerve Injuries] Question #9 passed 10-point MCQ validator
  ✓ [Upper Limb - Brachial Plexus & Nerve Injuries] Question #10 passed 10-point MCQ validator
  ✓ [Upper Limb - Brachial Plexus & Nerve Injuries] Generates 5 diverse queries
  ✓ [Upper Limb - Brachial Plexus & Nerve Injuries] Search queries do NOT just use raw literal topic string

--- Testing Topic: [Medicine -> Cardiology (ECG, MI, Arrhythmias, Heart Failure)] ---
  ✓ [Cardiology (ECG, MI, Arrhythmias, Heart Failure)] Context canonical name: Cardiology (ECG, MI, Arrhythmias, Heart Failure)
  ✓ [Cardiology (ECG, MI, Arrhythmias, Heart Failure)] Has 5 concept clusters
  ✓ [Cardiology (ECG, MI, Arrhythmias, Heart Failure)] Estimated marks: 4
  ✓ [Cardiology (ECG, MI, Arrhythmias, Heart Failure)] Has clinical concepts
  ✓ [Cardiology (ECG, MI, Arrhythmias, Heart Failure)] Has common exam traps
  ✓ [Cardiology (ECG, MI, Arrhythmias, Heart Failure)] Generates 4 slides (>=4)
  ✓ [Cardiology (ECG, MI, Arrhythmias, Heart Failure)] All slides contain structured bullets
  ✓ [Cardiology (ECG, MI, Arrhythmias, Heart Failure)] Contains exam takeaways / traps
  ✓ [Cardiology (ECG, MI, Arrhythmias, Heart Failure)] Generates 2 clinical cases (>=2)
  ✓ [Cardiology (ECG, MI, Arrhythmias, Heart Failure)] Case #1 has 4 options
  ✓ [Cardiology (ECG, MI, Arrhythmias, Heart Failure)] Case #1 valid correct letter (B)
  ✓ [Cardiology (ECG, MI, Arrhythmias, Heart Failure)] Case #1 has deep clinical explanation
  ✓ [Cardiology (ECG, MI, Arrhythmias, Heart Failure)] Case #1 has clinical exam pearl
  ✓ [Cardiology (ECG, MI, Arrhythmias, Heart Failure)] Case #2 has 4 options
  ✓ [Cardiology (ECG, MI, Arrhythmias, Heart Failure)] Case #2 valid correct letter (A)
  ✓ [Cardiology (ECG, MI, Arrhythmias, Heart Failure)] Case #2 has deep clinical explanation
  ✓ [Cardiology (ECG, MI, Arrhythmias, Heart Failure)] Case #2 has clinical exam pearl
  ✓ [Cardiology (ECG, MI, Arrhythmias, Heart Failure)] Generates 5 flashcards (>=5)
  ✓ [Cardiology (ECG, MI, Arrhythmias, Heart Failure)] All flashcards have rich front/back
  ✓ [Cardiology (ECG, MI, Arrhythmias, Heart Failure)] Generates 3 pearls (>=3)
  ✓ [Cardiology (ECG, MI, Arrhythmias, Heart Failure)] All pearls have substantive statements
[VisualEngine] Question: ibq-fmge_ibq_22-1788466584562 | Subject: medicine | Target: WPW syndrome ECG (Delta wave) | Matched: med:ecg_wpw_syndrome (score: 0.96)
[VisualEngine] Question: verified-medicine-med-1-1 | Subject: medicine | Target: inferior stemi with right ventricular involvement | Matched: med:ecg_inferior_stemi (score: 0.99)
[VisualEngine] Question: verified-medicine-med-1-2 | Subject: medicine | Target: complete third degree av block av dissociation | Matched: med:ecg_complete_heart_block (score: 0.99)
[VisualEngine] Question: verified-medicine-med-1-3 | Subject: medicine | Target: anterior stemi lad occlusion leads v1 v4 | Matched: med:ecg_anterior_stemi (score: 0.99)
[VisualEngine] Question: verified-medicine-med-1-4 | Subject: medicine | Target: wolff parkinson white wpw delta wave | Matched: cardio:wpw_syndrome_jpg (score: 0.99)
[VisualEngine] Question: verified-medicine-med-1-facet-6 | Subject: medicine | RequiresImage: false -> Text-only
[VisualEngine] Question: verified-medicine-med-1-facet-7 | Subject: medicine | RequiresImage: false -> Text-only
[VisualEngine] Question: verified-medicine-med-1-facet-8 | Subject: medicine | RequiresImage: false -> Text-only
[VisualEngine] Question: verified-medicine-med-1-facet-9 | Subject: medicine | RequiresImage: false -> Text-only
[VisualEngine] Question: verified-medicine-med-1-facet-10 | Subject: medicine | RequiresImage: false -> Text-only
  ✓ [Cardiology (ECG, MI, Arrhythmias, Heart Failure)] Generates exactly 10 questions
  ✓ [Cardiology (ECG, MI, Arrhythmias, Heart Failure)] Questions have randomized answer positions (C, A, D, B)
  ✓ [Cardiology (ECG, MI, Arrhythmias, Heart Failure)] Question #1 passed 10-point MCQ validator
  ✓ [Cardiology (ECG, MI, Arrhythmias, Heart Failure)] Question #2 passed 10-point MCQ validator
  ✓ [Cardiology (ECG, MI, Arrhythmias, Heart Failure)] Question #3 passed 10-point MCQ validator
  ✓ [Cardiology (ECG, MI, Arrhythmias, Heart Failure)] Question #4 passed 10-point MCQ validator
  ✓ [Cardiology (ECG, MI, Arrhythmias, Heart Failure)] Question #5 passed 10-point MCQ validator
  ✓ [Cardiology (ECG, MI, Arrhythmias, Heart Failure)] Question #6 passed 10-point MCQ validator
  ✓ [Cardiology (ECG, MI, Arrhythmias, Heart Failure)] Question #7 passed 10-point MCQ validator
  ✓ [Cardiology (ECG, MI, Arrhythmias, Heart Failure)] Question #8 passed 10-point MCQ validator
  ✓ [Cardiology (ECG, MI, Arrhythmias, Heart Failure)] Question #9 passed 10-point MCQ validator
  ✓ [Cardiology (ECG, MI, Arrhythmias, Heart Failure)] Question #10 passed 10-point MCQ validator
  ✓ [Cardiology (ECG, MI, Arrhythmias, Heart Failure)] Generates 5 diverse queries
  ✓ [Cardiology (ECG, MI, Arrhythmias, Heart Failure)] Search queries do NOT just use raw literal topic string

--- Testing Topic: [Medicine -> Acute Coronary Syndrome & STEMI] ---
  ✓ [Acute Coronary Syndrome & STEMI] Context canonical name: Cardiology - Acute Coronary Syndromes (ACS) & Heart Failure
  ✓ [Acute Coronary Syndrome & STEMI] Has 6 concept clusters
  ✓ [Acute Coronary Syndrome & STEMI] Estimated marks: 4
  ✓ [Acute Coronary Syndrome & STEMI] Has clinical concepts
  ✓ [Acute Coronary Syndrome & STEMI] Has common exam traps
  ✓ [Acute Coronary Syndrome & STEMI] Generates 4 slides (>=4)
  ✓ [Acute Coronary Syndrome & STEMI] All slides contain structured bullets
  ✓ [Acute Coronary Syndrome & STEMI] Contains exam takeaways / traps
  ✓ [Acute Coronary Syndrome & STEMI] Generates 2 clinical cases (>=2)
  ✓ [Acute Coronary Syndrome & STEMI] Case #1 has 4 options
  ✓ [Acute Coronary Syndrome & STEMI] Case #1 valid correct letter (B)
  ✓ [Acute Coronary Syndrome & STEMI] Case #1 has deep clinical explanation
  ✓ [Acute Coronary Syndrome & STEMI] Case #1 has clinical exam pearl
  ✓ [Acute Coronary Syndrome & STEMI] Case #2 has 4 options
  ✓ [Acute Coronary Syndrome & STEMI] Case #2 valid correct letter (D)
  ✓ [Acute Coronary Syndrome & STEMI] Case #2 has deep clinical explanation
  ✓ [Acute Coronary Syndrome & STEMI] Case #2 has clinical exam pearl
  ✓ [Acute Coronary Syndrome & STEMI] Generates 5 flashcards (>=5)
  ✓ [Acute Coronary Syndrome & STEMI] All flashcards have rich front/back
  ✓ [Acute Coronary Syndrome & STEMI] Generates 3 pearls (>=3)
  ✓ [Acute Coronary Syndrome & STEMI] All pearls have substantive statements
[VisualEngine] Question: verified-medicine-med-1-1 | Subject: medicine | Target: inferior stemi with right ventricular involvement | Matched: med:ecg_inferior_stemi (score: 0.99)
[VisualEngine] Question: verified-medicine-med-1-3 | Subject: medicine | Target: anterior stemi lad occlusion leads v1 v4 | Matched: med:ecg_anterior_stemi (score: 0.99)
[VisualEngine] Question: verified-medicine-med-1-2 | Subject: medicine | Target: complete third degree av block av dissociation | Matched: med:ecg_complete_heart_block (score: 0.99)
[VisualEngine] Question: verified-medicine-med-1-4 | Subject: medicine | Target: wolff parkinson white wpw delta wave | Matched: med:ecg_wpw_syndrome (score: 0.99)
[VisualEngine] Question: verified-medicine-med-1-facet-5 | Subject: medicine | RequiresImage: false -> Text-only
[VisualEngine] Question: verified-medicine-med-1-facet-6 | Subject: medicine | RequiresImage: false -> Text-only
[VisualEngine] Question: verified-medicine-med-1-facet-7 | Subject: medicine | RequiresImage: false -> Text-only
[VisualEngine] Question: verified-medicine-med-1-facet-8 | Subject: medicine | RequiresImage: false -> Text-only
[VisualEngine] Question: verified-medicine-med-1-facet-9 | Subject: medicine | RequiresImage: false -> Text-only
[VisualEngine] Question: verified-medicine-med-1-facet-10 | Subject: medicine | RequiresImage: false -> Text-only
  ✓ [Acute Coronary Syndrome & STEMI] Generates exactly 10 questions
  ✓ [Acute Coronary Syndrome & STEMI] Questions have randomized answer positions (C, D, A, B)
  ✓ [Acute Coronary Syndrome & STEMI] Question #1 passed 10-point MCQ validator
  ✓ [Acute Coronary Syndrome & STEMI] Question #2 passed 10-point MCQ validator
  ✓ [Acute Coronary Syndrome & STEMI] Question #4 passed 10-point MCQ validator
  ✓ [Acute Coronary Syndrome & STEMI] Question #5 passed 10-point MCQ validator
  ✓ [Acute Coronary Syndrome & STEMI] Question #6 passed 10-point MCQ validator
  ✓ [Acute Coronary Syndrome & STEMI] Question #7 passed 10-point MCQ validator
  ✓ [Acute Coronary Syndrome & STEMI] Question #8 passed 10-point MCQ validator
  ✓ [Acute Coronary Syndrome & STEMI] Question #9 passed 10-point MCQ validator
  ✓ [Acute Coronary Syndrome & STEMI] Question #10 passed 10-point MCQ validator
  ✓ [Acute Coronary Syndrome & STEMI] Generates 5 diverse queries
  ✓ [Acute Coronary Syndrome & STEMI] Search queries do NOT just use raw literal topic string

--- Testing Topic: [Pharmacology -> Autonomic Nervous System Drugs] ---
  ✓ [Autonomic Nervous System Drugs] Context canonical name: Autonomic Nervous System Drugs
  ✓ [Autonomic Nervous System Drugs] Has 5 concept clusters
  ✓ [Autonomic Nervous System Drugs] Estimated marks: 2
  ✓ [Autonomic Nervous System Drugs] Has clinical concepts
  ✓ [Autonomic Nervous System Drugs] Has common exam traps
  ✓ [Autonomic Nervous System Drugs] Generates 4 slides (>=4)
  ✓ [Autonomic Nervous System Drugs] All slides contain structured bullets
  ✓ [Autonomic Nervous System Drugs] Contains exam takeaways / traps
  ✓ [Autonomic Nervous System Drugs] Generates 2 clinical cases (>=2)
  ✓ [Autonomic Nervous System Drugs] Case #1 has 4 options
  ✓ [Autonomic Nervous System Drugs] Case #1 valid correct letter (D)
  ✓ [Autonomic Nervous System Drugs] Case #1 has deep clinical explanation
  ✓ [Autonomic Nervous System Drugs] Case #1 has clinical exam pearl
  ✓ [Autonomic Nervous System Drugs] Case #2 has 4 options
  ✓ [Autonomic Nervous System Drugs] Case #2 valid correct letter (A)
  ✓ [Autonomic Nervous System Drugs] Case #2 has deep clinical explanation
  ✓ [Autonomic Nervous System Drugs] Case #2 has clinical exam pearl
  ✓ [Autonomic Nervous System Drugs] Generates 5 flashcards (>=5)
  ✓ [Autonomic Nervous System Drugs] All flashcards have rich front/back
  ✓ [Autonomic Nervous System Drugs] Generates 3 pearls (>=3)
  ✓ [Autonomic Nervous System Drugs] All pearls have substantive statements
[VisualEngine] Question: verified-pharmacology-pharm-1-1 | Subject: pharmacology | Target: log dose response curve competitive antagonist | Matched: pharm:dose_response_competitive_antagonist (score: 0.99)
[VisualEngine] Question: verified-pharmacology-pharm-1-facet-2 | Subject: pharmacology | RequiresImage: false -> Text-only
[VisualEngine] Question: verified-pharmacology-pharm-1-facet-3 | Subject: pharmacology | RequiresImage: false -> Text-only
[VisualEngine] Question: verified-pharmacology-pharm-1-facet-4 | Subject: pharmacology | RequiresImage: false -> Text-only
[VisualEngine] Question: verified-pharmacology-pharm-1-facet-5 | Subject: pharmacology | RequiresImage: false -> Text-only
[VisualEngine] Question: verified-pharmacology-pharm-1-facet-6 | Subject: pharmacology | RequiresImage: false -> Text-only
[VisualEngine] Question: verified-pharmacology-pharm-1-facet-7 | Subject: pharmacology | RequiresImage: false -> Text-only
[VisualEngine] Question: verified-pharmacology-pharm-1-facet-8 | Subject: pharmacology | RequiresImage: false -> Text-only
[VisualEngine] Question: verified-pharmacology-pharm-1-facet-9 | Subject: pharmacology | RequiresImage: false -> Text-only
[VisualEngine] Question: verified-pharmacology-pharm-1-facet-10 | Subject: pharmacology | RequiresImage: false -> Text-only
  ✓ [Autonomic Nervous System Drugs] Generates exactly 10 questions
  ✓ [Autonomic Nervous System Drugs] Questions have randomized answer positions (B, D, A, C)
  ✓ [Autonomic Nervous System Drugs] Question #1 passed 10-point MCQ validator
  ✓ [Autonomic Nervous System Drugs] Question #2 passed 10-point MCQ validator
  ✓ [Autonomic Nervous System Drugs] Question #3 passed 10-point MCQ validator
  ✓ [Autonomic Nervous System Drugs] Question #4 passed 10-point MCQ validator
  ✓ [Autonomic Nervous System Drugs] Question #5 passed 10-point MCQ validator
  ✓ [Autonomic Nervous System Drugs] Question #6 passed 10-point MCQ validator
  ✓ [Autonomic Nervous System Drugs] Question #7 passed 10-point MCQ validator
  ✓ [Autonomic Nervous System Drugs] Question #8 passed 10-point MCQ validator
  ✓ [Autonomic Nervous System Drugs] Question #9 passed 10-point MCQ validator
  ✓ [Autonomic Nervous System Drugs] Question #10 passed 10-point MCQ validator
  ✓ [Autonomic Nervous System Drugs] Generates 5 diverse queries
  ✓ [Autonomic Nervous System Drugs] Search queries do NOT just use raw literal topic string

--- Testing Topic: [Pathology -> Neoplasia - Hallmarks, Oncogenes & Tumor Markers] ---
  ✓ [Neoplasia - Hallmarks, Oncogenes & Tumor Markers] Context canonical name: Neoplasia - Hallmarks, Oncogenes & Tumor Markers
  ✓ [Neoplasia - Hallmarks, Oncogenes & Tumor Markers] Has 5 concept clusters
  ✓ [Neoplasia - Hallmarks, Oncogenes & Tumor Markers] Estimated marks: 2
  ✓ [Neoplasia - Hallmarks, Oncogenes & Tumor Markers] Has clinical concepts
  ✓ [Neoplasia - Hallmarks, Oncogenes & Tumor Markers] Has common exam traps
  ✓ [Neoplasia - Hallmarks, Oncogenes & Tumor Markers] Generates 4 slides (>=4)
  ✓ [Neoplasia - Hallmarks, Oncogenes & Tumor Markers] All slides contain structured bullets
  ✓ [Neoplasia - Hallmarks, Oncogenes & Tumor Markers] Contains exam takeaways / traps
  ✓ [Neoplasia - Hallmarks, Oncogenes & Tumor Markers] Generates 2 clinical cases (>=2)
  ✓ [Neoplasia - Hallmarks, Oncogenes & Tumor Markers] Case #1 has 4 options
  ✓ [Neoplasia - Hallmarks, Oncogenes & Tumor Markers] Case #1 valid correct letter (C)
  ✓ [Neoplasia - Hallmarks, Oncogenes & Tumor Markers] Case #1 has deep clinical explanation
  ✓ [Neoplasia - Hallmarks, Oncogenes & Tumor Markers] Case #1 has clinical exam pearl
  ✓ [Neoplasia - Hallmarks, Oncogenes & Tumor Markers] Case #2 has 4 options
  ✓ [Neoplasia - Hallmarks, Oncogenes & Tumor Markers] Case #2 valid correct letter (C)
  ✓ [Neoplasia - Hallmarks, Oncogenes & Tumor Markers] Case #2 has deep clinical explanation
  ✓ [Neoplasia - Hallmarks, Oncogenes & Tumor Markers] Case #2 has clinical exam pearl
  ✓ [Neoplasia - Hallmarks, Oncogenes & Tumor Markers] Generates 10 flashcards (>=5)
  ✓ [Neoplasia - Hallmarks, Oncogenes & Tumor Markers] All flashcards have rich front/back
  ✓ [Neoplasia - Hallmarks, Oncogenes & Tumor Markers] Generates 3 pearls (>=3)
  ✓ [Neoplasia - Hallmarks, Oncogenes & Tumor Markers] All pearls have substantive statements
[VisualEngine] Question: verified-pathology-path-4-1 | Subject: pathology | Target: reed sternberg cell classical hodgkin lymphoma | Matched: path:reed_sternberg_hodgkin (score: 0.99)
[VisualEngine] Question: verified-pathology-path-4-2 | Subject: pathology | Target: minimal change disease electron microscopy podocyte effacement | Matched: path:minimal_change_electron_microscopy (score: 0.99)
[VisualEngine] Question: verified-pathology-path-4-facet-3 | Subject: pathology | RequiresImage: false -> Text-only
[VisualEngine] Question: verified-pathology-path-4-facet-4 | Subject: pathology | RequiresImage: false -> Text-only
[VisualEngine] Question: verified-pathology-path-4-facet-5 | Subject: pathology | RequiresImage: false -> Text-only
[VisualEngine] Question: verified-pathology-path-4-facet-6 | Subject: pathology | RequiresImage: false -> Text-only
[VisualEngine] Question: verified-pathology-path-4-facet-7 | Subject: pathology | RequiresImage: false -> Text-only
[VisualEngine] Question: verified-pathology-path-4-facet-8 | Subject: pathology | RequiresImage: false -> Text-only
[VisualEngine] Question: verified-pathology-path-4-facet-9 | Subject: pathology | RequiresImage: false -> Text-only
[VisualEngine] Question: verified-pathology-path-4-facet-10 | Subject: pathology | RequiresImage: false -> Text-only
  ✓ [Neoplasia - Hallmarks, Oncogenes & Tumor Markers] Generates exactly 10 questions
  ✓ [Neoplasia - Hallmarks, Oncogenes & Tumor Markers] Questions have randomized answer positions (D, B, A, C)
  ✓ [Neoplasia - Hallmarks, Oncogenes & Tumor Markers] Question #1 passed 10-point MCQ validator
  ✓ [Neoplasia - Hallmarks, Oncogenes & Tumor Markers] Question #2 passed 10-point MCQ validator
  ✓ [Neoplasia - Hallmarks, Oncogenes & Tumor Markers] Question #3 passed 10-point MCQ validator
  ✓ [Neoplasia - Hallmarks, Oncogenes & Tumor Markers] Question #4 passed 10-point MCQ validator
  ✓ [Neoplasia - Hallmarks, Oncogenes & Tumor Markers] Question #5 passed 10-point MCQ validator
  ✓ [Neoplasia - Hallmarks, Oncogenes & Tumor Markers] Question #6 passed 10-point MCQ validator
  ✓ [Neoplasia - Hallmarks, Oncogenes & Tumor Markers] Question #7 passed 10-point MCQ validator
  ✓ [Neoplasia - Hallmarks, Oncogenes & Tumor Markers] Question #8 passed 10-point MCQ validator
  ✓ [Neoplasia - Hallmarks, Oncogenes & Tumor Markers] Question #9 passed 10-point MCQ validator
  ✓ [Neoplasia - Hallmarks, Oncogenes & Tumor Markers] Question #10 passed 10-point MCQ validator
  ✓ [Neoplasia - Hallmarks, Oncogenes & Tumor Markers] Generates 5 diverse queries
  ✓ [Neoplasia - Hallmarks, Oncogenes & Tumor Markers] Search queries do NOT just use raw literal topic string

--- Testing Topic: [Obstetrics & Gynecology -> Pre-eclampsia, Eclampsia & MgSO4 Pritchard Regimen] ---
  ✓ [Pre-eclampsia, Eclampsia & MgSO4 Pritchard Regimen] Context canonical name: Pre-eclampsia, Eclampsia & MgSO4 Pritchard Regimen
  ✓ [Pre-eclampsia, Eclampsia & MgSO4 Pritchard Regimen] Has 5 concept clusters
  ✓ [Pre-eclampsia, Eclampsia & MgSO4 Pritchard Regimen] Estimated marks: 4
  ✓ [Pre-eclampsia, Eclampsia & MgSO4 Pritchard Regimen] Has clinical concepts
  ✓ [Pre-eclampsia, Eclampsia & MgSO4 Pritchard Regimen] Has common exam traps
  ✓ [Pre-eclampsia, Eclampsia & MgSO4 Pritchard Regimen] Generates 4 slides (>=4)
  ✓ [Pre-eclampsia, Eclampsia & MgSO4 Pritchard Regimen] All slides contain structured bullets
  ✓ [Pre-eclampsia, Eclampsia & MgSO4 Pritchard Regimen] Contains exam takeaways / traps
  ✓ [Pre-eclampsia, Eclampsia & MgSO4 Pritchard Regimen] Generates 2 clinical cases (>=2)
  ✓ [Pre-eclampsia, Eclampsia & MgSO4 Pritchard Regimen] Case #1 has 4 options
  ✓ [Pre-eclampsia, Eclampsia & MgSO4 Pritchard Regimen] Case #1 valid correct letter (B)
  ✓ [Pre-eclampsia, Eclampsia & MgSO4 Pritchard Regimen] Case #1 has deep clinical explanation
  ✓ [Pre-eclampsia, Eclampsia & MgSO4 Pritchard Regimen] Case #1 has clinical exam pearl
  ✓ [Pre-eclampsia, Eclampsia & MgSO4 Pritchard Regimen] Case #2 has 4 options
  ✓ [Pre-eclampsia, Eclampsia & MgSO4 Pritchard Regimen] Case #2 valid correct letter (C)
  ✓ [Pre-eclampsia, Eclampsia & MgSO4 Pritchard Regimen] Case #2 has deep clinical explanation
  ✓ [Pre-eclampsia, Eclampsia & MgSO4 Pritchard Regimen] Case #2 has clinical exam pearl
  ✓ [Pre-eclampsia, Eclampsia & MgSO4 Pritchard Regimen] Generates 5 flashcards (>=5)
  ✓ [Pre-eclampsia, Eclampsia & MgSO4 Pritchard Regimen] All flashcards have rich front/back
  ✓ [Pre-eclampsia, Eclampsia & MgSO4 Pritchard Regimen] Generates 3 pearls (>=3)
  ✓ [Pre-eclampsia, Eclampsia & MgSO4 Pritchard Regimen] All pearls have substantive statements
[VisualEngine] Question: verified-obg-obg-2-facet-1 | Subject: obg | RequiresImage: false -> Text-only
[VisualEngine] Question: verified-obg-obg-2-facet-2 | Subject: obg | RequiresImage: false -> Text-only
[VisualEngine] Question: verified-obg-obg-2-facet-3 | Subject: obg | RequiresImage: false -> Text-only
[VisualEngine] Question: verified-obg-obg-2-facet-4 | Subject: obg | RequiresImage: false -> Text-only
[VisualEngine] Question: verified-obg-obg-2-facet-5 | Subject: obg | RequiresImage: false -> Text-only
[VisualEngine] Question: verified-obg-obg-2-facet-6 | Subject: obg | RequiresImage: false -> Text-only
[VisualEngine] Question: verified-obg-obg-2-facet-7 | Subject: obg | RequiresImage: false -> Text-only
[VisualEngine] Question: verified-obg-obg-2-facet-8 | Subject: obg | RequiresImage: false -> Text-only
[VisualEngine] Question: verified-obg-obg-2-facet-9 | Subject: obg | RequiresImage: false -> Text-only
[VisualEngine] Question: verified-obg-obg-2-facet-10 | Subject: obg | RequiresImage: false -> Text-only
  ✓ [Pre-eclampsia, Eclampsia & MgSO4 Pritchard Regimen] Generates exactly 10 questions
  ✓ [Pre-eclampsia, Eclampsia & MgSO4 Pritchard Regimen] Questions have randomized answer positions (A, D, B)
  ✓ [Pre-eclampsia, Eclampsia & MgSO4 Pritchard Regimen] Question #1 passed 10-point MCQ validator
  ✓ [Pre-eclampsia, Eclampsia & MgSO4 Pritchard Regimen] Question #2 passed 10-point MCQ validator
  ✓ [Pre-eclampsia, Eclampsia & MgSO4 Pritchard Regimen] Question #3 passed 10-point MCQ validator
  ✓ [Pre-eclampsia, Eclampsia & MgSO4 Pritchard Regimen] Question #4 passed 10-point MCQ validator
  ✓ [Pre-eclampsia, Eclampsia & MgSO4 Pritchard Regimen] Question #5 passed 10-point MCQ validator
  ✓ [Pre-eclampsia, Eclampsia & MgSO4 Pritchard Regimen] Question #6 passed 10-point MCQ validator
  ✓ [Pre-eclampsia, Eclampsia & MgSO4 Pritchard Regimen] Question #7 passed 10-point MCQ validator
  ✓ [Pre-eclampsia, Eclampsia & MgSO4 Pritchard Regimen] Question #8 passed 10-point MCQ validator
  ✓ [Pre-eclampsia, Eclampsia & MgSO4 Pritchard Regimen] Question #9 passed 10-point MCQ validator
  ✓ [Pre-eclampsia, Eclampsia & MgSO4 Pritchard Regimen] Question #10 passed 10-point MCQ validator
  ✓ [Pre-eclampsia, Eclampsia & MgSO4 Pritchard Regimen] Generates 5 diverse queries
  ✓ [Pre-eclampsia, Eclampsia & MgSO4 Pritchard Regimen] Search queries do NOT just use raw literal topic string

--- Testing Topic: [PSM & Biostatistics -> Vaccine Storage & Cold Chain Management] ---
  ✓ [Vaccine Storage & Cold Chain Management] Context canonical name: Vaccine Storage & Cold Chain Management
  ✓ [Vaccine Storage & Cold Chain Management] Has 5 concept clusters
  ✓ [Vaccine Storage & Cold Chain Management] Estimated marks: 4
  ✓ [Vaccine Storage & Cold Chain Management] Has clinical concepts
  ✓ [Vaccine Storage & Cold Chain Management] Has common exam traps
  ✓ [Vaccine Storage & Cold Chain Management] Generates 4 slides (>=4)
  ✓ [Vaccine Storage & Cold Chain Management] All slides contain structured bullets
  ✓ [Vaccine Storage & Cold Chain Management] Contains exam takeaways / traps
  ✓ [Vaccine Storage & Cold Chain Management] Generates 2 clinical cases (>=2)
  ✓ [Vaccine Storage & Cold Chain Management] Case #1 has 4 options
  ✓ [Vaccine Storage & Cold Chain Management] Case #1 valid correct letter (A)
  ✓ [Vaccine Storage & Cold Chain Management] Case #1 has deep clinical explanation
  ✓ [Vaccine Storage & Cold Chain Management] Case #1 has clinical exam pearl
  ✓ [Vaccine Storage & Cold Chain Management] Case #2 has 4 options
  ✓ [Vaccine Storage & Cold Chain Management] Case #2 valid correct letter (A)
  ✓ [Vaccine Storage & Cold Chain Management] Case #2 has deep clinical explanation
  ✓ [Vaccine Storage & Cold Chain Management] Case #2 has clinical exam pearl
  ✓ [Vaccine Storage & Cold Chain Management] All flashcards have rich front/back
  ✓ [Vaccine Storage & Cold Chain Management] Generates 3 pearls (>=3)
  ✓ [Vaccine Storage & Cold Chain Management] All pearls have substantive statements
[VisualEngine] Question: verified-psm-psm-2-facet-1 | Subject: psm | RequiresImage: false -> Text-only
[VisualEngine] Question: verified-psm-psm-2-facet-2 | Subject: psm | RequiresImage: false -> Text-only
[VisualEngine] Question: verified-psm-psm-2-facet-3 | Subject: psm | RequiresImage: false -> Text-only
[VisualEngine] Question: verified-psm-psm-2-facet-4 | Subject: psm | RequiresImage: false -> Text-only
[VisualEngine] Question: verified-psm-psm-2-facet-5 | Subject: psm | RequiresImage: false -> Text-only
[VisualEngine] Question: verified-psm-psm-2-facet-6 | Subject: psm | RequiresImage: false -> Text-only
[VisualEngine] Question: verified-psm-psm-2-facet-7 | Subject: psm | RequiresImage: false -> Text-only
[VisualEngine] Question: verified-psm-psm-2-facet-8 | Subject: psm | RequiresImage: false -> Text-only
[VisualEngine] Question: verified-psm-psm-2-facet-9 | Subject: psm | RequiresImage: false -> Text-only
[VisualEngine] Question: verified-psm-psm-2-facet-10 | Subject: psm | RequiresImage: false -> Text-only
  ✓ [Vaccine Storage & Cold Chain Management] Generates exactly 10 questions
  ✓ [Vaccine Storage & Cold Chain Management] Questions have randomized answer positions (A, D, B)
  ✓ [Vaccine Storage & Cold Chain Management] Question #1 passed 10-point MCQ validator
  ✓ [Vaccine Storage & Cold Chain Management] Question #2 passed 10-point MCQ validator
  ✓ [Vaccine Storage & Cold Chain Management] Question #3 passed 10-point MCQ validator
  ✓ [Vaccine Storage & Cold Chain Management] Question #4 passed 10-point MCQ validator
  ✓ [Vaccine Storage & Cold Chain Management] Question #5 passed 10-point MCQ validator
  ✓ [Vaccine Storage & Cold Chain Management] Question #6 passed 10-point MCQ validator
  ✓ [Vaccine Storage & Cold Chain Management] Question #7 passed 10-point MCQ validator
  ✓ [Vaccine Storage & Cold Chain Management] Question #8 passed 10-point MCQ validator
  ✓ [Vaccine Storage & Cold Chain Management] Question #9 passed 10-point MCQ validator
  ✓ [Vaccine Storage & Cold Chain Management] Question #10 passed 10-point MCQ validator
  ✓ [Vaccine Storage & Cold Chain Management] Generates 5 diverse queries
  ✓ [Vaccine Storage & Cold Chain Management] Search queries do NOT just use raw literal topic string

--- Testing Topic: [General Surgery -> Burns - Parkland Formula & Resuscitation] ---
  ✓ [Burns - Parkland Formula & Resuscitation] Context canonical name: Burns - Parkland Formula & Resuscitation
  ✓ [Burns - Parkland Formula & Resuscitation] Has 5 concept clusters
  ✓ [Burns - Parkland Formula & Resuscitation] Estimated marks: 5
  ✓ [Burns - Parkland Formula & Resuscitation] Has clinical concepts
  ✓ [Burns - Parkland Formula & Resuscitation] Has common exam traps
  ✓ [Burns - Parkland Formula & Resuscitation] Generates 4 slides (>=4)
  ✓ [Burns - Parkland Formula & Resuscitation] All slides contain structured bullets
  ✓ [Burns - Parkland Formula & Resuscitation] Contains exam takeaways / traps
  ✓ [Burns - Parkland Formula & Resuscitation] Generates 2 clinical cases (>=2)
  ✓ [Burns - Parkland Formula & Resuscitation] Case #1 has 4 options
  ✓ [Burns - Parkland Formula & Resuscitation] Case #1 valid correct letter (D)
  ✓ [Burns - Parkland Formula & Resuscitation] Case #1 has deep clinical explanation
  ✓ [Burns - Parkland Formula & Resuscitation] Case #1 has clinical exam pearl
  ✓ [Burns - Parkland Formula & Resuscitation] Case #2 has 4 options
  ✓ [Burns - Parkland Formula & Resuscitation] Case #2 valid correct letter (D)
  ✓ [Burns - Parkland Formula & Resuscitation] Case #2 has deep clinical explanation
  ✓ [Burns - Parkland Formula & Resuscitation] Case #2 has clinical exam pearl
  ✓ [Burns - Parkland Formula & Resuscitation] Generates 5 flashcards (>=5)
  ✓ [Burns - Parkland Formula & Resuscitation] All flashcards have rich front/back
  ✓ [Burns - Parkland Formula & Resuscitation] Generates 3 pearls (>=3)
  ✓ [Burns - Parkland Formula & Resuscitation] All pearls have substantive statements
  ✗ FAIL: [Acute Coronary Syndrome & STEMI] Question #3 passed 10-point MCQ validator
  ✗ FAIL: [Vaccine Storage & Cold Chain Management] Generates 3 flashcards (>=5)
[VisualEngine] Question: verified-surgery-surg-1-facet-1 | Subject: surgery | RequiresImage: false -> Text-only
[VisualEngine] Question: verified-surgery-surg-1-facet-2 | Subject: surgery | RequiresImage: false -> Text-only
[VisualEngine] Question: verified-surgery-surg-1-facet-3 | Subject: surgery | RequiresImage: false -> Text-only
[VisualEngine] Question: verified-surgery-surg-1-facet-4 | Subject: surgery | RequiresImage: false -> Text-only
[VisualEngine] Question: verified-surgery-surg-1-facet-5 | Subject: surgery | RequiresImage: false -> Text-only
[VisualEngine] Question: verified-surgery-surg-1-facet-6 | Subject: surgery | RequiresImage: false -> Text-only
[VisualEngine] Question: verified-surgery-surg-1-facet-7 | Subject: surgery | RequiresImage: false -> Text-only
[VisualEngine] Question: verified-surgery-surg-1-facet-8 | Subject: surgery | RequiresImage: false -> Text-only
[VisualEngine] Question: verified-surgery-surg-1-facet-9 | Subject: surgery | RequiresImage: false -> Text-only
[VisualEngine] Question: verified-surgery-surg-1-facet-10 | Subject: surgery | RequiresImage: false -> Text-only
  ✓ [Burns - Parkland Formula & Resuscitation] Generates exactly 10 questions
  ✓ [Burns - Parkland Formula & Resuscitation] Questions have randomized answer positions (A, B, D, C)
  ✓ [Burns - Parkland Formula & Resuscitation] Question #1 passed 10-point MCQ validator
  ✓ [Burns - Parkland Formula & Resuscitation] Question #2 passed 10-point MCQ validator
  ✓ [Burns - Parkland Formula & Resuscitation] Question #3 passed 10-point MCQ validator
  ✓ [Burns - Parkland Formula & Resuscitation] Question #4 passed 10-point MCQ validator
  ✓ [Burns - Parkland Formula & Resuscitation] Question #5 passed 10-point MCQ validator
  ✓ [Burns - Parkland Formula & Resuscitation] Question #6 passed 10-point MCQ validator
  ✓ [Burns - Parkland Formula & Resuscitation] Question #7 passed 10-point MCQ validator
  ✓ [Burns - Parkland Formula & Resuscitation] Question #8 passed 10-point MCQ validator
  ✓ [Burns - Parkland Formula & Resuscitation] Question #9 passed 10-point MCQ validator
  ✓ [Burns - Parkland Formula & Resuscitation] Question #10 passed 10-point MCQ validator
  ✓ [Burns - Parkland Formula & Resuscitation] Generates 5 diverse queries
  ✓ [Burns - Parkland Formula & Resuscitation] Search queries do NOT just use raw literal topic string

--- 8. Testing Topic Content Isolation & No Data Leakage ---
  ✓ Knee cases contain knee concepts
  ✓ Knee cases do NOT leak mediastinum concepts
  ✓ Mediastinum cases contain thorax concepts
  ✓ Mediastinum cases do NOT leak knee concepts

================================================
ALL TOPIC LEARNING TESTS COMPLETED: 360 passed, 2 failed.
================================================
✖ src/utils/__tests__/completeTopicLearningPackage.test.ts (265.341416ms)
================================================================
       TEST SUITE: START MY DAY · DAILY MISSION SYSTEM         
================================================================

--- TEST 1: 30-Minute Time Budget ---
  ✓ Mission budget set to 30 min
  ✓ Total allocated time fits budget (actual: 35m)
  ✓ Appropriate task count (actual: 2)
  ✓ Task "Cardiology - ECGs (STEMI, Arrhythmias, Heart Blocks, WPW)" has actionLabel: "Master This Topic"
  ✓ Task has clear reason: "Very High FMGE Weight (~35M) + Core syllabus topic currently unattempted + critical for final exam conditioning window"
  ✓ Task "Cardiology - Acute Coronary Syndromes (ACS) & Heart Failure" has actionLabel: "Master Flashcards"
  ✓ Task has clear reason: "Very High FMGE Weight (~35M) + Core syllabus topic currently unattempted + critical for final exam conditioning window"

--- TEST 2: 1-Hour Time Budget ---
  ✓ Mission budget set to 60 min
  ✓ Total allocated time fits 1h budget (actual: 65m)
  ✓ Allocated at least 2 tasks (actual: 3)

--- TEST 3: 2-Hour Time Budget (Default) ---
  ✓ Mission budget set to 120 min
  ✓ Total allocated time fits 2h budget (actual: 125m)
  ✓ Allocated multi-step mission (actual: 5 tasks)

--- TEST 4: 4-Hour Time Budget ---
  ✓ Mission budget set to 240 min
  ✓ Total allocated time fits 4h budget (actual: 245m)
  ✓ Deep comprehensive study mission (actual: 9 tasks)

--- TEST 5: Cold-Start / No Performance Data User ---
  ✓ Constructs mission using FMGE importance and syllabus coverage
  ✓ First task is High-Yield core topic
  ✓ Appropriate discovery task assigned (MASTER_TOPIC)

--- TEST 6: User with Repeated Errors ---
  ✓ Pharmacology Autonomic Drugs included in mission
  ✓ Task type is REVIEW_ERROR_VAULT (actual: REVIEW_ERROR_VAULT)
  ✓ Action label targets error remediation ("Review 1 Errors")

--- TEST 7: User with Overdue Spaced Revisions ---
  ✓ Overdue OBG topic included in mission
  ✓ Task type triggers revision or master topic (actual: REVISION)

--- TEST 8: Topic Deduplication & Coherence ---
  ✓ All mission tasks have distinct, non-duplicate topics

--- TEST 9: Task Completion & Study Log Update ---
  ✓ Task marked as completed
  ✓ Completed task count incremented
  ✓ Today study log exists
  ✓ Study minutes recorded in daily log
  ✓ Full mission marked completed when all tasks complete
  ✓ Daily summary calculated time spent (65m)
  ✓ Summary counts 3 topics improved

--- TEST 10: Study Streak Calculation ---
  ✓ Calculated consecutive study streak correctly (3 days)

================================================================
 ALL DAILY MISSION TESTS COMPLETED: 33 passed, 0 failed.
================================================================

✔ src/utils/__tests__/dailyMissionEngine.test.ts (111.498333ms)
================================================================
         DATA INTEGRITY AUDIT: FMGE STUDY TRACKER ENGINE        
================================================================

--- 1. FMGE Subject Validation & Official 300 Marks Blueprint ---
  ✓ Exact 19 FMGE subjects found (actual: 19)
  ✓ All 19 official NBE FMGE subjects are present
  ✓ Zero non-medical / prototype placeholder subjects exist
  ✓ Sum of all subject weightages strictly equals 300 Marks (actual: 300)
  ✓ Mega-4 High-Yield Subjects (Medicine 35 + Surgery 35 + OBG 30 + PSM 30) = 130 Marks (actual: 130)

--- 2. Topic Validation & Hierarchy Integrity ---
  ✓ Total topics in hierarchy: 200
  ✓ Zero duplicated topic IDs across entire syllabus (duplicates: 0)
  ✓ All topics possess valid IDs, names, and boolean highYield tags

--- 3. Clean Fresh User State Verification ---
  ✓ Fresh user starts with 0 MCQ attempts
  ✓ Fresh user starts with 0 Error Vault entries
  ✓ Fresh user starts with 0 Grand Test mocks
  ✓ Fresh user starts with 0 completed missions
  ✓ Calculated total attempts is 0
  ✓ Calculated overall accuracy is 0%
  ✓ Adaptive Priority calculated for all topics
  ✓ All topics have exactly 0% mastery on fresh clean profile
  ✓ Top cold-start priority belongs to high-weightage subject (General Medicine -> Cardiology - ECGs (STEMI, Arrhythmias, Heart Blocks, WPW))

--- 4. MCQ Engine: Answer Balance (A/B/C/D) & Topic Isolation ---
[VisualEngine] Question: verified-anatomy-anat-1-1 | Subject: anatomy | Target: brachial plexus upper trunk | Matched: anat:brachial_plexus_c5_c6 (score: 0.99)
[VisualEngine] Question: verified-anatomy-anat-1-2 | Subject: anatomy | Target: klumpke total claw hand | Matched: anat:klumpke_claw_hand (score: 0.99)
[VisualEngine] Question: verified-anatomy-anat-1-3 | Subject: anatomy | RequiresImage: false -> Text-only
[VisualEngine] Question: verified-anatomy-anat-1-4 | Subject: anatomy | RequiresImage: false -> Text-only
[VisualEngine] Question: verified-anatomy-anat-1-5 | Subject: anatomy | RequiresImage: false -> Text-only
[VisualEngine] Question: verified-anatomy-anat-1-6 | Subject: anatomy | RequiresImage: false -> Text-only
[VisualEngine] Question: verified-anatomy-anat-1-facet-7 | Subject: anatomy | RequiresImage: false -> Text-only
[VisualEngine] Question: verified-anatomy-anat-1-facet-8 | Subject: anatomy | RequiresImage: false -> Text-only
[VisualEngine] Question: verified-anatomy-anat-1-facet-9 | Subject: anatomy | RequiresImage: false -> Text-only
[VisualEngine] Question: verified-anatomy-anat-1-facet-10 | Subject: anatomy | RequiresImage: false -> Text-only
  ✓ Anatomy generated 10 verified questions
[VisualEngine] Question: verified-physiology-phys-1-1 | Subject: physiology | Target: ventricular cardiac action potential phase 0 | Matched: physio:cardiac_action_potential (score: 0.99)
[VisualEngine] Question: verified-physiology-phys-1-2 | Subject: physiology | Target: na k atpase primary active transport pump | Matched: physio:na_k_atpase_membrane (score: 0.99)
[VisualEngine] Question: verified-physiology-phys-1-3 | Subject: physiology | Target: total body water fluid compartments indicator dilution | Matched: physio:body_fluid_compartments (score: 0.99)
[VisualEngine] Question: verified-physiology-phys-1-facet-4 | Subject: physiology | RequiresImage: false -> Text-only
[VisualEngine] Question: verified-physiology-phys-1-facet-5 | Subject: physiology | RequiresImage: false -> Text-only
[VisualEngine] Question: verified-physiology-phys-1-facet-6 | Subject: physiology | RequiresImage: false -> Text-only
[VisualEngine] Question: verified-physiology-phys-1-facet-7 | Subject: physiology | RequiresImage: false -> Text-only
[VisualEngine] Question: verified-physiology-phys-1-facet-8 | Subject: physiology | RequiresImage: false -> Text-only
[VisualEngine] Question: verified-physiology-phys-1-facet-9 | Subject: physiology | RequiresImage: false -> Text-only
[VisualEngine] Question: verified-physiology-phys-1-facet-10 | Subject: physiology | RequiresImage: false -> Text-only
  ✓ Physiology generated 10 verified questions
[VisualEngine] Question: verified-biochemistry-bio-1-facet-1 | Subject: biochemistry | RequiresImage: false -> Text-only
[VisualEngine] Question: verified-biochemistry-bio-1-facet-2 | Subject: biochemistry | RequiresImage: false -> Text-only
[VisualEngine] Question: verified-biochemistry-bio-1-facet-3 | Subject: biochemistry | RequiresImage: false -> Text-only
[VisualEngine] Question: verified-biochemistry-bio-1-facet-4 | Subject: biochemistry | RequiresImage: false -> Text-only
[VisualEngine] Question: verified-biochemistry-bio-1-facet-5 | Subject: biochemistry | RequiresImage: false -> Text-only
[VisualEngine] Question: verified-biochemistry-bio-1-facet-6 | Subject: biochemistry | RequiresImage: false -> Text-only
[VisualEngine] Question: verified-biochemistry-bio-1-facet-7 | Subject: biochemistry | RequiresImage: false -> Text-only
[VisualEngine] Question: verified-biochemistry-bio-1-facet-8 | Subject: biochemistry | RequiresImage: false -> Text-only
[VisualEngine] Question: verified-biochemistry-bio-1-facet-9 | Subject: biochemistry | RequiresImage: false -> Text-only
[VisualEngine] Question: verified-biochemistry-bio-1-facet-10 | Subject: biochemistry | RequiresImage: false -> Text-only
  ✓ Biochemistry generated 10 verified questions
[VisualEngine] Question: ibq-fmge_ibq_1-1788466584504 | Subject: pathology | Target: Reed-Sternberg cells (Hodgkin Lymphoma) | Matched: path:reed_sternberg_hodgkin (score: 0.96)
[VisualEngine] Question: verified-pathology-path-1-facet-2 | Subject: pathology | RequiresImage: false -> Text-only
[VisualEngine] Question: verified-pathology-path-1-facet-3 | Subject: pathology | RequiresImage: false -> Text-only
[VisualEngine] Question: verified-pathology-path-1-facet-4 | Subject: pathology | RequiresImage: false -> Text-only
[VisualEngine] Question: verified-pathology-path-1-facet-5 | Subject: pathology | RequiresImage: false -> Text-only
[VisualEngine] Question: verified-pathology-path-1-facet-6 | Subject: pathology | RequiresImage: false -> Text-only
[VisualEngine] Question: verified-pathology-path-1-facet-7 | Subject: pathology | RequiresImage: false -> Text-only
[VisualEngine] Question: verified-pathology-path-1-facet-8 | Subject: pathology | RequiresImage: false -> Text-only
[VisualEngine] Question: verified-pathology-path-1-facet-9 | Subject: pathology | RequiresImage: false -> Text-only
[VisualEngine] Question: verified-pathology-path-1-facet-10 | Subject: pathology | RequiresImage: false -> Text-only
  ✓ Pathology generated 10 verified questions
[VisualEngine] Question: verified-pharmacology-pharm-1-1 | Subject: pharmacology | Target: log dose response curve competitive antagonist | Matched: pharm:dose_response_competitive_antagonist (score: 0.99)
[VisualEngine] Question: verified-pharmacology-pharm-1-facet-2 | Subject: pharmacology | RequiresImage: false -> Text-only
[VisualEngine] Question: verified-pharmacology-pharm-1-facet-3 | Subject: pharmacology | RequiresImage: false -> Text-only
[VisualEngine] Question: verified-pharmacology-pharm-1-facet-4 | Subject: pharmacology | RequiresImage: false -> Text-only
[VisualEngine] Question: verified-pharmacology-pharm-1-facet-5 | Subject: pharmacology | RequiresImage: false -> Text-only
[VisualEngine] Question: verified-pharmacology-pharm-1-facet-6 | Subject: pharmacology | RequiresImage: false -> Text-only
[VisualEngine] Question: verified-pharmacology-pharm-1-facet-7 | Subject: pharmacology | RequiresImage: false -> Text-only
[VisualEngine] Question: verified-pharmacology-pharm-1-facet-8 | Subject: pharmacology | RequiresImage: false -> Text-only
[VisualEngine] Question: verified-pharmacology-pharm-1-facet-9 | Subject: pharmacology | RequiresImage: false -> Text-only
[VisualEngine] Question: verified-pharmacology-pharm-1-facet-10 | Subject: pharmacology | RequiresImage: false -> Text-only
  ✓ Pharmacology generated 10 verified questions
[VisualEngine] Question: verified-microbiology-micro-1-1 | Subject: microbiology | Target: acid fast bacilli ziehl neelsen mycobacterium tuberculosis | Matched: micro:acid_fast_mycobacterium_tb (score: 0.99)
[VisualEngine] Question: verified-microbiology-micro-1-2 | Subject: microbiology | Target: streptococcus pneumoniae gram stain lancet diplococci | Matched: micro:strep_pneumoniae_gram_stain (score: 0.99)
[VisualEngine] Question: verified-microbiology-micro-1-facet-3 | Subject: microbiology | RequiresImage: false -> Text-only
[VisualEngine] Question: verified-microbiology-micro-1-facet-4 | Subject: microbiology | RequiresImage: false -> Text-only
[VisualEngine] Question: verified-microbiology-micro-1-facet-5 | Subject: microbiology | RequiresImage: false -> Text-only
[VisualEngine] Question: verified-microbiology-micro-1-facet-6 | Subject: microbiology | RequiresImage: false -> Text-only
[VisualEngine] Question: verified-microbiology-micro-1-facet-7 | Subject: microbiology | RequiresImage: false -> Text-only
[VisualEngine] Question: verified-microbiology-micro-1-facet-8 | Subject: microbiology | RequiresImage: false -> Text-only
[VisualEngine] Question: verified-microbiology-micro-1-facet-9 | Subject: microbiology | RequiresImage: false -> Text-only
[VisualEngine] Question: verified-microbiology-micro-1-facet-10 | Subject: microbiology | RequiresImage: false -> Text-only
  ✓ Microbiology generated 10 verified questions
[VisualEngine] Question: verified-fmt-fmt-1-facet-1 | Subject: fmt | RequiresImage: false -> Text-only
[VisualEngine] Question: verified-fmt-fmt-1-facet-2 | Subject: fmt | RequiresImage: false -> Text-only
[VisualEngine] Question: verified-fmt-fmt-1-facet-3 | Subject: fmt | RequiresImage: false -> Text-only
[VisualEngine] Question: verified-fmt-fmt-1-facet-4 | Subject: fmt | RequiresImage: false -> Text-only
[VisualEngine] Question: verified-fmt-fmt-1-facet-5 | Subject: fmt | RequiresImage: false -> Text-only
[VisualEngine] Question: verified-fmt-fmt-1-facet-6 | Subject: fmt | RequiresImage: false -> Text-only
[VisualEngine] Question: verified-fmt-fmt-1-facet-7 | Subject: fmt | RequiresImage: false -> Text-only
[VisualEngine] Question: verified-fmt-fmt-1-facet-8 | Subject: fmt | RequiresImage: false -> Text-only
[VisualEngine] Question: verified-fmt-fmt-1-facet-9 | Subject: fmt | RequiresImage: false -> Text-only
[VisualEngine] Question: verified-fmt-fmt-1-facet-10 | Subject: fmt | RequiresImage: false -> Text-only
  ✓ Forensic Medicine & Toxicology generated 10 verified questions
[VisualEngine] Question: verified-psm-psm-1-facet-1 | Subject: psm | RequiresImage: false -> Text-only
[VisualEngine] Question: verified-psm-psm-1-facet-2 | Subject: psm | RequiresImage: false -> Text-only
[VisualEngine] Question: verified-psm-psm-1-facet-3 | Subject: psm | RequiresImage: false -> Text-only
[VisualEngine] Question: verified-psm-psm-1-facet-4 | Subject: psm | RequiresImage: false -> Text-only
[VisualEngine] Question: verified-psm-psm-1-facet-5 | Subject: psm | RequiresImage: false -> Text-only
[VisualEngine] Question: verified-psm-psm-1-facet-6 | Subject: psm | RequiresImage: false -> Text-only
[VisualEngine] Question: verified-psm-psm-1-facet-7 | Subject: psm | RequiresImage: false -> Text-only
[VisualEngine] Question: verified-psm-psm-1-facet-8 | Subject: psm | RequiresImage: false -> Text-only
[VisualEngine] Question: verified-psm-psm-1-facet-9 | Subject: psm | RequiresImage: false -> Text-only
[VisualEngine] Question: verified-psm-psm-1-facet-10 | Subject: psm | RequiresImage: false -> Text-only
  ✓ Community Medicine (PSM) generated 10 verified questions
[VisualEngine] Question: verified-ent-ent-1-1 | Subject: ent | RequiresImage: false -> Text-only
[VisualEngine] Question: verified-ent-ent-1-2 | Subject: ent | RequiresImage: false -> Text-only
[VisualEngine] Question: verified-ent-ent-1-3 | Subject: ent | RequiresImage: false -> Text-only
[VisualEngine] Question: verified-ent-ent-1-4 | Subject: ent | RequiresImage: false -> Text-only
[VisualEngine] Question: verified-ent-ent-1-facet-5 | Subject: ent | RequiresImage: false -> Text-only
[VisualEngine] Question: verified-ent-ent-1-facet-6 | Subject: ent | RequiresImage: false -> Text-only
[VisualEngine] Question: verified-ent-ent-1-facet-7 | Subject: ent | RequiresImage: false -> Text-only
[VisualEngine] Question: verified-ent-ent-1-facet-8 | Subject: ent | RequiresImage: false -> Text-only
[VisualEngine] Question: verified-ent-ent-1-facet-9 | Subject: ent | RequiresImage: false -> Text-only
[VisualEngine] Question: verified-ent-ent-1-facet-10 | Subject: ent | RequiresImage: false -> Text-only
  ✓ ENT (Otorhinolaryngology) generated 10 verified questions
[VisualEngine] Question: verified-ophthalmology-oph-1-facet-1 | Subject: ophthalmology | RequiresImage: false -> Text-only
[VisualEngine] Question: verified-ophthalmology-oph-1-facet-2 | Subject: ophthalmology | RequiresImage: false -> Text-only
[VisualEngine] Question: verified-ophthalmology-oph-1-facet-3 | Subject: ophthalmology | RequiresImage: false -> Text-only
[VisualEngine] Question: verified-ophthalmology-oph-1-facet-4 | Subject: ophthalmology | RequiresImage: false -> Text-only
[VisualEngine] Question: verified-ophthalmology-oph-1-facet-5 | Subject: ophthalmology | RequiresImage: false -> Text-only
[VisualEngine] Question: verified-ophthalmology-oph-1-facet-6 | Subject: ophthalmology | RequiresImage: false -> Text-only
[VisualEngine] Question: verified-ophthalmology-oph-1-facet-7 | Subject: ophthalmology | RequiresImage: false -> Text-only
[VisualEngine] Question: verified-ophthalmology-oph-1-facet-8 | Subject: ophthalmology | RequiresImage: false -> Text-only
[VisualEngine] Question: verified-ophthalmology-oph-1-facet-9 | Subject: ophthalmology | RequiresImage: false -> Text-only
[VisualEngine] Question: verified-ophthalmology-oph-1-facet-10 | Subject: ophthalmology | RequiresImage: false -> Text-only
  ✓ Ophthalmology generated 10 verified questions
[VisualEngine] Question: ibq-fmge_ibq_22-1788466584526 | Subject: medicine | Target: WPW syndrome ECG (Delta wave) | Matched: med:ecg_wpw_syndrome (score: 0.96)
[VisualEngine] Question: verified-medicine-med-1-1 | Subject: medicine | Target: inferior stemi with right ventricular involvement | Matched: med:ecg_inferior_stemi (score: 0.99)
[VisualEngine] Question: verified-medicine-med-1-3 | Subject: medicine | Target: anterior stemi lad occlusion leads v1 v4 | Matched: med:ecg_anterior_stemi (score: 0.99)
[VisualEngine] Question: verified-medicine-med-1-2 | Subject: medicine | Target: complete third degree av block av dissociation | Matched: med:ecg_complete_heart_block (score: 0.99)
[VisualEngine] Question: verified-medicine-med-1-4 | Subject: medicine | Target: wolff parkinson white wpw delta wave | Matched: cardio:wpw_syndrome_jpg (score: 0.99)
[VisualEngine] Question: verified-medicine-med-1-facet-6 | Subject: medicine | RequiresImage: false -> Text-only
[VisualEngine] Question: verified-medicine-med-1-facet-7 | Subject: medicine | RequiresImage: false -> Text-only
[VisualEngine] Question: verified-medicine-med-1-facet-8 | Subject: medicine | RequiresImage: false -> Text-only
[VisualEngine] Question: verified-medicine-med-1-facet-9 | Subject: medicine | RequiresImage: false -> Text-only
[VisualEngine] Question: verified-medicine-med-1-facet-10 | Subject: medicine | RequiresImage: false -> Text-only
  ✓ General Medicine generated 10 verified questions
[VisualEngine] Question: verified-surgery-surg-1-facet-1 | Subject: surgery | RequiresImage: false -> Text-only
[VisualEngine] Question: verified-surgery-surg-1-facet-2 | Subject: surgery | RequiresImage: false -> Text-only
[VisualEngine] Question: verified-surgery-surg-1-facet-3 | Subject: surgery | RequiresImage: false -> Text-only
[VisualEngine] Question: verified-surgery-surg-1-facet-4 | Subject: surgery | RequiresImage: false -> Text-only
[VisualEngine] Question: verified-surgery-surg-1-facet-5 | Subject: surgery | RequiresImage: false -> Text-only
[VisualEngine] Question: verified-surgery-surg-1-facet-6 | Subject: surgery | RequiresImage: false -> Text-only
[VisualEngine] Question: verified-surgery-surg-1-facet-7 | Subject: surgery | RequiresImage: false -> Text-only
[VisualEngine] Question: verified-surgery-surg-1-facet-8 | Subject: surgery | RequiresImage: false -> Text-only
[VisualEngine] Question: verified-surgery-surg-1-facet-9 | Subject: surgery | RequiresImage: false -> Text-only
[VisualEngine] Question: verified-surgery-surg-1-facet-10 | Subject: surgery | RequiresImage: false -> Text-only
  ✓ General Surgery generated 10 verified questions
[VisualEngine] Question: verified-obg-obg-1-facet-1 | Subject: obg | RequiresImage: false -> Text-only
[VisualEngine] Question: verified-obg-obg-1-facet-2 | Subject: obg | RequiresImage: false -> Text-only
[VisualEngine] Question: verified-obg-obg-1-facet-3 | Subject: obg | RequiresImage: false -> Text-only
[VisualEngine] Question: verified-obg-obg-1-facet-4 | Subject: obg | RequiresImage: false -> Text-only
[VisualEngine] Question: verified-obg-obg-1-facet-5 | Subject: obg | RequiresImage: false -> Text-only
[VisualEngine] Question: verified-obg-obg-1-facet-6 | Subject: obg | RequiresImage: false -> Text-only
[VisualEngine] Question: verified-obg-obg-1-facet-7 | Subject: obg | RequiresImage: false -> Text-only
[VisualEngine] Question: verified-obg-obg-1-facet-8 | Subject: obg | RequiresImage: false -> Text-only
[VisualEngine] Question: verified-obg-obg-1-facet-9 | Subject: obg | RequiresImage: false -> Text-only
[VisualEngine] Question: verified-obg-obg-1-facet-10 | Subject: obg | RequiresImage: false -> Text-only
  ✓ Obstetrics & Gynecology (OBGYN) generated 10 verified questions
[VisualEngine] Question: verified-pediatrics-ped-1-facet-1 | Subject: pediatrics | RequiresImage: false -> Text-only
[VisualEngine] Question: verified-pediatrics-ped-1-facet-2 | Subject: pediatrics | RequiresImage: false -> Text-only
[VisualEngine] Question: verified-pediatrics-ped-1-facet-3 | Subject: pediatrics | RequiresImage: false -> Text-only
[VisualEngine] Question: verified-pediatrics-ped-1-facet-4 | Subject: pediatrics | RequiresImage: false -> Text-only
[VisualEngine] Question: verified-pediatrics-ped-1-facet-5 | Subject: pediatrics | RequiresImage: false -> Text-only
[VisualEngine] Question: verified-pediatrics-ped-1-facet-6 | Subject: pediatrics | RequiresImage: false -> Text-only
[VisualEngine] Question: verified-pediatrics-ped-1-facet-7 | Subject: pediatrics | RequiresImage: false -> Text-only
[VisualEngine] Question: verified-pediatrics-ped-1-facet-8 | Subject: pediatrics | RequiresImage: false -> Text-only
[VisualEngine] Question: verified-pediatrics-ped-1-facet-9 | Subject: pediatrics | RequiresImage: false -> Text-only
[VisualEngine] Question: verified-pediatrics-ped-1-facet-10 | Subject: pediatrics | RequiresImage: false -> Text-only
  ✓ Pediatrics generated 10 verified questions
[VisualEngine] Question: verified-orthopedics-ortho-1-facet-1 | Subject: orthopedics | RequiresImage: false -> Text-only
[VisualEngine] Question: verified-orthopedics-ortho-1-facet-2 | Subject: orthopedics | RequiresImage: false -> Text-only
[VisualEngine] Question: verified-orthopedics-ortho-1-facet-3 | Subject: orthopedics | RequiresImage: false -> Text-only
[VisualEngine] Question: verified-orthopedics-ortho-1-facet-4 | Subject: orthopedics | RequiresImage: false -> Text-only
[VisualEngine] Question: verified-orthopedics-ortho-1-facet-5 | Subject: orthopedics | RequiresImage: false -> Text-only
[VisualEngine] Question: verified-orthopedics-ortho-1-facet-6 | Subject: orthopedics | RequiresImage: false -> Text-only
[VisualEngine] Question: verified-orthopedics-ortho-1-facet-7 | Subject: orthopedics | RequiresImage: false -> Text-only
[VisualEngine] Question: verified-orthopedics-ortho-1-facet-8 | Subject: orthopedics | RequiresImage: false -> Text-only
[VisualEngine] Question: verified-orthopedics-ortho-1-facet-9 | Subject: orthopedics | RequiresImage: false -> Text-only
[VisualEngine] Question: verified-orthopedics-ortho-1-facet-10 | Subject: orthopedics | RequiresImage: false -> Text-only
  ✓ Orthopedics generated 10 verified questions
[VisualEngine] Question: ibq-fmge_ibq_16-1788466584533 | Subject: dermatology | Target: Psoriatic plaques (Psoriasis) | Matched: derm:psoriatic_plaques_jpg (score: 0.99)
[VisualEngine] Question: verified-dermatology-derm-1-1 | Subject: dermatology | Target: erythema multiforme target iris lesion | Matched: derm:erythema_multiforme_target (score: 0.99)
[VisualEngine] Question: verified-dermatology-derm-1-2 | Subject: dermatology | Target: pemphigus vulgaris suprabasal acantholysis tombstones | Matched: derm:pemphigus_vulgaris_histology (score: 0.99)
[VisualEngine] Question: verified-dermatology-derm-1-facet-4 | Subject: dermatology | RequiresImage: false -> Text-only
[VisualEngine] Question: verified-dermatology-derm-1-facet-5 | Subject: dermatology | RequiresImage: false -> Text-only
[VisualEngine] Question: verified-dermatology-derm-1-facet-6 | Subject: dermatology | RequiresImage: false -> Text-only
[VisualEngine] Question: verified-dermatology-derm-1-facet-7 | Subject: dermatology | RequiresImage: false -> Text-only
[VisualEngine] Question: verified-dermatology-derm-1-facet-8 | Subject: dermatology | RequiresImage: false -> Text-only
[VisualEngine] Question: verified-dermatology-derm-1-facet-9 | Subject: dermatology | RequiresImage: false -> Text-only
[VisualEngine] Question: verified-dermatology-derm-1-facet-10 | Subject: dermatology | RequiresImage: false -> Text-only
  ✓ Dermatology generated 10 verified questions
[VisualEngine] Question: verified-psychiatry-psych-1-1 | Subject: psychiatry | RequiresImage: false -> Text-only
[VisualEngine] Question: verified-psychiatry-psych-1-2 | Subject: psychiatry | RequiresImage: false -> Text-only
[VisualEngine] Question: verified-psychiatry-psych-1-3 | Subject: psychiatry | RequiresImage: false -> Text-only
[VisualEngine] Question: verified-psychiatry-psych-1-4 | Subject: psychiatry | RequiresImage: false -> Text-only
[VisualEngine] Question: verified-psychiatry-psych-1-facet-5 | Subject: psychiatry | RequiresImage: false -> Text-only
[VisualEngine] Question: verified-psychiatry-psych-1-facet-6 | Subject: psychiatry | RequiresImage: false -> Text-only
[VisualEngine] Question: verified-psychiatry-psych-1-facet-7 | Subject: psychiatry | RequiresImage: false -> Text-only
[VisualEngine] Question: verified-psychiatry-psych-1-facet-8 | Subject: psychiatry | RequiresImage: false -> Text-only
[VisualEngine] Question: verified-psychiatry-psych-1-facet-9 | Subject: psychiatry | RequiresImage: false -> Text-only
[VisualEngine] Question: verified-psychiatry-psych-1-facet-10 | Subject: psychiatry | RequiresImage: false -> Text-only
  ✓ Psychiatry generated 10 verified questions
[VisualEngine] Question: verified-radiology-rad-1-1 | Subject: radiology | Target: tension pneumothorax visceral pleural line | Matched: rad:chest_xray_pneumothorax (score: 0.99)
[VisualEngine] Question: verified-radiology-rad-1-2 | Subject: radiology | Target: pneumoperitoneum free air under diaphragm | Matched: rad:chest_xray_pneumoperitoneum (score: 0.99)
[VisualEngine] Question: verified-radiology-rad-1-facet-3 | Subject: radiology | RequiresImage: false -> Text-only
[VisualEngine] Question: verified-radiology-rad-1-facet-4 | Subject: radiology | RequiresImage: false -> Text-only
[VisualEngine] Question: verified-radiology-rad-1-facet-5 | Subject: radiology | RequiresImage: false -> Text-only
[VisualEngine] Question: verified-radiology-rad-1-facet-6 | Subject: radiology | RequiresImage: false -> Text-only
[VisualEngine] Question: verified-radiology-rad-1-facet-7 | Subject: radiology | RequiresImage: false -> Text-only
[VisualEngine] Question: verified-radiology-rad-1-facet-8 | Subject: radiology | RequiresImage: false -> Text-only
[VisualEngine] Question: verified-radiology-rad-1-facet-9 | Subject: radiology | RequiresImage: false -> Text-only
[VisualEngine] Question: verified-radiology-rad-1-facet-10 | Subject: radiology | RequiresImage: false -> Text-only
  ✓ Radiology generated 10 verified questions
[VisualEngine] Question: verified-anesthesia-anes-1-facet-1 | Subject: anesthesia | RequiresImage: false -> Text-only
[VisualEngine] Question: verified-anesthesia-anes-1-facet-2 | Subject: anesthesia | RequiresImage: false -> Text-only
[VisualEngine] Question: verified-anesthesia-anes-1-facet-3 | Subject: anesthesia | RequiresImage: false -> Text-only
[VisualEngine] Question: verified-anesthesia-anes-1-facet-4 | Subject: anesthesia | RequiresImage: false -> Text-only
[VisualEngine] Question: verified-anesthesia-anes-1-facet-5 | Subject: anesthesia | RequiresImage: false -> Text-only
[VisualEngine] Question: verified-anesthesia-anes-1-facet-6 | Subject: anesthesia | RequiresImage: false -> Text-only
[VisualEngine] Question: verified-anesthesia-anes-1-facet-7 | Subject: anesthesia | RequiresImage: false -> Text-only
[VisualEngine] Question: verified-anesthesia-anes-1-facet-8 | Subject: anesthesia | RequiresImage: false -> Text-only
[VisualEngine] Question: verified-anesthesia-anes-1-facet-9 | Subject: anesthesia | RequiresImage: false -> Text-only
[VisualEngine] Question: verified-anesthesia-anes-1-facet-10 | Subject: anesthesia | RequiresImage: false -> Text-only
  ✓ Anesthesia generated 10 verified questions
  ✓ Every generated question matches target subjectId and topicId with 4 distinct options

  --- Statistical Answer Distribution (190 Questions Sample) ---
  Option A: 27% (51)
  Option B: 22% (41)
  Option C: 22% (42)
  Option D: 29% (56)
  ✓ Option A is balanced (27%)
  ✓ Option B is balanced (22%)
  ✓ Option C is balanced (22%)
  ✓ Option D is balanced (29%)

--- 5. Video Recommendation Engine & Fallback Integrity ---
  ✓ Verified video returned for curated topic (count: 2)
  ✓ Curated videos contain valid YouTube video IDs, titles, and URLs
  ✓ Generated 3 focused search queries for topic
  ✓ Search queries are concise and medical
  ✓ Relevant medical video identified correctly
  ✓ Unrelated DIY video correctly rejected

--- 6. Complete Topic Learning Package Integrity (10 Subjects) ---
[VisualEngine] Question: verified-anatomy-anat-4-1 | Subject: anatomy | Target: knee joint acl ligament lachman | Matched: anat:knee_cruciate_ligaments (score: 0.99)
[VisualEngine] Question: verified-anatomy-anat-4-2 | Subject: anatomy | RequiresImage: false -> Text-only
[VisualEngine] Question: verified-anatomy-anat-4-facet-3 | Subject: anatomy | RequiresImage: false -> Text-only
[VisualEngine] Question: verified-anatomy-anat-4-facet-4 | Subject: anatomy | RequiresImage: false -> Text-only
[VisualEngine] Question: verified-anatomy-anat-4-facet-5 | Subject: anatomy | RequiresImage: false -> Text-only
[VisualEngine] Question: verified-anatomy-anat-4-facet-6 | Subject: anatomy | RequiresImage: false -> Text-only
[VisualEngine] Question: verified-anatomy-anat-4-facet-7 | Subject: anatomy | RequiresImage: false -> Text-only
[VisualEngine] Question: verified-anatomy-anat-4-facet-8 | Subject: anatomy | RequiresImage: false -> Text-only
[VisualEngine] Question: verified-anatomy-anat-4-facet-9 | Subject: anatomy | RequiresImage: false -> Text-only
[VisualEngine] Question: verified-anatomy-anat-4-facet-10 | Subject: anatomy | RequiresImage: false -> Text-only
  ✓ Slides for Anatomy have subjectId: anatomy
  ✓ Flashcards for Lower Limb - Knee Joint & Nerve Lesions (Peroneal/Tibial) have topicId: anat-4
  ✓ Lower Limb - Knee Joint & Nerve Lesions (Peroneal/Tibial) has at least 2 visual slides (6)
  ✓ Lower Limb - Knee Joint & Nerve Lesions (Peroneal/Tibial) has at least 3 flashcards (10)
  ✓ Lower Limb - Knee Joint & Nerve Lesions (Peroneal/Tibial) has at least 1 clinical case (3)
  ✓ Lower Limb - Knee Joint & Nerve Lesions (Peroneal/Tibial) has practice MCQs available (10 verified questions)
[VisualEngine] Question: verified-physiology-phys-3-facet-1 | Subject: physiology | RequiresImage: false -> Text-only
[VisualEngine] Question: verified-physiology-phys-3-facet-2 | Subject: physiology | RequiresImage: false -> Text-only
[VisualEngine] Question: verified-physiology-phys-3-facet-3 | Subject: physiology | RequiresImage: false -> Text-only
[VisualEngine] Question: verified-physiology-phys-3-facet-4 | Subject: physiology | RequiresImage: false -> Text-only
[VisualEngine] Question: verified-physiology-phys-3-facet-5 | Subject: physiology | RequiresImage: false -> Text-only
[VisualEngine] Question: verified-physiology-phys-3-facet-6 | Subject: physiology | RequiresImage: false -> Text-only
[VisualEngine] Question: verified-physiology-phys-3-facet-7 | Subject: physiology | RequiresImage: false -> Text-only
[VisualEngine] Question: verified-physiology-phys-3-facet-8 | Subject: physiology | RequiresImage: false -> Text-only
[VisualEngine] Question: verified-physiology-phys-3-facet-9 | Subject: physiology | RequiresImage: false -> Text-only
[VisualEngine] Question: verified-physiology-phys-3-facet-10 | Subject: physiology | RequiresImage: false -> Text-only
  ✓ Slides for Physiology have subjectId: physiology
  ✓ Flashcards for CVS - Cardiac Cycle, Wiggers Diagram & PV Loops have topicId: phys-3
  ✓ CVS - Cardiac Cycle, Wiggers Diagram & PV Loops has at least 2 visual slides (4)
  ✓ CVS - Cardiac Cycle, Wiggers Diagram & PV Loops has at least 3 flashcards (5)
  ✓ CVS - Cardiac Cycle, Wiggers Diagram & PV Loops has at least 1 clinical case (2)
  ✓ CVS - Cardiac Cycle, Wiggers Diagram & PV Loops has practice MCQs available (10 verified questions)
[VisualEngine] Question: verified-biochemistry-bio-2-facet-1 | Subject: biochemistry | RequiresImage: false -> Text-only
[VisualEngine] Question: verified-biochemistry-bio-2-facet-2 | Subject: biochemistry | RequiresImage: false -> Text-only
[VisualEngine] Question: verified-biochemistry-bio-2-facet-3 | Subject: biochemistry | RequiresImage: false -> Text-only
[VisualEngine] Question: verified-biochemistry-bio-2-facet-4 | Subject: biochemistry | RequiresImage: false -> Text-only
[VisualEngine] Question: verified-biochemistry-bio-2-facet-5 | Subject: biochemistry | RequiresImage: false -> Text-only
[VisualEngine] Question: verified-biochemistry-bio-2-facet-6 | Subject: biochemistry | RequiresImage: false -> Text-only
[VisualEngine] Question: verified-biochemistry-bio-2-facet-7 | Subject: biochemistry | RequiresImage: false -> Text-only
[VisualEngine] Question: verified-biochemistry-bio-2-facet-8 | Subject: biochemistry | RequiresImage: false -> Text-only
[VisualEngine] Question: verified-biochemistry-bio-2-facet-9 | Subject: biochemistry | RequiresImage: false -> Text-only
[VisualEngine] Question: verified-biochemistry-bio-2-facet-10 | Subject: biochemistry | RequiresImage: false -> Text-only
  ✓ Slides for Biochemistry have subjectId: biochemistry
  ✓ Flashcards for Carbohydrate Metabolism - Glycolysis, TCA & ETC Inhibitors have topicId: bio-2
  ✓ Carbohydrate Metabolism - Glycolysis, TCA & ETC Inhibitors has at least 2 visual slides (4)
  ✓ Carbohydrate Metabolism - Glycolysis, TCA & ETC Inhibitors has at least 3 flashcards (5)
  ✓ Carbohydrate Metabolism - Glycolysis, TCA & ETC Inhibitors has at least 1 clinical case (2)
  ✓ Carbohydrate Metabolism - Glycolysis, TCA & ETC Inhibitors has practice MCQs available (10 verified questions)
[VisualEngine] Question: verified-pathology-path-4-1 | Subject: pathology | Target: reed sternberg cell classical hodgkin lymphoma | Matched: path:reed_sternberg_hodgkin (score: 0.99)
[VisualEngine] Question: verified-pathology-path-4-2 | Subject: pathology | Target: minimal change disease electron microscopy podocyte effacement | Matched: path:minimal_change_electron_microscopy (score: 0.99)
[VisualEngine] Question: verified-pathology-path-4-facet-3 | Subject: pathology | RequiresImage: false -> Text-only
[VisualEngine] Question: verified-pathology-path-4-facet-4 | Subject: pathology | RequiresImage: false -> Text-only
[VisualEngine] Question: verified-pathology-path-4-facet-5 | Subject: pathology | RequiresImage: false -> Text-only
[VisualEngine] Question: verified-pathology-path-4-facet-6 | Subject: pathology | RequiresImage: false -> Text-only
[VisualEngine] Question: verified-pathology-path-4-facet-7 | Subject: pathology | RequiresImage: false -> Text-only
[VisualEngine] Question: verified-pathology-path-4-facet-8 | Subject: pathology | RequiresImage: false -> Text-only
[VisualEngine] Question: verified-pathology-path-4-facet-9 | Subject: pathology | RequiresImage: false -> Text-only
[VisualEngine] Question: verified-pathology-path-4-facet-10 | Subject: pathology | RequiresImage: false -> Text-only
  ✓ Slides for Pathology have subjectId: pathology
  ✓ Flashcards for Neoplasia - Hallmarks, Oncogenes & Tumor Markers have topicId: path-4
  ✓ Neoplasia - Hallmarks, Oncogenes & Tumor Markers has at least 2 visual slides (4)
  ✓ Neoplasia - Hallmarks, Oncogenes & Tumor Markers has at least 3 flashcards (10)
  ✓ Neoplasia - Hallmarks, Oncogenes & Tumor Markers has at least 1 clinical case (2)
  ✓ Neoplasia - Hallmarks, Oncogenes & Tumor Markers has practice MCQs available (10 verified questions)
[VisualEngine] Question: verified-pharmacology-pharm-1-1 | Subject: pharmacology | Target: log dose response curve competitive antagonist | Matched: pharm:dose_response_competitive_antagonist (score: 0.99)
[VisualEngine] Question: verified-pharmacology-pharm-1-facet-2 | Subject: pharmacology | RequiresImage: false -> Text-only
[VisualEngine] Question: verified-pharmacology-pharm-1-facet-3 | Subject: pharmacology | RequiresImage: false -> Text-only
[VisualEngine] Question: verified-pharmacology-pharm-1-facet-4 | Subject: pharmacology | RequiresImage: false -> Text-only
[VisualEngine] Question: verified-pharmacology-pharm-1-facet-5 | Subject: pharmacology | RequiresImage: false -> Text-only
[VisualEngine] Question: verified-pharmacology-pharm-1-facet-6 | Subject: pharmacology | RequiresImage: false -> Text-only
[VisualEngine] Question: verified-pharmacology-pharm-1-facet-7 | Subject: pharmacology | RequiresImage: false -> Text-only
[VisualEngine] Question: verified-pharmacology-pharm-1-facet-8 | Subject: pharmacology | RequiresImage: false -> Text-only
[VisualEngine] Question: verified-pharmacology-pharm-1-facet-9 | Subject: pharmacology | RequiresImage: false -> Text-only
[VisualEngine] Question: verified-pharmacology-pharm-1-facet-10 | Subject: pharmacology | RequiresImage: false -> Text-only
  ✓ Slides for Pharmacology have subjectId: pharmacology
  ✓ Flashcards for General Pharmacology - Kinetics, Dynamics & Biotransformation have topicId: pharm-1
  ✓ General Pharmacology - Kinetics, Dynamics & Biotransformation has at least 2 visual slides (4)
  ✓ General Pharmacology - Kinetics, Dynamics & Biotransformation has at least 3 flashcards (5)
  ✓ General Pharmacology - Kinetics, Dynamics & Biotransformation has at least 1 clinical case (2)
  ✓ General Pharmacology - Kinetics, Dynamics & Biotransformation has practice MCQs available (10 verified questions)
[VisualEngine] Question: verified-psm-psm-1-facet-1 | Subject: psm | RequiresImage: false -> Text-only
[VisualEngine] Question: verified-psm-psm-1-facet-2 | Subject: psm | RequiresImage: false -> Text-only
[VisualEngine] Question: verified-psm-psm-1-facet-3 | Subject: psm | RequiresImage: false -> Text-only
[VisualEngine] Question: verified-psm-psm-1-facet-4 | Subject: psm | RequiresImage: false -> Text-only
[VisualEngine] Question: verified-psm-psm-1-facet-5 | Subject: psm | RequiresImage: false -> Text-only
[VisualEngine] Question: verified-psm-psm-1-facet-6 | Subject: psm | RequiresImage: false -> Text-only
[VisualEngine] Question: verified-psm-psm-1-facet-7 | Subject: psm | RequiresImage: false -> Text-only
[VisualEngine] Question: verified-psm-psm-1-facet-8 | Subject: psm | RequiresImage: false -> Text-only
[VisualEngine] Question: verified-psm-psm-1-facet-9 | Subject: psm | RequiresImage: false -> Text-only
[VisualEngine] Question: verified-psm-psm-1-facet-10 | Subject: psm | RequiresImage: false -> Text-only
  ✓ Slides for Community Medicine (PSM) have subjectId: psm
  ✓ Flashcards for Epidemiology - Study Designs (RCT, Cohort, Case-Control) have topicId: psm-1
  ✓ Epidemiology - Study Designs (RCT, Cohort, Case-Control) has at least 2 visual slides (4)
  ✓ Epidemiology - Study Designs (RCT, Cohort, Case-Control) has at least 3 flashcards (3)
  ✓ Epidemiology - Study Designs (RCT, Cohort, Case-Control) has at least 1 clinical case (2)
  ✓ Epidemiology - Study Designs (RCT, Cohort, Case-Control) has practice MCQs available (10 verified questions)
[VisualEngine] Question: ibq-fmge_ibq_22-1788466584548 | Subject: medicine | Target: WPW syndrome ECG (Delta wave) | Matched: med:ecg_wpw_syndrome (score: 0.96)
[VisualEngine] Question: verified-medicine-med-1-1 | Subject: medicine | Target: inferior stemi with right ventricular involvement | Matched: med:ecg_inferior_stemi (score: 0.99)
[VisualEngine] Question: verified-medicine-med-1-3 | Subject: medicine | Target: anterior stemi lad occlusion leads v1 v4 | Matched: med:ecg_anterior_stemi (score: 0.99)
[VisualEngine] Question: verified-medicine-med-1-2 | Subject: medicine | Target: complete third degree av block av dissociation | Matched: med:ecg_complete_heart_block (score: 0.99)
[VisualEngine] Question: verified-medicine-med-1-4 | Subject: medicine | Target: wolff parkinson white wpw delta wave | Matched: cardio:wpw_syndrome_jpg (score: 0.99)
[VisualEngine] Question: verified-medicine-med-1-facet-6 | Subject: medicine | RequiresImage: false -> Text-only
[VisualEngine] Question: verified-medicine-med-1-facet-7 | Subject: medicine | RequiresImage: false -> Text-only
[VisualEngine] Question: verified-medicine-med-1-facet-8 | Subject: medicine | RequiresImage: false -> Text-only
[VisualEngine] Question: verified-medicine-med-1-facet-9 | Subject: medicine | RequiresImage: false -> Text-only
[VisualEngine] Question: verified-medicine-med-1-facet-10 | Subject: medicine | RequiresImage: false -> Text-only
  ✓ Slides for General Medicine have subjectId: medicine
  ✓ Flashcards for Cardiology - ECGs (STEMI, Arrhythmias, Heart Blocks, WPW) have topicId: med-1
  ✓ Cardiology - ECGs (STEMI, Arrhythmias, Heart Blocks, WPW) has at least 2 visual slides (4)
  ✓ Cardiology - ECGs (STEMI, Arrhythmias, Heart Blocks, WPW) has at least 3 flashcards (5)
  ✓ Cardiology - ECGs (STEMI, Arrhythmias, Heart Blocks, WPW) has at least 1 clinical case (2)
  ✓ Cardiology - ECGs (STEMI, Arrhythmias, Heart Blocks, WPW) has practice MCQs available (10 verified questions)
[VisualEngine] Question: verified-surgery-surg-1-facet-1 | Subject: surgery | RequiresImage: false -> Text-only
[VisualEngine] Question: verified-surgery-surg-1-facet-2 | Subject: surgery | RequiresImage: false -> Text-only
[VisualEngine] Question: verified-surgery-surg-1-facet-3 | Subject: surgery | RequiresImage: false -> Text-only
[VisualEngine] Question: verified-surgery-surg-1-facet-4 | Subject: surgery | RequiresImage: false -> Text-only
[VisualEngine] Question: verified-surgery-surg-1-facet-5 | Subject: surgery | RequiresImage: false -> Text-only
[VisualEngine] Question: verified-surgery-surg-1-facet-6 | Subject: surgery | RequiresImage: false -> Text-only
[VisualEngine] Question: verified-surgery-surg-1-facet-7 | Subject: surgery | RequiresImage: false -> Text-only
[VisualEngine] Question: verified-surgery-surg-1-facet-8 | Subject: surgery | RequiresImage: false -> Text-only
[VisualEngine] Question: verified-surgery-surg-1-facet-9 | Subject: surgery | RequiresImage: false -> Text-only
[VisualEngine] Question: verified-surgery-surg-1-facet-10 | Subject: surgery | RequiresImage: false -> Text-only
  ✓ Slides for General Surgery have subjectId: surgery
  ✓ Flashcards for Trauma & ATLS Protocol (Primary & Secondary Survey, FAST) have topicId: surg-1
  ✓ Trauma & ATLS Protocol (Primary & Secondary Survey, FAST) has at least 2 visual slides (4)
  ✓ Trauma & ATLS Protocol (Primary & Secondary Survey, FAST) has at least 3 flashcards (5)
  ✓ Trauma & ATLS Protocol (Primary & Secondary Survey, FAST) has at least 1 clinical case (2)
  ✓ Trauma & ATLS Protocol (Primary & Secondary Survey, FAST) has practice MCQs available (10 verified questions)
[VisualEngine] Question: verified-obg-obg-2-facet-1 | Subject: obg | RequiresImage: false -> Text-only
[VisualEngine] Question: verified-obg-obg-2-facet-2 | Subject: obg | RequiresImage: false -> Text-only
[VisualEngine] Question: verified-obg-obg-2-facet-3 | Subject: obg | RequiresImage: false -> Text-only
[VisualEngine] Question: verified-obg-obg-2-facet-4 | Subject: obg | RequiresImage: false -> Text-only
[VisualEngine] Question: verified-obg-obg-2-facet-5 | Subject: obg | RequiresImage: false -> Text-only
[VisualEngine] Question: verified-obg-obg-2-facet-6 | Subject: obg | RequiresImage: false -> Text-only
[VisualEngine] Question: verified-obg-obg-2-facet-7 | Subject: obg | RequiresImage: false -> Text-only
[VisualEngine] Question: verified-obg-obg-2-facet-8 | Subject: obg | RequiresImage: false -> Text-only
[VisualEngine] Question: verified-obg-obg-2-facet-9 | Subject: obg | RequiresImage: false -> Text-only
[VisualEngine] Question: verified-obg-obg-2-facet-10 | Subject: obg | RequiresImage: false -> Text-only
  ✓ Slides for Obstetrics & Gynecology (OBGYN) have subjectId: obg
  ✓ Flashcards for Normal Labor - Stages of Labor, Mechanism & WHO Modified Partogram have topicId: obg-2
  ✓ Normal Labor - Stages of Labor, Mechanism & WHO Modified Partogram has at least 2 visual slides (4)
  ✓ Normal Labor - Stages of Labor, Mechanism & WHO Modified Partogram has at least 3 flashcards (5)
  ✓ Normal Labor - Stages of Labor, Mechanism & WHO Modified Partogram has at least 1 clinical case (2)
  ✓ Normal Labor - Stages of Labor, Mechanism & WHO Modified Partogram has practice MCQs available (10 verified questions)
[VisualEngine] Question: verified-pediatrics-ped-3-facet-1 | Subject: pediatrics | RequiresImage: false -> Text-only
[VisualEngine] Question: verified-pediatrics-ped-3-facet-2 | Subject: pediatrics | RequiresImage: false -> Text-only
[VisualEngine] Question: verified-pediatrics-ped-3-facet-3 | Subject: pediatrics | RequiresImage: false -> Text-only
[VisualEngine] Question: verified-pediatrics-ped-3-facet-4 | Subject: pediatrics | RequiresImage: false -> Text-only
[VisualEngine] Question: verified-pediatrics-ped-3-facet-5 | Subject: pediatrics | RequiresImage: false -> Text-only
[VisualEngine] Question: verified-pediatrics-ped-3-facet-6 | Subject: pediatrics | RequiresImage: false -> Text-only
[VisualEngine] Question: verified-pediatrics-ped-3-facet-7 | Subject: pediatrics | RequiresImage: false -> Text-only
[VisualEngine] Question: verified-pediatrics-ped-3-facet-8 | Subject: pediatrics | RequiresImage: false -> Text-only
[VisualEngine] Question: verified-pediatrics-ped-3-facet-9 | Subject: pediatrics | RequiresImage: false -> Text-only
[VisualEngine] Question: verified-pediatrics-ped-3-facet-10 | Subject: pediatrics | RequiresImage: false -> Text-only
  ✓ Slides for Pediatrics have subjectId: pediatrics
  ✓ Flashcards for Neonatal Resuscitation (NRP 2020 Guidelines & APGAR Score) have topicId: ped-3
  ✓ Neonatal Resuscitation (NRP 2020 Guidelines & APGAR Score) has at least 2 visual slides (4)
  ✓ Neonatal Resuscitation (NRP 2020 Guidelines & APGAR Score) has at least 3 flashcards (5)
  ✓ Neonatal Resuscitation (NRP 2020 Guidelines & APGAR Score) has at least 1 clinical case (2)
  ✓ Neonatal Resuscitation (NRP 2020 Guidelines & APGAR Score) has practice MCQs available (10 verified questions)

--- 7. Closed-Loop Error Vault & Adaptive State Evolution ---
  ✓ Correct answer did NOT enter Error Vault
  ✓ Incorrect attempt entered Error Vault
  ✓ Remediation package includes targeted retest
  ✓ Remediation achieved mastered status
  ✓ Error item marked as reviewed
  ✓ Mastery score increased from 42% to 73%
  ✓ Priority score reduced from 35 to 24

--- 8. Daily Mission Dynamic Generation & Time Budget ---
  ✓ 60m budget allocated 65m
  ✓ 120m budget allocated 125m
  ✓ Larger budget allocates more or deeper study tasks
  ✓ Clean state streak is 0

================================================================
 DATA INTEGRITY AUDIT COMPLETE: 118 passed, 0 failed.
================================================================

✔ src/utils/__tests__/dataIntegrityAudit.test.ts (178.222292ms)
▶ FMGE Structured MCQ Generation Pipeline Verification
  ✔ 1. Heart Blocks generates genuine Complete Heart Block clinical scenario (2.688084ms)
  ✔ 2. Nephrotic syndrome generates genuine pediatric Minimal Change Disease scenario (0.268ms)
  ✔ 3. Crohn's disease generates genuine IBD pathology and serology question (0.395667ms)
  ✔ 4. Cavernous sinus generates genuine Head & Neck Anatomy question (0.236708ms)
✔ FMGE Structured MCQ Generation Pipeline Verification (8.127833ms)
================================================================
       TEST SUITE: CLOSED-LOOP ERROR REMEDIATION ENGINE         
================================================================

--- SCENARIO A: Single Isolated Error ---
  ✓ Identified conceptId: c-peroneal-nerve
  ✓ Identified conceptName: Common Peroneal Nerve Injury at Fibular Neck
  ✓ Why it matters provided: "Top 3 most repeated lower limb trauma MCQs in FMGE. Direct question on foot drop vs sensory loss."
  ✓ Remediation package depth is isolated
  ✓ Allocated compact slides (2 slides)
  ✓ Allocated compact flashcards (3 cards)
  ✓ Allocated 3 retest questions for isolated error

--- SCENARIO B: Repeated Error on Same Concept ---
  ✓ Remediation package depth is repeated
  ✓ Allocated deeper slides (3 slides)
  ✓ Allocated flashcards (3 cards)
  ✓ Includes targeted clinical case
  ✓ Allocated exactly 5 retest questions
  ✓ 5 retest answers present
  ✓ All retest questions have 4 options

--- SCENARIO C: Multiple Errors Clustered to Same Concept ---
  ✓ Grouped 3 errors into 1 concept cluster (actual: 1)
  ✓ Cluster contains all 3 errors
  ✓ Cluster mapped to Common Peroneal Nerve concept
  ✓ Cluster marked with severe depth (>= 3 errors)

--- SCENARIO D: Errors from Different Topics ---
  ✓ Separated errors into 2 distinct clusters (2)
  ✓ Clusters belong to different subjects

--- SCENARIO E: Successful Remediation (5/5 Correct) ---
  ✓ Status is mastered (actual: mastered)
  ✓ Status label is "CONCEPT MASTERED"
  ✓ Scheduled next revision date: 2026-09-10
  ✓ Error item marked as reviewed in Error Vault

--- SCENARIO F: Failed Remediation (1/5 Correct) ---
  ✓ Status flags weakness (actual: needs_remediation)

--- SCENARIO G: Remediation in Daily Mission ---
  ✓ Daily mission allocated REVIEW_ERROR_VAULT task for repeated errors
  ✓ Allocated to Pharmacology

--- SCENARIO H: Adaptive Priority & Revision Adjustment ---
  ✓ Priority score decreased after successful remediation (75 -> 27)
  ✓ Topic mastery increased after successful remediation (14% -> 65%)
  ✓ Revision Matrix updated with R1 completion date

--- SCENARIO I: Topic & Concept Isolation ---
  ✓ Anatomy remediation contains no pharmacology drugs
  ✓ Pharmacology remediation contains no anatomical nerve terms
  ✓ All Anatomy retest questions strictly tagged anatomy
  ✓ All Pharmacology retest questions strictly tagged pharmacology

================================================================
 ALL CLOSED-LOOP REMEDIATION TESTS COMPLETED: 34 passed, 0 failed.
================================================================

✔ src/utils/__tests__/errorRemediationEngine.test.ts (99.153125ms)
▶ shouldUseFirebaseEmulators
  ✔ returns true only in development with the flag set to "true" (0.237208ms)
  ✔ returns false in production even if the flag is set (0.043333ms)
  ✔ returns false in development when the flag is unset or non-"true" (0.040375ms)
  ✔ returns false in production with no flag (0.035667ms)
✔ shouldUseFirebaseEmulators (0.72525ms)
▶ FIREBASE_EMULATOR_URLS
  ✔ uses 127.0.0.1:9099 for Auth (0.156167ms)
  ✔ uses 127.0.0.1:8080 for Firestore (0.102708ms)
✔ FIREBASE_EMULATOR_URLS (0.470625ms)
▶ firebase.ts source integrity
  ✔ imports connectAuthEmulator and connectFirestoreEmulator (0.211167ms)
  ✔ gates emulator connections via the shouldUseFirebaseEmulators util (0.08725ms)
  ✔ only connects to emulators inside the shouldUseFirebaseEmulators guard (0.131542ms)
  ✔ guards import.meta.env with optional chaining for test-runner safety (0.827292ms)
✔ firebase.ts source integrity (1.454291ms)
▶ environment gating for production safety
  ✔ .env.example defaults the flag to false (0.298333ms)
  ✔ firebase.json exists with auth and firestore emulator ports (0.172792ms)
✔ environment gating for production safety (0.513958ms)
▶ generateStudyPackage API - Topic Specificity & Contamination
  ▶ Topic-Subject Validation
    ✔ should validate topic-subject pairing (0.223625ms)
    ✔ should reject invalid topic-subject mismatch conceptually (0.053542ms)
  ✔ Topic-Subject Validation (0.54ms)
  ▶ Step-Specific Prompt Structure
    ✔ learn step must include topic and subject (0.608333ms)
    ✔ test step must include topic and subject (0.11825ms)
    ✔ review step must include topic and subject (0.089792ms)
  ✔ Step-Specific Prompt Structure (0.964875ms)
  ▶ Topic Contamination Rejection
    ✔ learn prompt should not contain cross-topic forbidden patterns (0.214833ms)
    ✔ test prompt should not contain cross-topic forbidden patterns (0.190291ms)
    ✔ apply prompt should not contain cross-topic forbidden patterns (0.084542ms)
  ✔ Topic Contamination Rejection (0.713ms)
  ▶ Fallback Hierarchy
    ✔ review step should have verified_static source when no performance data (0.08ms)
    ✔ review step should have gemini source when performance data exists (0.062125ms)
    ✔ sources should be distinguishable (0.03225ms)
  ✔ Fallback Hierarchy (0.228625ms)
  ▶ Step Progression Logic
    ✔ mastery state progression should be logical (0.05825ms)
    ✔ completion percentage calculation should be logical (0.040042ms)
  ✔ Step Progression Logic (0.122375ms)
✔ generateStudyPackage API - Topic Specificity & Contamination (2.833834ms)
▶ Priority 2: System-Wide Image-Based Question Engine
  ✔ 1. Authoritative IBQ bank contains at least 34 verified clinical IBQ items across all key subjects (0.791917ms)
  ✔ 2. Central VISUAL_CONCEPT_REGISTRY has verified diagnostic assets across 12+ disciplines (0.082875ms)
  ✔ 3. Strict concept matching: WPW query returns ONLY WPW image, NEVER Complete Heart Block (0.172042ms)
  ✔ 4. Strict concept matching: Inferior STEMI returns Inferior STEMI asset with reciprocal changes (0.09925ms)
[VisualEngine] Question: q1 | Subject: medicine | Target: complete third degree av block av dissociation | Matched: med:ecg_complete_heart_block (score: 0.99)
  ✔ 5. Zero unrelated image fallback: An un-imageable topic returns null on server retrieval (no default image) (1726.03525ms)
  ✔ 6. Practice Session Deduplication: Never repeats the same image within a 10-MCQ session (1.21575ms)
  ✔ 7. Dynamic MCQ Engine serves verified IBQs with clean vignettes and option keys (0.820333ms)
  ✔ 8. Adaptive Performance Engine accurately tracks student image accuracy by modality (1.514542ms)
  ✔ 9. Mixed 10-Question Session test across diverse subjects with authentic images and text fallbacks (0.415292ms)
✔ Priority 2: System-Wide Image-Based Question Engine (1732.529875ms)
▶ Frontend Image Question Integration & Option Security
  ✔ 1. Shuffling image-based questions binds correctness to option ID without Option A bias (0.355167ms)
  ✔ 2. 10-Point MCQ Validator accepts verified image-based questions with complete stems and explanations (0.316417ms)
  ✔ 3. Verified image assets contain all necessary fields for zoom modal rendering (0.063792ms)
✔ Frontend Image Question Integration & Option Security (1.089459ms)
=== RUNNING MASTER TOPIC LEARNING ARCHITECTURE & RANDOMIZATION TESTS ===


--- 1. Testing Topic Intelligence, Concept Clusters & Multi-Query Generation ---
  ✓ [Lower Limb - Knee Joint & Nerve Lesions (Peroneal/Tibial)] Has canonical name: Lower Limb - Knee Joint & Nerve Lesions (Peroneal/Tibial)
  ✓ [Lower Limb - Knee Joint & Nerve Lesions (Peroneal/Tibial)] Has >= 3 concept clusters (8)
  ✓ [Lower Limb - Knee Joint & Nerve Lesions (Peroneal/Tibial)] Has >= 3 high-yield keywords
  ✓ [Lower Limb - Knee Joint & Nerve Lesions (Peroneal/Tibial)] Generated 5 targeted search queries
  ✓ [Lower Limb - Knee Joint & Nerve Lesions (Peroneal/Tibial)] Does NOT search raw literal string only
  ✓ [Lower Limb - Knee Joint & Nerve Lesions (Peroneal/Tibial)] Off-target STEMI/ECG text strictly rejected
  ✓ [Upper Limb - Brachial Plexus & Nerve Injuries] Has canonical name: Upper Limb - Brachial Plexus & Nerve Injuries
  ✓ [Upper Limb - Brachial Plexus & Nerve Injuries] Has >= 3 concept clusters (8)
  ✓ [Upper Limb - Brachial Plexus & Nerve Injuries] Has >= 3 high-yield keywords
  ✓ [Upper Limb - Brachial Plexus & Nerve Injuries] Generated 5 targeted search queries
  ✓ [Upper Limb - Brachial Plexus & Nerve Injuries] Does NOT search raw literal string only
  ✓ [Upper Limb - Brachial Plexus & Nerve Injuries] Off-target STEMI/ECG text strictly rejected
  ✓ [Cardiology (ECG, MI, Arrhythmias, Heart Failure)] Has canonical name: Cardiology (ECG, MI, Arrhythmias, Heart Failure)
  ✓ [Cardiology (ECG, MI, Arrhythmias, Heart Failure)] Has >= 3 concept clusters (5)
  ✓ [Cardiology (ECG, MI, Arrhythmias, Heart Failure)] Has >= 3 high-yield keywords
  ✓ [Cardiology (ECG, MI, Arrhythmias, Heart Failure)] Generated 5 targeted search queries
  ✓ [Cardiology (ECG, MI, Arrhythmias, Heart Failure)] Does NOT search raw literal string only
  ✓ [Acute Coronary Syndrome & STEMI] Has canonical name: Cardiology - Acute Coronary Syndromes (ACS) & Heart Failure
  ✓ [Acute Coronary Syndrome & STEMI] Has >= 3 concept clusters (6)
  ✓ [Acute Coronary Syndrome & STEMI] Has >= 3 high-yield keywords
  ✓ [Acute Coronary Syndrome & STEMI] Generated 5 targeted search queries
  ✓ [Acute Coronary Syndrome & STEMI] Does NOT search raw literal string only
  ✓ [Autonomic Nervous System Drugs] Has canonical name: Autonomic Nervous System Drugs
  ✓ [Autonomic Nervous System Drugs] Has >= 3 concept clusters (5)
  ✓ [Autonomic Nervous System Drugs] Has >= 3 high-yield keywords
  ✓ [Autonomic Nervous System Drugs] Generated 5 targeted search queries
  ✓ [Autonomic Nervous System Drugs] Does NOT search raw literal string only
  ✓ [Pre-eclampsia, Eclampsia & MgSO4 Pritchard Regimen] Has canonical name: Pre-eclampsia, Eclampsia & MgSO4 Pritchard Regimen
  ✓ [Pre-eclampsia, Eclampsia & MgSO4 Pritchard Regimen] Has >= 3 concept clusters (5)
  ✓ [Pre-eclampsia, Eclampsia & MgSO4 Pritchard Regimen] Has >= 3 high-yield keywords
  ✓ [Pre-eclampsia, Eclampsia & MgSO4 Pritchard Regimen] Generated 5 targeted search queries
  ✓ [Pre-eclampsia, Eclampsia & MgSO4 Pritchard Regimen] Does NOT search raw literal string only

--- 2. Testing MCQ Option Shuffling & Answer-Position Randomization ---
  ✓ Question #1 has exactly 4 options
  ✓ Question #1 has stable correctOptionId: opt_1_fyt67
  ✓ Question #1 has valid correct letter: A
  ✓ Question #2 has exactly 4 options
  ✓ Question #2 has stable correctOptionId: opt_1_lelce
  ✓ Question #2 has valid correct letter: A
  ✓ Question #3 has exactly 4 options
  ✓ Question #3 has stable correctOptionId: opt_1_fgsw7
  ✓ Question #3 has valid correct letter: D
  ✓ Question #4 has exactly 4 options
  ✓ Question #4 has stable correctOptionId: opt_1_tw599
  ✓ Question #4 has valid correct letter: C
  ✓ Question #5 has exactly 4 options
  ✓ Question #5 has stable correctOptionId: opt_1_qdgdv
  ✓ Question #5 has valid correct letter: D
  ✓ Question #6 has exactly 4 options
  ✓ Question #6 has stable correctOptionId: opt_1_otpsz
  ✓ Question #6 has valid correct letter: A
  ✓ Question #7 has exactly 4 options
  ✓ Question #7 has stable correctOptionId: opt_1_n5qef
  ✓ Question #7 has valid correct letter: B
  ✓ Question #8 has exactly 4 options
  ✓ Question #8 has stable correctOptionId: opt_1_yr6f4
  ✓ Question #8 has valid correct letter: D
  ✓ Question #9 has exactly 4 options
  ✓ Question #9 has stable correctOptionId: opt_1_5ehe3
  ✓ Question #9 has valid correct letter: B
  ✓ Question #10 has exactly 4 options
  ✓ Question #10 has stable correctOptionId: opt_1_39iog
  ✓ Question #10 has valid correct letter: C
  ✓ Question #11 has exactly 4 options
  ✓ Question #11 has stable correctOptionId: opt_1_ea8wl
  ✓ Question #11 has valid correct letter: D
  ✓ Question #12 has exactly 4 options
  ✓ Question #12 has stable correctOptionId: opt_1_vjivy
  ✓ Question #12 has valid correct letter: D
  ✓ Question #13 has exactly 4 options
  ✓ Question #13 has stable correctOptionId: opt_1_h4aql
  ✓ Question #13 has valid correct letter: C
  ✓ Question #14 has exactly 4 options
  ✓ Question #14 has stable correctOptionId: opt_1_pj9hf
  ✓ Question #14 has valid correct letter: C
  ✓ Question #15 has exactly 4 options
  ✓ Question #15 has stable correctOptionId: opt_1_bfy4z
  ✓ Question #15 has valid correct letter: B
  ✓ Question #16 has exactly 4 options
  ✓ Question #16 has stable correctOptionId: opt_1_u3ur4
  ✓ Question #16 has valid correct letter: A
  ✓ Question #17 has exactly 4 options
  ✓ Question #17 has stable correctOptionId: opt_1_g72z0
  ✓ Question #17 has valid correct letter: C
  ✓ Question #18 has exactly 4 options
  ✓ Question #18 has stable correctOptionId: opt_1_hn0ud
  ✓ Question #18 has valid correct letter: C
  ✓ Question #19 has exactly 4 options
  ✓ Question #19 has stable correctOptionId: opt_1_dmfqk
  ✓ Question #19 has valid correct letter: D
  ✓ Question #20 has exactly 4 options
  ✓ Question #20 has stable correctOptionId: opt_1_t9puq
  ✓ Question #20 has valid correct letter: A
  ✓ Question #21 has exactly 4 options
  ✓ Question #21 has stable correctOptionId: opt_1_x0y0w
  ✓ Question #21 has valid correct letter: C
  ✓ Question #22 has exactly 4 options
  ✓ Question #22 has stable correctOptionId: opt_1_4zqtr
  ✓ Question #22 has valid correct letter: C
  ✓ Question #23 has exactly 4 options
  ✓ Question #23 has stable correctOptionId: opt_1_z0ovh
  ✓ Question #23 has valid correct letter: C
  ✓ Question #24 has exactly 4 options
  ✓ Question #24 has stable correctOptionId: opt_1_jk0fn
  ✓ Question #24 has valid correct letter: B
  ✓ Question #25 has exactly 4 options
  ✓ Question #25 has stable correctOptionId: opt_1_xryku
  ✓ Question #25 has valid correct letter: D
  ✓ Question #26 has exactly 4 options
  ✓ Question #26 has stable correctOptionId: opt_1_6ybnp
  ✓ Question #26 has valid correct letter: A
  ✓ Question #27 has exactly 4 options
  ✓ Question #27 has stable correctOptionId: opt_1_hjq7a
  ✓ Question #27 has valid correct letter: A
  ✓ Question #28 has exactly 4 options
  ✓ Question #28 has stable correctOptionId: opt_1_257ob
  ✓ Question #28 has valid correct letter: C
  ✓ Question #29 has exactly 4 options
  ✓ Question #29 has stable correctOptionId: opt_1_uxbcl
  ✓ Question #29 has valid correct letter: C
  ✓ Question #30 has exactly 4 options
  ✓ Question #30 has stable correctOptionId: opt_1_9h8lx
  ✓ Question #30 has valid correct letter: B
  ✓ Question #31 has exactly 4 options
  ✓ Question #31 has stable correctOptionId: opt_1_4qicy
  ✓ Question #31 has valid correct letter: B
  ✓ Question #32 has exactly 4 options
  ✓ Question #32 has stable correctOptionId: opt_1_ar3bm
  ✓ Question #32 has valid correct letter: D
  ✓ Question #33 has exactly 4 options
  ✓ Question #33 has stable correctOptionId: opt_1_o71j9
  ✓ Question #33 has valid correct letter: A
  ✓ Question #34 has exactly 4 options
  ✓ Question #34 has stable correctOptionId: opt_1_qigux
  ✓ Question #34 has valid correct letter: C
  ✓ Question #35 has exactly 4 options
  ✓ Question #35 has stable correctOptionId: opt_1_xc5kl
  ✓ Question #35 has valid correct letter: A
  ✓ Question #36 has exactly 4 options
  ✓ Question #36 has stable correctOptionId: opt_1_xyuj7
  ✓ Question #36 has valid correct letter: A
  ✓ Question #37 has exactly 4 options
  ✓ Question #37 has stable correctOptionId: opt_1_5w8kr
  ✓ Question #37 has valid correct letter: A
  ✓ Question #38 has exactly 4 options
  ✓ Question #38 has stable correctOptionId: opt_1_v406e
  ✓ Question #38 has valid correct letter: D
  ✓ Question #39 has exactly 4 options
  ✓ Question #39 has stable correctOptionId: opt_1_gka60
  ✓ Question #39 has valid correct letter: C
  ✓ Question #40 has exactly 4 options
  ✓ Question #40 has stable correctOptionId: opt_1_gnqa4
  ✓ Question #40 has valid correct letter: B
  ✓ Question #41 has exactly 4 options
  ✓ Question #41 has stable correctOptionId: opt_1_lut5j
  ✓ Question #41 has valid correct letter: A
  ✓ Question #42 has exactly 4 options
  ✓ Question #42 has stable correctOptionId: opt_1_4m72w
  ✓ Question #42 has valid correct letter: A
  ✓ Question #43 has exactly 4 options
  ✓ Question #43 has stable correctOptionId: opt_1_5yyf5
  ✓ Question #43 has valid correct letter: D
  ✓ Question #44 has exactly 4 options
  ✓ Question #44 has stable correctOptionId: opt_1_f06zh
  ✓ Question #44 has valid correct letter: C
  ✓ Question #45 has exactly 4 options
  ✓ Question #45 has stable correctOptionId: opt_1_gsiht
  ✓ Question #45 has valid correct letter: A
  ✓ Question #46 has exactly 4 options
  ✓ Question #46 has stable correctOptionId: opt_1_bhd6s
  ✓ Question #46 has valid correct letter: B
  ✓ Question #47 has exactly 4 options
  ✓ Question #47 has stable correctOptionId: opt_1_nh72p
  ✓ Question #47 has valid correct letter: B
  ✓ Question #48 has exactly 4 options
  ✓ Question #48 has stable correctOptionId: opt_1_70z73
  ✓ Question #48 has valid correct letter: C
  ✓ Question #49 has exactly 4 options
  ✓ Question #49 has stable correctOptionId: opt_1_52aca
  ✓ Question #49 has valid correct letter: C
  ✓ Question #50 has exactly 4 options
  ✓ Question #50 has stable correctOptionId: opt_1_oqyve
  ✓ Question #50 has valid correct letter: C
  ✓ Question #51 has exactly 4 options
  ✓ Question #51 has stable correctOptionId: opt_1_6g5gz
  ✓ Question #51 has valid correct letter: C
  ✓ Question #52 has exactly 4 options
  ✓ Question #52 has stable correctOptionId: opt_1_sdox4
  ✓ Question #52 has valid correct letter: D
  ✓ Question #53 has exactly 4 options
  ✓ Question #53 has stable correctOptionId: opt_1_phscd
  ✓ Question #53 has valid correct letter: B
  ✓ Question #54 has exactly 4 options
  ✓ Question #54 has stable correctOptionId: opt_1_d0cdf
  ✓ Question #54 has valid correct letter: C
  ✓ Question #55 has exactly 4 options
  ✓ Question #55 has stable correctOptionId: opt_1_xqdv5
  ✓ Question #55 has valid correct letter: D
  ✓ Question #56 has exactly 4 options
  ✓ Question #56 has stable correctOptionId: opt_1_ardgc
  ✓ Question #56 has valid correct letter: A
  ✓ Question #57 has exactly 4 options
  ✓ Question #57 has stable correctOptionId: opt_1_et44k
  ✓ Question #57 has valid correct letter: B
  ✓ Question #58 has exactly 4 options
  ✓ Question #58 has stable correctOptionId: opt_1_7c8hc
  ✓ Question #58 has valid correct letter: D
  ✓ Question #59 has exactly 4 options
  ✓ Question #59 has stable correctOptionId: opt_1_nlhxn
  ✓ Question #59 has valid correct letter: C
  ✓ Question #60 has exactly 4 options
  ✓ Question #60 has stable correctOptionId: opt_1_w14ha
  ✓ Question #60 has valid correct letter: D
  ✓ Question #61 has exactly 4 options
  ✓ Question #61 has stable correctOptionId: opt_1_exv8t
  ✓ Question #61 has valid correct letter: D
  ✓ Question #62 has exactly 4 options
  ✓ Question #62 has stable correctOptionId: opt_1_4slgh
  ✓ Question #62 has valid correct letter: A
  ✓ Question #63 has exactly 4 options
  ✓ Question #63 has stable correctOptionId: opt_1_qfhdz
  ✓ Question #63 has valid correct letter: B
  ✓ Question #64 has exactly 4 options
  ✓ Question #64 has stable correctOptionId: opt_1_bnwqi
  ✓ Question #64 has valid correct letter: B
  ✓ Question #65 has exactly 4 options
  ✓ Question #65 has stable correctOptionId: opt_1_18mim
  ✓ Question #65 has valid correct letter: A
  ✓ Question #66 has exactly 4 options
  ✓ Question #66 has stable correctOptionId: opt_1_kb1w9
  ✓ Question #66 has valid correct letter: D
  ✓ Question #67 has exactly 4 options
  ✓ Question #67 has stable correctOptionId: opt_1_zujh2
  ✓ Question #67 has valid correct letter: D
  ✓ Question #68 has exactly 4 options
  ✓ Question #68 has stable correctOptionId: opt_1_i2w98
  ✓ Question #68 has valid correct letter: A
  ✓ Question #69 has exactly 4 options
  ✓ Question #69 has stable correctOptionId: opt_1_1gf48
  ✓ Question #69 has valid correct letter: C
  ✓ Question #70 has exactly 4 options
  ✓ Question #70 has stable correctOptionId: opt_1_3x3gp
  ✓ Question #70 has valid correct letter: A
  ✓ Question #71 has exactly 4 options
  ✓ Question #71 has stable correctOptionId: opt_1_pju2i
  ✓ Question #71 has valid correct letter: D
  ✓ Question #72 has exactly 4 options
  ✓ Question #72 has stable correctOptionId: opt_1_xnmae
  ✓ Question #72 has valid correct letter: B
  ✓ Question #73 has exactly 4 options
  ✓ Question #73 has stable correctOptionId: opt_1_54voy
  ✓ Question #73 has valid correct letter: D
  ✓ Question #74 has exactly 4 options
  ✓ Question #74 has stable correctOptionId: opt_1_livng
  ✓ Question #74 has valid correct letter: B
  ✓ Question #75 has exactly 4 options
  ✓ Question #75 has stable correctOptionId: opt_1_hoptq
  ✓ Question #75 has valid correct letter: D
  ✓ Question #76 has exactly 4 options
  ✓ Question #76 has stable correctOptionId: opt_1_fqrjb
  ✓ Question #76 has valid correct letter: A
  ✓ Question #77 has exactly 4 options
  ✓ Question #77 has stable correctOptionId: opt_1_f0m7h
  ✓ Question #77 has valid correct letter: C
  ✓ Question #78 has exactly 4 options
  ✓ Question #78 has stable correctOptionId: opt_1_nph5k
  ✓ Question #78 has valid correct letter: C
  ✓ Question #79 has exactly 4 options
  ✓ Question #79 has stable correctOptionId: opt_1_705el
  ✓ Question #79 has valid correct letter: A
  ✓ Question #80 has exactly 4 options
  ✓ Question #80 has stable correctOptionId: opt_1_rnibe
  ✓ Question #80 has valid correct letter: B
  ✓ Question #81 has exactly 4 options
  ✓ Question #81 has stable correctOptionId: opt_1_ymhw4
  ✓ Question #81 has valid correct letter: C
  ✓ Question #82 has exactly 4 options
  ✓ Question #82 has stable correctOptionId: opt_1_3ynx4
  ✓ Question #82 has valid correct letter: B
  ✓ Question #83 has exactly 4 options
  ✓ Question #83 has stable correctOptionId: opt_1_i4thj
  ✓ Question #83 has valid correct letter: D
  ✓ Question #84 has exactly 4 options
  ✓ Question #84 has stable correctOptionId: opt_1_rlkd3
  ✓ Question #84 has valid correct letter: D
  ✓ Question #85 has exactly 4 options
  ✓ Question #85 has stable correctOptionId: opt_1_2fwop
  ✓ Question #85 has valid correct letter: C
  ✓ Question #86 has exactly 4 options
  ✓ Question #86 has stable correctOptionId: opt_1_z5wwc
  ✓ Question #86 has valid correct letter: A
  ✓ Question #87 has exactly 4 options
  ✓ Question #87 has stable correctOptionId: opt_1_fxtcf
  ✓ Question #87 has valid correct letter: B
  ✓ Question #88 has exactly 4 options
  ✓ Question #88 has stable correctOptionId: opt_1_3giol
  ✓ Question #88 has valid correct letter: B
  ✓ Question #89 has exactly 4 options
  ✓ Question #89 has stable correctOptionId: opt_1_ik1is
  ✓ Question #89 has valid correct letter: B
  ✓ Question #90 has exactly 4 options
  ✓ Question #90 has stable correctOptionId: opt_1_c4x6r
  ✓ Question #90 has valid correct letter: D
  ✓ Question #91 has exactly 4 options
  ✓ Question #91 has stable correctOptionId: opt_1_vot5y
  ✓ Question #91 has valid correct letter: D
  ✓ Question #92 has exactly 4 options
  ✓ Question #92 has stable correctOptionId: opt_1_5vswc
  ✓ Question #92 has valid correct letter: C
  ✓ Question #93 has exactly 4 options
  ✓ Question #93 has stable correctOptionId: opt_1_ep262
  ✓ Question #93 has valid correct letter: A
  ✓ Question #94 has exactly 4 options
  ✓ Question #94 has stable correctOptionId: opt_1_9eoai
  ✓ Question #94 has valid correct letter: A
  ✓ Question #95 has exactly 4 options
  ✓ Question #95 has stable correctOptionId: opt_1_tpftc
  ✓ Question #95 has valid correct letter: B
  ✓ Question #96 has exactly 4 options
  ✓ Question #96 has stable correctOptionId: opt_1_35ejc
  ✓ Question #96 has valid correct letter: A
  ✓ Question #97 has exactly 4 options
  ✓ Question #97 has stable correctOptionId: opt_1_vtwn6
  ✓ Question #97 has valid correct letter: A
  ✓ Question #98 has exactly 4 options
  ✓ Question #98 has stable correctOptionId: opt_1_x7kpx
  ✓ Question #98 has valid correct letter: A
  ✓ Question #99 has exactly 4 options
  ✓ Question #99 has stable correctOptionId: opt_1_358vy
  ✓ Question #99 has valid correct letter: D
  ✓ Question #100 has exactly 4 options
  ✓ Question #100 has stable correctOptionId: opt_1_h9mne
  ✓ Question #100 has valid correct letter: A
  ✓ Question #101 has exactly 4 options
  ✓ Question #101 has stable correctOptionId: opt_1_q0k0d
  ✓ Question #101 has valid correct letter: D
  ✓ Question #102 has exactly 4 options
  ✓ Question #102 has stable correctOptionId: opt_1_5lnlk
  ✓ Question #102 has valid correct letter: C
  ✓ Question #103 has exactly 4 options
  ✓ Question #103 has stable correctOptionId: opt_1_d4yfb
  ✓ Question #103 has valid correct letter: D
  ✓ Question #104 has exactly 4 options
  ✓ Question #104 has stable correctOptionId: opt_1_x7314
  ✓ Question #104 has valid correct letter: D
  ✓ Question #105 has exactly 4 options
  ✓ Question #105 has stable correctOptionId: opt_1_x91sz
  ✓ Question #105 has valid correct letter: B
  ✓ Question #106 has exactly 4 options
  ✓ Question #106 has stable correctOptionId: opt_1_w2sy0
  ✓ Question #106 has valid correct letter: D
  ✓ Question #107 has exactly 4 options
  ✓ Question #107 has stable correctOptionId: opt_1_yhcss
  ✓ Question #107 has valid correct letter: D
  ✓ Question #108 has exactly 4 options
  ✓ Question #108 has stable correctOptionId: opt_1_4l7vc
  ✓ Question #108 has valid correct letter: C
  ✓ Question #109 has exactly 4 options
  ✓ Question #109 has stable correctOptionId: opt_1_g03ab
  ✓ Question #109 has valid correct letter: D
  ✓ Question #110 has exactly 4 options
  ✓ Question #110 has stable correctOptionId: opt_1_c998d
  ✓ Question #110 has valid correct letter: C
  ✓ Question #111 has exactly 4 options
  ✓ Question #111 has stable correctOptionId: opt_1_o5pft
  ✓ Question #111 has valid correct letter: B
  ✓ Question #112 has exactly 4 options
  ✓ Question #112 has stable correctOptionId: opt_1_g1dxd
  ✓ Question #112 has valid correct letter: D
  ✓ Question #113 has exactly 4 options
  ✓ Question #113 has stable correctOptionId: opt_1_7sfpn
  ✓ Question #113 has valid correct letter: D
  ✓ Question #114 has exactly 4 options
  ✓ Question #114 has stable correctOptionId: opt_1_9y9a4
  ✓ Question #114 has valid correct letter: A
  ✓ Question #115 has exactly 4 options
  ✓ Question #115 has stable correctOptionId: opt_1_1a1zl
  ✓ Question #115 has valid correct letter: A
  ✓ Question #116 has exactly 4 options
  ✓ Question #116 has stable correctOptionId: opt_1_qx98y
  ✓ Question #116 has valid correct letter: C
  ✓ Question #117 has exactly 4 options
  ✓ Question #117 has stable correctOptionId: opt_1_0bgoc
  ✓ Question #117 has valid correct letter: C
  ✓ Question #118 has exactly 4 options
  ✓ Question #118 has stable correctOptionId: opt_1_2g2fw
  ✓ Question #118 has valid correct letter: B
  ✓ Question #119 has exactly 4 options
  ✓ Question #119 has stable correctOptionId: opt_1_xh4vw
  ✓ Question #119 has valid correct letter: D
  ✓ Question #120 has exactly 4 options
  ✓ Question #120 has stable correctOptionId: opt_1_se8ts
  ✓ Question #120 has valid correct letter: A
Answer distribution across 120 randomized questions: { A: 31, B: 24, C: 31, D: 34 }
  ✓ All 4 answer positions (A, B, C, D) are actively represented
  ✓ Option A is NOT over-represented (A count: 31 / 120)
  ✓ INITIAL_TELEGRAM_MCQS starts with 0 presets in clean architecture

--- 3. Testing High-Yield Flashcard & Visual Slide Engines ---
  ✓ [Lower Limb - Knee Joint & Nerve Lesions (Peroneal/Tibial)] Flashcard deck contains 10 cards
  ✓ [Lower Limb - Knee Joint & Nerve Lesions (Peroneal/Tibial)] All flashcards have substantial front/back content
  ✓ [Lower Limb - Knee Joint & Nerve Lesions (Peroneal/Tibial)] Slide deck contains 6 slides
  ✓ [Lower Limb - Knee Joint & Nerve Lesions (Peroneal/Tibial)] Slides have structured bullet points
  ✓ [Upper Limb - Brachial Plexus & Nerve Injuries] Flashcard deck contains 5 cards
  ✓ [Upper Limb - Brachial Plexus & Nerve Injuries] All flashcards have substantial front/back content
  ✓ [Upper Limb - Brachial Plexus & Nerve Injuries] Slide deck contains 4 slides
  ✓ [Upper Limb - Brachial Plexus & Nerve Injuries] Slides have structured bullet points
  ✓ [Cardiology (ECG, MI, Arrhythmias, Heart Failure)] Flashcard deck contains 5 cards
  ✓ [Cardiology (ECG, MI, Arrhythmias, Heart Failure)] All flashcards have substantial front/back content
  ✓ [Cardiology (ECG, MI, Arrhythmias, Heart Failure)] Slide deck contains 4 slides
  ✓ [Cardiology (ECG, MI, Arrhythmias, Heart Failure)] Slides have structured bullet points
  ✓ [Acute Coronary Syndrome & STEMI] Flashcard deck contains 5 cards
  ✓ [Acute Coronary Syndrome & STEMI] All flashcards have substantial front/back content
  ✓ [Acute Coronary Syndrome & STEMI] Slide deck contains 4 slides
  ✓ [Acute Coronary Syndrome & STEMI] Slides have structured bullet points
  ✓ [Autonomic Nervous System Drugs] Flashcard deck contains 5 cards
  ✓ [Autonomic Nervous System Drugs] All flashcards have substantial front/back content
  ✓ [Autonomic Nervous System Drugs] Slide deck contains 4 slides
  ✓ [Autonomic Nervous System Drugs] Slides have structured bullet points
  ✓ [Pre-eclampsia, Eclampsia & MgSO4 Pritchard Regimen] Flashcard deck contains 5 cards
  ✓ [Pre-eclampsia, Eclampsia & MgSO4 Pritchard Regimen] All flashcards have substantial front/back content
  ✓ [Pre-eclampsia, Eclampsia & MgSO4 Pritchard Regimen] Slide deck contains 4 slides
  ✓ [Pre-eclampsia, Eclampsia & MgSO4 Pritchard Regimen] Slides have structured bullet points

--- 4. Testing 10-Question MCQ Practice Sessions & Validation ---
[VisualEngine] Question: verified-anatomy-anat-4-1 | Subject: anatomy | Target: knee joint acl ligament lachman | Matched: anat:knee_cruciate_ligaments (score: 0.99)
[VisualEngine] Question: verified-anatomy-anat-4-2 | Subject: anatomy | RequiresImage: false -> Text-only
[VisualEngine] Question: verified-anatomy-anat-4-facet-3 | Subject: anatomy | RequiresImage: false -> Text-only
[VisualEngine] Question: verified-anatomy-anat-4-facet-4 | Subject: anatomy | RequiresImage: false -> Text-only
[VisualEngine] Question: verified-anatomy-anat-4-facet-5 | Subject: anatomy | RequiresImage: false -> Text-only
[VisualEngine] Question: verified-anatomy-anat-4-facet-6 | Subject: anatomy | RequiresImage: false -> Text-only
[VisualEngine] Question: verified-anatomy-anat-4-facet-7 | Subject: anatomy | RequiresImage: false -> Text-only
[VisualEngine] Question: verified-anatomy-anat-4-facet-8 | Subject: anatomy | RequiresImage: false -> Text-only
[VisualEngine] Question: verified-anatomy-anat-4-facet-9 | Subject: anatomy | RequiresImage: false -> Text-only
[VisualEngine] Question: verified-anatomy-anat-4-facet-10 | Subject: anatomy | RequiresImage: false -> Text-only
  ✓ [Lower Limb - Knee Joint & Nerve Lesions (Peroneal/Tibial)] Produced exactly 10 questions
  ✓ [Lower Limb - Knee Joint & Nerve Lesions (Peroneal/Tibial)] 10-question session has varied answer positions (contains: A, D, B, C)
  ✓ [Lower Limb - Knee Joint & Nerve Lesions (Peroneal/Tibial)] Q1 passed 10-point comprehensive MCQ validator
  ✓ [Lower Limb - Knee Joint & Nerve Lesions (Peroneal/Tibial)] Q2 passed 10-point comprehensive MCQ validator
  ✓ [Lower Limb - Knee Joint & Nerve Lesions (Peroneal/Tibial)] Q3 passed 10-point comprehensive MCQ validator
  ✓ [Lower Limb - Knee Joint & Nerve Lesions (Peroneal/Tibial)] Q4 passed 10-point comprehensive MCQ validator
  ✓ [Lower Limb - Knee Joint & Nerve Lesions (Peroneal/Tibial)] Q5 passed 10-point comprehensive MCQ validator
  ✓ [Lower Limb - Knee Joint & Nerve Lesions (Peroneal/Tibial)] Q6 passed 10-point comprehensive MCQ validator
  ✓ [Lower Limb - Knee Joint & Nerve Lesions (Peroneal/Tibial)] Q7 passed 10-point comprehensive MCQ validator
  ✓ [Lower Limb - Knee Joint & Nerve Lesions (Peroneal/Tibial)] Q8 passed 10-point comprehensive MCQ validator
  ✓ [Lower Limb - Knee Joint & Nerve Lesions (Peroneal/Tibial)] Q9 passed 10-point comprehensive MCQ validator
  ✓ [Lower Limb - Knee Joint & Nerve Lesions (Peroneal/Tibial)] Q10 passed 10-point comprehensive MCQ validator
[VisualEngine] Question: verified-anatomy-anat-1-1 | Subject: anatomy | Target: brachial plexus upper trunk | Matched: anat:brachial_plexus_c5_c6 (score: 0.99)
[VisualEngine] Question: verified-anatomy-anat-1-2 | Subject: anatomy | Target: klumpke total claw hand | Matched: anat:klumpke_claw_hand (score: 0.99)
[VisualEngine] Question: verified-anatomy-anat-1-3 | Subject: anatomy | RequiresImage: false -> Text-only
[VisualEngine] Question: verified-anatomy-anat-1-4 | Subject: anatomy | RequiresImage: false -> Text-only
[VisualEngine] Question: verified-anatomy-anat-1-5 | Subject: anatomy | RequiresImage: false -> Text-only
[VisualEngine] Question: verified-anatomy-anat-1-6 | Subject: anatomy | RequiresImage: false -> Text-only
[VisualEngine] Question: verified-anatomy-anat-1-facet-7 | Subject: anatomy | RequiresImage: false -> Text-only
[VisualEngine] Question: verified-anatomy-anat-1-facet-8 | Subject: anatomy | RequiresImage: false -> Text-only
[VisualEngine] Question: verified-anatomy-anat-1-facet-9 | Subject: anatomy | RequiresImage: false -> Text-only
[VisualEngine] Question: verified-anatomy-anat-1-facet-10 | Subject: anatomy | RequiresImage: false -> Text-only
  ✓ [Upper Limb - Brachial Plexus & Nerve Injuries] Produced exactly 10 questions
  ✓ [Upper Limb - Brachial Plexus & Nerve Injuries] 10-question session has varied answer positions (contains: A, C, D, B)
  ✓ [Upper Limb - Brachial Plexus & Nerve Injuries] Q1 passed 10-point comprehensive MCQ validator
  ✓ [Upper Limb - Brachial Plexus & Nerve Injuries] Q2 passed 10-point comprehensive MCQ validator
  ✓ [Upper Limb - Brachial Plexus & Nerve Injuries] Q3 passed 10-point comprehensive MCQ validator
  ✓ [Upper Limb - Brachial Plexus & Nerve Injuries] Q4 passed 10-point comprehensive MCQ validator
  ✓ [Upper Limb - Brachial Plexus & Nerve Injuries] Q5 passed 10-point comprehensive MCQ validator
  ✓ [Upper Limb - Brachial Plexus & Nerve Injuries] Q6 passed 10-point comprehensive MCQ validator
  ✓ [Upper Limb - Brachial Plexus & Nerve Injuries] Q7 passed 10-point comprehensive MCQ validator
  ✓ [Upper Limb - Brachial Plexus & Nerve Injuries] Q8 passed 10-point comprehensive MCQ validator
  ✓ [Upper Limb - Brachial Plexus & Nerve Injuries] Q9 passed 10-point comprehensive MCQ validator
  ✓ [Upper Limb - Brachial Plexus & Nerve Injuries] Q10 passed 10-point comprehensive MCQ validator
[VisualEngine] Question: ibq-fmge_ibq_22-1788466584658 | Subject: medicine | Target: WPW syndrome ECG (Delta wave) | Matched: med:ecg_wpw_syndrome (score: 0.96)
[VisualEngine] Question: verified-medicine-med-1-1 | Subject: medicine | Target: inferior stemi with right ventricular involvement | Matched: med:ecg_inferior_stemi (score: 0.99)
[VisualEngine] Question: verified-medicine-med-1-2 | Subject: medicine | Target: complete third degree av block av dissociation | Matched: med:ecg_complete_heart_block (score: 0.99)
[VisualEngine] Question: verified-medicine-med-1-3 | Subject: medicine | Target: anterior stemi lad occlusion leads v1 v4 | Matched: med:ecg_anterior_stemi (score: 0.99)
[VisualEngine] Question: verified-medicine-med-1-4 | Subject: medicine | Target: wolff parkinson white wpw delta wave | Matched: cardio:wpw_syndrome_jpg (score: 0.99)
[VisualEngine] Question: verified-medicine-med-1-facet-6 | Subject: medicine | RequiresImage: false -> Text-only
[VisualEngine] Question: verified-medicine-med-1-facet-7 | Subject: medicine | RequiresImage: false -> Text-only
[VisualEngine] Question: verified-medicine-med-1-facet-8 | Subject: medicine | RequiresImage: false -> Text-only
[VisualEngine] Question: verified-medicine-med-1-facet-9 | Subject: medicine | RequiresImage: false -> Text-only
[VisualEngine] Question: verified-medicine-med-1-facet-10 | Subject: medicine | RequiresImage: false -> Text-only
  ✓ [Cardiology (ECG, MI, Arrhythmias, Heart Failure)] Produced exactly 10 questions
  ✓ [Cardiology (ECG, MI, Arrhythmias, Heart Failure)] 10-question session has varied answer positions (contains: B, C, D, A)
  ✓ [Cardiology (ECG, MI, Arrhythmias, Heart Failure)] Q1 passed 10-point comprehensive MCQ validator
  ✓ [Cardiology (ECG, MI, Arrhythmias, Heart Failure)] Q2 passed 10-point comprehensive MCQ validator
  ✓ [Cardiology (ECG, MI, Arrhythmias, Heart Failure)] Q3 passed 10-point comprehensive MCQ validator
  ✓ [Cardiology (ECG, MI, Arrhythmias, Heart Failure)] Q4 passed 10-point comprehensive MCQ validator
  ✓ [Cardiology (ECG, MI, Arrhythmias, Heart Failure)] Q5 passed 10-point comprehensive MCQ validator
  ✓ [Cardiology (ECG, MI, Arrhythmias, Heart Failure)] Q6 passed 10-point comprehensive MCQ validator
  ✓ [Cardiology (ECG, MI, Arrhythmias, Heart Failure)] Q7 passed 10-point comprehensive MCQ validator
  ✓ [Cardiology (ECG, MI, Arrhythmias, Heart Failure)] Q8 passed 10-point comprehensive MCQ validator
  ✓ [Cardiology (ECG, MI, Arrhythmias, Heart Failure)] Q9 passed 10-point comprehensive MCQ validator
  ✓ [Cardiology (ECG, MI, Arrhythmias, Heart Failure)] Q10 passed 10-point comprehensive MCQ validator
[VisualEngine] Question: verified-medicine-med-1-1 | Subject: medicine | Target: inferior stemi with right ventricular involvement | Matched: med:ecg_inferior_stemi (score: 0.99)
[VisualEngine] Question: verified-medicine-med-1-3 | Subject: medicine | Target: anterior stemi lad occlusion leads v1 v4 | Matched: med:ecg_anterior_stemi (score: 0.99)
[VisualEngine] Question: verified-medicine-med-1-2 | Subject: medicine | Target: complete third degree av block av dissociation | Matched: med:ecg_complete_heart_block (score: 0.99)
[VisualEngine] Question: verified-medicine-med-1-4 | Subject: medicine | Target: wolff parkinson white wpw delta wave | Matched: med:ecg_wpw_syndrome (score: 0.99)
[VisualEngine] Question: verified-medicine-med-1-facet-5 | Subject: medicine | RequiresImage: false -> Text-only
[VisualEngine] Question: verified-medicine-med-1-facet-6 | Subject: medicine | RequiresImage: false -> Text-only
[VisualEngine] Question: verified-medicine-med-1-facet-7 | Subject: medicine | RequiresImage: false -> Text-only
[VisualEngine] Question: verified-medicine-med-1-facet-8 | Subject: medicine | RequiresImage: false -> Text-only
[VisualEngine] Question: verified-medicine-med-1-facet-9 | Subject: medicine | RequiresImage: false -> Text-only
[VisualEngine] Question: verified-medicine-med-1-facet-10 | Subject: medicine | RequiresImage: false -> Text-only
  ✓ [Acute Coronary Syndrome & STEMI] Produced exactly 10 questions
  ✓ [Acute Coronary Syndrome & STEMI] 10-question session has varied answer positions (contains: D, C, A, B)
  ✓ [Acute Coronary Syndrome & STEMI] Q1 passed 10-point comprehensive MCQ validator
  ✓ [Acute Coronary Syndrome & STEMI] Q2 passed 10-point comprehensive MCQ validator
  ✓ [Acute Coronary Syndrome & STEMI] Q4 passed 10-point comprehensive MCQ validator
  ✓ [Acute Coronary Syndrome & STEMI] Q5 passed 10-point comprehensive MCQ validator
  ✓ [Acute Coronary Syndrome & STEMI] Q6 passed 10-point comprehensive MCQ validator
  ✓ [Acute Coronary Syndrome & STEMI] Q7 passed 10-point comprehensive MCQ validator
  ✓ [Acute Coronary Syndrome & STEMI] Q8 passed 10-point comprehensive MCQ validator
  ✓ [Acute Coronary Syndrome & STEMI] Q9 passed 10-point comprehensive MCQ validator
  ✓ [Acute Coronary Syndrome & STEMI] Q10 passed 10-point comprehensive MCQ validator
  ✗ FAIL: [Acute Coronary Syndrome & STEMI] Q3 passed 10-point comprehensive MCQ validator
[VisualEngine] Question: verified-pharmacology-pharm-1-1 | Subject: pharmacology | Target: log dose response curve competitive antagonist | Matched: pharm:dose_response_competitive_antagonist (score: 0.99)
[VisualEngine] Question: verified-pharmacology-pharm-1-facet-2 | Subject: pharmacology | RequiresImage: false -> Text-only
[VisualEngine] Question: verified-pharmacology-pharm-1-facet-3 | Subject: pharmacology | RequiresImage: false -> Text-only
[VisualEngine] Question: verified-pharmacology-pharm-1-facet-4 | Subject: pharmacology | RequiresImage: false -> Text-only
[VisualEngine] Question: verified-pharmacology-pharm-1-facet-5 | Subject: pharmacology | RequiresImage: false -> Text-only
[VisualEngine] Question: verified-pharmacology-pharm-1-facet-6 | Subject: pharmacology | RequiresImage: false -> Text-only
[VisualEngine] Question: verified-pharmacology-pharm-1-facet-7 | Subject: pharmacology | RequiresImage: false -> Text-only
[VisualEngine] Question: verified-pharmacology-pharm-1-facet-8 | Subject: pharmacology | RequiresImage: false -> Text-only
[VisualEngine] Question: verified-pharmacology-pharm-1-facet-9 | Subject: pharmacology | RequiresImage: false -> Text-only
[VisualEngine] Question: verified-pharmacology-pharm-1-facet-10 | Subject: pharmacology | RequiresImage: false -> Text-only
  ✓ [Autonomic Nervous System Drugs] Produced exactly 10 questions
  ✓ [Autonomic Nervous System Drugs] 10-question session has varied answer positions (contains: B, A, D, C)
  ✓ [Autonomic Nervous System Drugs] Q1 passed 10-point comprehensive MCQ validator
  ✓ [Autonomic Nervous System Drugs] Q2 passed 10-point comprehensive MCQ validator
  ✓ [Autonomic Nervous System Drugs] Q3 passed 10-point comprehensive MCQ validator
  ✓ [Autonomic Nervous System Drugs] Q4 passed 10-point comprehensive MCQ validator
  ✓ [Autonomic Nervous System Drugs] Q5 passed 10-point comprehensive MCQ validator
  ✓ [Autonomic Nervous System Drugs] Q6 passed 10-point comprehensive MCQ validator
  ✓ [Autonomic Nervous System Drugs] Q7 passed 10-point comprehensive MCQ validator
  ✓ [Autonomic Nervous System Drugs] Q8 passed 10-point comprehensive MCQ validator
  ✓ [Autonomic Nervous System Drugs] Q9 passed 10-point comprehensive MCQ validator
  ✓ [Autonomic Nervous System Drugs] Q10 passed 10-point comprehensive MCQ validator
[VisualEngine] Question: verified-obg-obg-2-facet-1 | Subject: obg | RequiresImage: false -> Text-only
[VisualEngine] Question: verified-obg-obg-2-facet-2 | Subject: obg | RequiresImage: false -> Text-only
[VisualEngine] Question: verified-obg-obg-2-facet-3 | Subject: obg | RequiresImage: false -> Text-only
[VisualEngine] Question: verified-obg-obg-2-facet-4 | Subject: obg | RequiresImage: false -> Text-only
[VisualEngine] Question: verified-obg-obg-2-facet-5 | Subject: obg | RequiresImage: false -> Text-only
[VisualEngine] Question: verified-obg-obg-2-facet-6 | Subject: obg | RequiresImage: false -> Text-only
[VisualEngine] Question: verified-obg-obg-2-facet-7 | Subject: obg | RequiresImage: false -> Text-only
[VisualEngine] Question: verified-obg-obg-2-facet-8 | Subject: obg | RequiresImage: false -> Text-only
[VisualEngine] Question: verified-obg-obg-2-facet-9 | Subject: obg | RequiresImage: false -> Text-only
[VisualEngine] Question: verified-obg-obg-2-facet-10 | Subject: obg | RequiresImage: false -> Text-only
  ✓ [Pre-eclampsia, Eclampsia & MgSO4 Pritchard Regimen] Produced exactly 10 questions
  ✓ [Pre-eclampsia, Eclampsia & MgSO4 Pritchard Regimen] 10-question session has varied answer positions (contains: A, C, D)
  ✓ [Pre-eclampsia, Eclampsia & MgSO4 Pritchard Regimen] Q1 passed 10-point comprehensive MCQ validator
  ✓ [Pre-eclampsia, Eclampsia & MgSO4 Pritchard Regimen] Q2 passed 10-point comprehensive MCQ validator
  ✓ [Pre-eclampsia, Eclampsia & MgSO4 Pritchard Regimen] Q3 passed 10-point comprehensive MCQ validator
  ✓ [Pre-eclampsia, Eclampsia & MgSO4 Pritchard Regimen] Q4 passed 10-point comprehensive MCQ validator
  ✓ [Pre-eclampsia, Eclampsia & MgSO4 Pritchard Regimen] Q5 passed 10-point comprehensive MCQ validator
  ✓ [Pre-eclampsia, Eclampsia & MgSO4 Pritchard Regimen] Q6 passed 10-point comprehensive MCQ validator
  ✓ [Pre-eclampsia, Eclampsia & MgSO4 Pritchard Regimen] Q7 passed 10-point comprehensive MCQ validator
  ✓ [Pre-eclampsia, Eclampsia & MgSO4 Pritchard Regimen] Q8 passed 10-point comprehensive MCQ validator
  ✓ [Pre-eclampsia, Eclampsia & MgSO4 Pritchard Regimen] Q9 passed 10-point comprehensive MCQ validator
  ✓ [Pre-eclampsia, Eclampsia & MgSO4 Pritchard Regimen] Q10 passed 10-point comprehensive MCQ validator

--- 5. Testing Performance Engine & Error Vault Connection ---
[VisualEngine] Question: verified-anatomy-anat-4-1 | Subject: anatomy | Target: knee joint acl ligament lachman | Matched: anat:knee_cruciate_ligaments (score: 0.99)
[VisualEngine] Question: verified-anatomy-anat-4-2 | Subject: anatomy | RequiresImage: false -> Text-only
[VisualEngine] Question: verified-anatomy-anat-4-facet-3 | Subject: anatomy | RequiresImage: false -> Text-only
[VisualEngine] Question: verified-anatomy-anat-4-facet-4 | Subject: anatomy | RequiresImage: false -> Text-only
[VisualEngine] Question: verified-anatomy-anat-4-facet-5 | Subject: anatomy | RequiresImage: false -> Text-only
[VisualEngine] Question: verified-anatomy-anat-4-facet-6 | Subject: anatomy | RequiresImage: false -> Text-only
[VisualEngine] Question: verified-anatomy-anat-4-facet-7 | Subject: anatomy | RequiresImage: false -> Text-only
[VisualEngine] Question: verified-anatomy-anat-4-facet-8 | Subject: anatomy | RequiresImage: false -> Text-only
[VisualEngine] Question: verified-anatomy-anat-4-facet-9 | Subject: anatomy | RequiresImage: false -> Text-only
[VisualEngine] Question: verified-anatomy-anat-4-facet-10 | Subject: anatomy | RequiresImage: false -> Text-only
  ✓ 10 MCQ attempts saved in State
  ✓ Metrics calculated 10 total attempts for anat-4
  ✓ Metrics calculated 70% accuracy (Actual: 70%)
  ✓ Error Vault detected and counted 1 repeated error

================================================
ALL MASTER LEARNING TESTS COMPLETED: 494 passed, 1 failed.
================================================
✖ src/utils/__tests__/masterTopicLearningArchitecture.test.ts (157.4205ms)
================================================================
        AUDIT: MCQ ATTEMPT & PERFORMANCE ENGINE ARCHITECTURE    
================================================================

--- 1. AUDITING 100+ MCQS FOR ANSWER POSITION DISTRIBUTION ---
[VisualEngine] Question: verified-anatomy-anat-4-1 | Subject: anatomy | Target: knee joint acl ligament lachman | Matched: anat:knee_cruciate_ligaments (score: 0.99)
[VisualEngine] Question: verified-anatomy-anat-4-2 | Subject: anatomy | RequiresImage: false -> Text-only
[VisualEngine] Question: verified-anatomy-anat-4-facet-3 | Subject: anatomy | RequiresImage: false -> Text-only
[VisualEngine] Question: verified-anatomy-anat-4-facet-4 | Subject: anatomy | RequiresImage: false -> Text-only
[VisualEngine] Question: verified-anatomy-anat-4-facet-5 | Subject: anatomy | RequiresImage: false -> Text-only
[VisualEngine] Question: verified-anatomy-anat-4-facet-6 | Subject: anatomy | RequiresImage: false -> Text-only
[VisualEngine] Question: verified-anatomy-anat-4-facet-7 | Subject: anatomy | RequiresImage: false -> Text-only
[VisualEngine] Question: verified-anatomy-anat-4-facet-8 | Subject: anatomy | RequiresImage: false -> Text-only
[VisualEngine] Question: verified-anatomy-anat-4-facet-9 | Subject: anatomy | RequiresImage: false -> Text-only
[VisualEngine] Question: verified-anatomy-anat-4-facet-10 | Subject: anatomy | RequiresImage: false -> Text-only
[VisualEngine] Question: verified-anatomy-anat-4-1 | Subject: anatomy | Target: knee joint acl ligament lachman | Matched: anat:knee_cruciate_ligaments (score: 0.99)
[VisualEngine] Question: verified-anatomy-anat-4-2 | Subject: anatomy | RequiresImage: false -> Text-only
[VisualEngine] Question: verified-anatomy-anat-4-facet-3 | Subject: anatomy | RequiresImage: false -> Text-only
[VisualEngine] Question: verified-anatomy-anat-4-facet-4 | Subject: anatomy | RequiresImage: false -> Text-only
[VisualEngine] Question: verified-anatomy-anat-4-facet-5 | Subject: anatomy | RequiresImage: false -> Text-only
[VisualEngine] Question: verified-anatomy-anat-4-facet-6 | Subject: anatomy | RequiresImage: false -> Text-only
[VisualEngine] Question: verified-anatomy-anat-4-facet-7 | Subject: anatomy | RequiresImage: false -> Text-only
[VisualEngine] Question: verified-anatomy-anat-4-facet-8 | Subject: anatomy | RequiresImage: false -> Text-only
[VisualEngine] Question: verified-anatomy-anat-4-facet-9 | Subject: anatomy | RequiresImage: false -> Text-only
[VisualEngine] Question: verified-anatomy-anat-4-facet-10 | Subject: anatomy | RequiresImage: false -> Text-only
[VisualEngine] Question: verified-anatomy-anat-1-1 | Subject: anatomy | Target: brachial plexus upper trunk | Matched: anat:brachial_plexus_c5_c6 (score: 0.99)
[VisualEngine] Question: verified-anatomy-anat-1-2 | Subject: anatomy | Target: klumpke total claw hand | Matched: anat:klumpke_claw_hand (score: 0.99)
[VisualEngine] Question: verified-anatomy-anat-1-3 | Subject: anatomy | RequiresImage: false -> Text-only
[VisualEngine] Question: verified-anatomy-anat-1-4 | Subject: anatomy | RequiresImage: false -> Text-only
[VisualEngine] Question: verified-anatomy-anat-1-5 | Subject: anatomy | RequiresImage: false -> Text-only
[VisualEngine] Question: verified-anatomy-anat-1-6 | Subject: anatomy | RequiresImage: false -> Text-only
[VisualEngine] Question: verified-anatomy-anat-1-facet-7 | Subject: anatomy | RequiresImage: false -> Text-only
[VisualEngine] Question: verified-anatomy-anat-1-facet-8 | Subject: anatomy | RequiresImage: false -> Text-only
[VisualEngine] Question: verified-anatomy-anat-1-facet-9 | Subject: anatomy | RequiresImage: false -> Text-only
[VisualEngine] Question: verified-anatomy-anat-1-facet-10 | Subject: anatomy | RequiresImage: false -> Text-only
[VisualEngine] Question: verified-anatomy-anat-1-1 | Subject: anatomy | Target: brachial plexus upper trunk | Matched: anat:brachial_plexus_c5_c6 (score: 0.99)
[VisualEngine] Question: verified-anatomy-anat-1-2 | Subject: anatomy | Target: klumpke total claw hand | Matched: anat:klumpke_claw_hand (score: 0.99)
[VisualEngine] Question: verified-anatomy-anat-1-3 | Subject: anatomy | RequiresImage: false -> Text-only
[VisualEngine] Question: verified-anatomy-anat-1-4 | Subject: anatomy | RequiresImage: false -> Text-only
[VisualEngine] Question: verified-anatomy-anat-1-5 | Subject: anatomy | RequiresImage: false -> Text-only
[VisualEngine] Question: verified-anatomy-anat-1-6 | Subject: anatomy | RequiresImage: false -> Text-only
[VisualEngine] Question: verified-anatomy-anat-1-facet-7 | Subject: anatomy | RequiresImage: false -> Text-only
[VisualEngine] Question: verified-anatomy-anat-1-facet-8 | Subject: anatomy | RequiresImage: false -> Text-only
[VisualEngine] Question: verified-anatomy-anat-1-facet-9 | Subject: anatomy | RequiresImage: false -> Text-only
[VisualEngine] Question: verified-anatomy-anat-1-facet-10 | Subject: anatomy | RequiresImage: false -> Text-only
[VisualEngine] Question: verified-anatomy-anat-5-facet-1 | Subject: anatomy | RequiresImage: false -> Text-only
[VisualEngine] Question: verified-anatomy-anat-5-facet-2 | Subject: anatomy | RequiresImage: false -> Text-only
[VisualEngine] Question: verified-anatomy-anat-5-facet-3 | Subject: anatomy | RequiresImage: false -> Text-only
[VisualEngine] Question: verified-anatomy-anat-5-facet-4 | Subject: anatomy | RequiresImage: false -> Text-only
[VisualEngine] Question: verified-anatomy-anat-5-facet-5 | Subject: anatomy | RequiresImage: false -> Text-only
[VisualEngine] Question: verified-anatomy-anat-5-facet-6 | Subject: anatomy | RequiresImage: false -> Text-only
[VisualEngine] Question: verified-anatomy-anat-5-facet-7 | Subject: anatomy | RequiresImage: false -> Text-only
[VisualEngine] Question: verified-anatomy-anat-5-facet-8 | Subject: anatomy | RequiresImage: false -> Text-only
[VisualEngine] Question: verified-anatomy-anat-5-facet-9 | Subject: anatomy | RequiresImage: false -> Text-only
[VisualEngine] Question: verified-anatomy-anat-5-facet-10 | Subject: anatomy | RequiresImage: false -> Text-only
[VisualEngine] Question: verified-anatomy-anat-5-facet-1 | Subject: anatomy | RequiresImage: false -> Text-only
[VisualEngine] Question: verified-anatomy-anat-5-facet-2 | Subject: anatomy | RequiresImage: false -> Text-only
[VisualEngine] Question: verified-anatomy-anat-5-facet-3 | Subject: anatomy | RequiresImage: false -> Text-only
[VisualEngine] Question: verified-anatomy-anat-5-facet-4 | Subject: anatomy | RequiresImage: false -> Text-only
[VisualEngine] Question: verified-anatomy-anat-5-facet-5 | Subject: anatomy | RequiresImage: false -> Text-only
[VisualEngine] Question: verified-anatomy-anat-5-facet-6 | Subject: anatomy | RequiresImage: false -> Text-only
[VisualEngine] Question: verified-anatomy-anat-5-facet-7 | Subject: anatomy | RequiresImage: false -> Text-only
[VisualEngine] Question: verified-anatomy-anat-5-facet-8 | Subject: anatomy | RequiresImage: false -> Text-only
[VisualEngine] Question: verified-anatomy-anat-5-facet-9 | Subject: anatomy | RequiresImage: false -> Text-only
[VisualEngine] Question: verified-anatomy-anat-5-facet-10 | Subject: anatomy | RequiresImage: false -> Text-only
[VisualEngine] Question: ibq-fmge_ibq_22-1788466584651 | Subject: medicine | Target: WPW syndrome ECG (Delta wave) | Matched: med:ecg_wpw_syndrome (score: 0.96)
[VisualEngine] Question: verified-medicine-med-1-1 | Subject: medicine | Target: inferior stemi with right ventricular involvement | Matched: med:ecg_inferior_stemi (score: 0.99)
[VisualEngine] Question: verified-medicine-med-1-2 | Subject: medicine | Target: complete third degree av block av dissociation | Matched: med:ecg_complete_heart_block (score: 0.99)
[VisualEngine] Question: verified-medicine-med-1-3 | Subject: medicine | Target: anterior stemi lad occlusion leads v1 v4 | Matched: med:ecg_anterior_stemi (score: 0.99)
[VisualEngine] Question: verified-medicine-med-1-4 | Subject: medicine | Target: wolff parkinson white wpw delta wave | Matched: cardio:wpw_syndrome_jpg (score: 0.99)
[VisualEngine] Question: verified-medicine-med-1-facet-6 | Subject: medicine | RequiresImage: false -> Text-only
[VisualEngine] Question: verified-medicine-med-1-facet-7 | Subject: medicine | RequiresImage: false -> Text-only
[VisualEngine] Question: verified-medicine-med-1-facet-8 | Subject: medicine | RequiresImage: false -> Text-only
[VisualEngine] Question: verified-medicine-med-1-facet-9 | Subject: medicine | RequiresImage: false -> Text-only
[VisualEngine] Question: verified-medicine-med-1-facet-10 | Subject: medicine | RequiresImage: false -> Text-only
[VisualEngine] Question: ibq-fmge_ibq_22-1788466584653 | Subject: medicine | Target: WPW syndrome ECG (Delta wave) | Matched: med:ecg_wpw_syndrome (score: 0.96)
[VisualEngine] Question: verified-medicine-med-1-1 | Subject: medicine | Target: inferior stemi with right ventricular involvement | Matched: med:ecg_inferior_stemi (score: 0.99)
[VisualEngine] Question: verified-medicine-med-1-2 | Subject: medicine | Target: complete third degree av block av dissociation | Matched: med:ecg_complete_heart_block (score: 0.99)
[VisualEngine] Question: verified-medicine-med-1-3 | Subject: medicine | Target: anterior stemi lad occlusion leads v1 v4 | Matched: med:ecg_anterior_stemi (score: 0.99)
[VisualEngine] Question: verified-medicine-med-1-4 | Subject: medicine | Target: wolff parkinson white wpw delta wave | Matched: cardio:wpw_syndrome_jpg (score: 0.99)
[VisualEngine] Question: verified-medicine-med-1-facet-6 | Subject: medicine | RequiresImage: false -> Text-only
[VisualEngine] Question: verified-medicine-med-1-facet-7 | Subject: medicine | RequiresImage: false -> Text-only
[VisualEngine] Question: verified-medicine-med-1-facet-8 | Subject: medicine | RequiresImage: false -> Text-only
[VisualEngine] Question: verified-medicine-med-1-facet-9 | Subject: medicine | RequiresImage: false -> Text-only
[VisualEngine] Question: verified-medicine-med-1-facet-10 | Subject: medicine | RequiresImage: false -> Text-only
[VisualEngine] Question: verified-medicine-med-1-1 | Subject: medicine | Target: inferior stemi with right ventricular involvement | Matched: med:ecg_inferior_stemi (score: 0.99)
[VisualEngine] Question: verified-medicine-med-1-3 | Subject: medicine | Target: anterior stemi lad occlusion leads v1 v4 | Matched: med:ecg_anterior_stemi (score: 0.99)
[VisualEngine] Question: verified-medicine-med-1-2 | Subject: medicine | Target: complete third degree av block av dissociation | Matched: med:ecg_complete_heart_block (score: 0.99)
[VisualEngine] Question: verified-medicine-med-1-4 | Subject: medicine | Target: wolff parkinson white wpw delta wave | Matched: med:ecg_wpw_syndrome (score: 0.99)
[VisualEngine] Question: verified-medicine-med-1-facet-5 | Subject: medicine | RequiresImage: false -> Text-only
[VisualEngine] Question: verified-medicine-med-1-facet-6 | Subject: medicine | RequiresImage: false -> Text-only
[VisualEngine] Question: verified-medicine-med-1-facet-7 | Subject: medicine | RequiresImage: false -> Text-only
[VisualEngine] Question: verified-medicine-med-1-facet-8 | Subject: medicine | RequiresImage: false -> Text-only
[VisualEngine] Question: verified-medicine-med-1-facet-9 | Subject: medicine | RequiresImage: false -> Text-only
[VisualEngine] Question: verified-medicine-med-1-facet-10 | Subject: medicine | RequiresImage: false -> Text-only
[VisualEngine] Question: verified-medicine-med-1-1 | Subject: medicine | Target: inferior stemi with right ventricular involvement | Matched: med:ecg_inferior_stemi (score: 0.99)
[VisualEngine] Question: verified-medicine-med-1-3 | Subject: medicine | Target: anterior stemi lad occlusion leads v1 v4 | Matched: med:ecg_anterior_stemi (score: 0.99)
[VisualEngine] Question: verified-medicine-med-1-2 | Subject: medicine | Target: complete third degree av block av dissociation | Matched: med:ecg_complete_heart_block (score: 0.99)
[VisualEngine] Question: verified-medicine-med-1-4 | Subject: medicine | Target: wolff parkinson white wpw delta wave | Matched: med:ecg_wpw_syndrome (score: 0.99)
[VisualEngine] Question: verified-medicine-med-1-facet-5 | Subject: medicine | RequiresImage: false -> Text-only
[VisualEngine] Question: verified-medicine-med-1-facet-6 | Subject: medicine | RequiresImage: false -> Text-only
[VisualEngine] Question: verified-medicine-med-1-facet-7 | Subject: medicine | RequiresImage: false -> Text-only
[VisualEngine] Question: verified-medicine-med-1-facet-8 | Subject: medicine | RequiresImage: false -> Text-only
[VisualEngine] Question: verified-medicine-med-1-facet-9 | Subject: medicine | RequiresImage: false -> Text-only
[VisualEngine] Question: verified-medicine-med-1-facet-10 | Subject: medicine | RequiresImage: false -> Text-only
[VisualEngine] Question: verified-pharmacology-pharm-1-1 | Subject: pharmacology | Target: log dose response curve competitive antagonist | Matched: pharm:dose_response_competitive_antagonist (score: 0.99)
[VisualEngine] Question: verified-pharmacology-pharm-1-facet-2 | Subject: pharmacology | RequiresImage: false -> Text-only
[VisualEngine] Question: verified-pharmacology-pharm-1-facet-3 | Subject: pharmacology | RequiresImage: false -> Text-only
[VisualEngine] Question: verified-pharmacology-pharm-1-facet-4 | Subject: pharmacology | RequiresImage: false -> Text-only
[VisualEngine] Question: verified-pharmacology-pharm-1-facet-5 | Subject: pharmacology | RequiresImage: false -> Text-only
[VisualEngine] Question: verified-pharmacology-pharm-1-facet-6 | Subject: pharmacology | RequiresImage: false -> Text-only
[VisualEngine] Question: verified-pharmacology-pharm-1-facet-7 | Subject: pharmacology | RequiresImage: false -> Text-only
[VisualEngine] Question: verified-pharmacology-pharm-1-facet-8 | Subject: pharmacology | RequiresImage: false -> Text-only
[VisualEngine] Question: verified-pharmacology-pharm-1-facet-9 | Subject: pharmacology | RequiresImage: false -> Text-only
[VisualEngine] Question: verified-pharmacology-pharm-1-facet-10 | Subject: pharmacology | RequiresImage: false -> Text-only
[VisualEngine] Question: verified-pharmacology-pharm-1-1 | Subject: pharmacology | Target: log dose response curve competitive antagonist | Matched: pharm:dose_response_competitive_antagonist (score: 0.99)
[VisualEngine] Question: verified-pharmacology-pharm-1-facet-2 | Subject: pharmacology | RequiresImage: false -> Text-only
[VisualEngine] Question: verified-pharmacology-pharm-1-facet-3 | Subject: pharmacology | RequiresImage: false -> Text-only
[VisualEngine] Question: verified-pharmacology-pharm-1-facet-4 | Subject: pharmacology | RequiresImage: false -> Text-only
[VisualEngine] Question: verified-pharmacology-pharm-1-facet-5 | Subject: pharmacology | RequiresImage: false -> Text-only
[VisualEngine] Question: verified-pharmacology-pharm-1-facet-6 | Subject: pharmacology | RequiresImage: false -> Text-only
[VisualEngine] Question: verified-pharmacology-pharm-1-facet-7 | Subject: pharmacology | RequiresImage: false -> Text-only
[VisualEngine] Question: verified-pharmacology-pharm-1-facet-8 | Subject: pharmacology | RequiresImage: false -> Text-only
[VisualEngine] Question: verified-pharmacology-pharm-1-facet-9 | Subject: pharmacology | RequiresImage: false -> Text-only
[VisualEngine] Question: verified-pharmacology-pharm-1-facet-10 | Subject: pharmacology | RequiresImage: false -> Text-only
[VisualEngine] Question: verified-pathology-path-4-1 | Subject: pathology | Target: reed sternberg cell classical hodgkin lymphoma | Matched: path:reed_sternberg_hodgkin (score: 0.99)
[VisualEngine] Question: verified-pathology-path-4-2 | Subject: pathology | Target: minimal change disease electron microscopy podocyte effacement | Matched: path:minimal_change_electron_microscopy (score: 0.99)
[VisualEngine] Question: verified-pathology-path-4-facet-3 | Subject: pathology | RequiresImage: false -> Text-only
[VisualEngine] Question: verified-pathology-path-4-facet-4 | Subject: pathology | RequiresImage: false -> Text-only
[VisualEngine] Question: verified-pathology-path-4-facet-5 | Subject: pathology | RequiresImage: false -> Text-only
[VisualEngine] Question: verified-pathology-path-4-facet-6 | Subject: pathology | RequiresImage: false -> Text-only
[VisualEngine] Question: verified-pathology-path-4-facet-7 | Subject: pathology | RequiresImage: false -> Text-only
[VisualEngine] Question: verified-pathology-path-4-facet-8 | Subject: pathology | RequiresImage: false -> Text-only
[VisualEngine] Question: verified-pathology-path-4-facet-9 | Subject: pathology | RequiresImage: false -> Text-only
[VisualEngine] Question: verified-pathology-path-4-facet-10 | Subject: pathology | RequiresImage: false -> Text-only
[VisualEngine] Question: verified-pathology-path-4-1 | Subject: pathology | Target: reed sternberg cell classical hodgkin lymphoma | Matched: path:reed_sternberg_hodgkin (score: 0.99)
[VisualEngine] Question: verified-pathology-path-4-2 | Subject: pathology | Target: minimal change disease electron microscopy podocyte effacement | Matched: path:minimal_change_electron_microscopy (score: 0.99)
[VisualEngine] Question: verified-pathology-path-4-facet-3 | Subject: pathology | RequiresImage: false -> Text-only
[VisualEngine] Question: verified-pathology-path-4-facet-4 | Subject: pathology | RequiresImage: false -> Text-only
[VisualEngine] Question: verified-pathology-path-4-facet-5 | Subject: pathology | RequiresImage: false -> Text-only
[VisualEngine] Question: verified-pathology-path-4-facet-6 | Subject: pathology | RequiresImage: false -> Text-only
[VisualEngine] Question: verified-pathology-path-4-facet-7 | Subject: pathology | RequiresImage: false -> Text-only
[VisualEngine] Question: verified-pathology-path-4-facet-8 | Subject: pathology | RequiresImage: false -> Text-only
[VisualEngine] Question: verified-pathology-path-4-facet-9 | Subject: pathology | RequiresImage: false -> Text-only
[VisualEngine] Question: verified-pathology-path-4-facet-10 | Subject: pathology | RequiresImage: false -> Text-only
[VisualEngine] Question: verified-obg-obg-2-facet-1 | Subject: obg | RequiresImage: false -> Text-only
[VisualEngine] Question: verified-obg-obg-2-facet-2 | Subject: obg | RequiresImage: false -> Text-only
[VisualEngine] Question: verified-obg-obg-2-facet-3 | Subject: obg | RequiresImage: false -> Text-only
[VisualEngine] Question: verified-obg-obg-2-facet-4 | Subject: obg | RequiresImage: false -> Text-only
[VisualEngine] Question: verified-obg-obg-2-facet-5 | Subject: obg | RequiresImage: false -> Text-only
[VisualEngine] Question: verified-obg-obg-2-facet-6 | Subject: obg | RequiresImage: false -> Text-only
[VisualEngine] Question: verified-obg-obg-2-facet-7 | Subject: obg | RequiresImage: false -> Text-only
[VisualEngine] Question: verified-obg-obg-2-facet-8 | Subject: obg | RequiresImage: false -> Text-only
[VisualEngine] Question: verified-obg-obg-2-facet-9 | Subject: obg | RequiresImage: false -> Text-only
[VisualEngine] Question: verified-obg-obg-2-facet-10 | Subject: obg | RequiresImage: false -> Text-only
[VisualEngine] Question: verified-obg-obg-2-facet-1 | Subject: obg | RequiresImage: false -> Text-only
[VisualEngine] Question: verified-obg-obg-2-facet-2 | Subject: obg | RequiresImage: false -> Text-only
[VisualEngine] Question: verified-obg-obg-2-facet-3 | Subject: obg | RequiresImage: false -> Text-only
[VisualEngine] Question: verified-obg-obg-2-facet-4 | Subject: obg | RequiresImage: false -> Text-only
[VisualEngine] Question: verified-obg-obg-2-facet-5 | Subject: obg | RequiresImage: false -> Text-only
[VisualEngine] Question: verified-obg-obg-2-facet-6 | Subject: obg | RequiresImage: false -> Text-only
[VisualEngine] Question: verified-obg-obg-2-facet-7 | Subject: obg | RequiresImage: false -> Text-only
[VisualEngine] Question: verified-obg-obg-2-facet-8 | Subject: obg | RequiresImage: false -> Text-only
[VisualEngine] Question: verified-obg-obg-2-facet-9 | Subject: obg | RequiresImage: false -> Text-only
[VisualEngine] Question: verified-obg-obg-2-facet-10 | Subject: obg | RequiresImage: false -> Text-only
[VisualEngine] Question: verified-surgery-surg-1-facet-1 | Subject: surgery | RequiresImage: false -> Text-only
[VisualEngine] Question: verified-surgery-surg-1-facet-2 | Subject: surgery | RequiresImage: false -> Text-only
[VisualEngine] Question: verified-surgery-surg-1-facet-3 | Subject: surgery | RequiresImage: false -> Text-only
[VisualEngine] Question: verified-surgery-surg-1-facet-4 | Subject: surgery | RequiresImage: false -> Text-only
[VisualEngine] Question: verified-surgery-surg-1-facet-5 | Subject: surgery | RequiresImage: false -> Text-only
[VisualEngine] Question: verified-surgery-surg-1-facet-6 | Subject: surgery | RequiresImage: false -> Text-only
[VisualEngine] Question: verified-surgery-surg-1-facet-7 | Subject: surgery | RequiresImage: false -> Text-only
[VisualEngine] Question: verified-surgery-surg-1-facet-8 | Subject: surgery | RequiresImage: false -> Text-only
[VisualEngine] Question: verified-surgery-surg-1-facet-9 | Subject: surgery | RequiresImage: false -> Text-only
[VisualEngine] Question: verified-surgery-surg-1-facet-10 | Subject: surgery | RequiresImage: false -> Text-only
[VisualEngine] Question: verified-surgery-surg-1-facet-1 | Subject: surgery | RequiresImage: false -> Text-only
[VisualEngine] Question: verified-surgery-surg-1-facet-2 | Subject: surgery | RequiresImage: false -> Text-only
[VisualEngine] Question: verified-surgery-surg-1-facet-3 | Subject: surgery | RequiresImage: false -> Text-only
[VisualEngine] Question: verified-surgery-surg-1-facet-4 | Subject: surgery | RequiresImage: false -> Text-only
[VisualEngine] Question: verified-surgery-surg-1-facet-5 | Subject: surgery | RequiresImage: false -> Text-only
[VisualEngine] Question: verified-surgery-surg-1-facet-6 | Subject: surgery | RequiresImage: false -> Text-only
[VisualEngine] Question: verified-surgery-surg-1-facet-7 | Subject: surgery | RequiresImage: false -> Text-only
[VisualEngine] Question: verified-surgery-surg-1-facet-8 | Subject: surgery | RequiresImage: false -> Text-only
[VisualEngine] Question: verified-surgery-surg-1-facet-9 | Subject: surgery | RequiresImage: false -> Text-only
[VisualEngine] Question: verified-surgery-surg-1-facet-10 | Subject: surgery | RequiresImage: false -> Text-only
[VisualEngine] Question: verified-pediatrics-peds-1-facet-1 | Subject: pediatrics | RequiresImage: false -> Text-only
[VisualEngine] Question: verified-pediatrics-peds-1-facet-2 | Subject: pediatrics | RequiresImage: false -> Text-only
[VisualEngine] Question: verified-pediatrics-peds-1-facet-3 | Subject: pediatrics | RequiresImage: false -> Text-only
[VisualEngine] Question: verified-pediatrics-peds-1-facet-4 | Subject: pediatrics | RequiresImage: false -> Text-only
[VisualEngine] Question: verified-pediatrics-peds-1-facet-5 | Subject: pediatrics | RequiresImage: false -> Text-only
[VisualEngine] Question: verified-pediatrics-peds-1-facet-6 | Subject: pediatrics | RequiresImage: false -> Text-only
[VisualEngine] Question: verified-pediatrics-peds-1-facet-7 | Subject: pediatrics | RequiresImage: false -> Text-only
[VisualEngine] Question: verified-pediatrics-peds-1-facet-8 | Subject: pediatrics | RequiresImage: false -> Text-only
[VisualEngine] Question: verified-pediatrics-peds-1-facet-9 | Subject: pediatrics | RequiresImage: false -> Text-only
[VisualEngine] Question: verified-pediatrics-peds-1-facet-10 | Subject: pediatrics | RequiresImage: false -> Text-only
[VisualEngine] Question: verified-pediatrics-peds-1-facet-1 | Subject: pediatrics | RequiresImage: false -> Text-only
[VisualEngine] Question: verified-pediatrics-peds-1-facet-2 | Subject: pediatrics | RequiresImage: false -> Text-only
[VisualEngine] Question: verified-pediatrics-peds-1-facet-3 | Subject: pediatrics | RequiresImage: false -> Text-only
[VisualEngine] Question: verified-pediatrics-peds-1-facet-4 | Subject: pediatrics | RequiresImage: false -> Text-only
[VisualEngine] Question: verified-pediatrics-peds-1-facet-5 | Subject: pediatrics | RequiresImage: false -> Text-only
[VisualEngine] Question: verified-pediatrics-peds-1-facet-6 | Subject: pediatrics | RequiresImage: false -> Text-only
[VisualEngine] Question: verified-pediatrics-peds-1-facet-7 | Subject: pediatrics | RequiresImage: false -> Text-only
[VisualEngine] Question: verified-pediatrics-peds-1-facet-8 | Subject: pediatrics | RequiresImage: false -> Text-only
[VisualEngine] Question: verified-pediatrics-peds-1-facet-9 | Subject: pediatrics | RequiresImage: false -> Text-only
[VisualEngine] Question: verified-pediatrics-peds-1-facet-10 | Subject: pediatrics | RequiresImage: false -> Text-only
[VisualEngine] Question: ibq-fmge_ibq_18-1788466584660 | Subject: microbiology | Target: Gram-positive cocci in clusters (Staphylococcus) | Matched: micro:strep_pneumoniae_gram_stain (score: 0.91)
[VisualEngine] Question: verified-microbiology-micro-1-1 | Subject: microbiology | Target: acid fast bacilli ziehl neelsen mycobacterium tuberculosis | Matched: micro:acid_fast_mycobacterium_tb (score: 0.99)
[VisualEngine] Question: verified-microbiology-micro-1-2 | Subject: microbiology | Target: streptococcus pneumoniae gram stain lancet diplococci | Matched: micro:acid_fast_bacilli_jpg (score: 0.99)
[VisualEngine] Question: verified-microbiology-micro-1-facet-4 | Subject: microbiology | RequiresImage: false -> Text-only
[VisualEngine] Question: verified-microbiology-micro-1-facet-5 | Subject: microbiology | RequiresImage: false -> Text-only
[VisualEngine] Question: verified-microbiology-micro-1-facet-6 | Subject: microbiology | RequiresImage: false -> Text-only
[VisualEngine] Question: verified-microbiology-micro-1-facet-7 | Subject: microbiology | RequiresImage: false -> Text-only
[VisualEngine] Question: verified-microbiology-micro-1-facet-8 | Subject: microbiology | RequiresImage: false -> Text-only
[VisualEngine] Question: verified-microbiology-micro-1-facet-9 | Subject: microbiology | RequiresImage: false -> Text-only
[VisualEngine] Question: verified-microbiology-micro-1-facet-10 | Subject: microbiology | RequiresImage: false -> Text-only
[VisualEngine] Question: ibq-fmge_ibq_18-1788466584660 | Subject: microbiology | Target: Gram-positive cocci in clusters (Staphylococcus) | Matched: micro:strep_pneumoniae_gram_stain (score: 0.91)
[VisualEngine] Question: verified-microbiology-micro-1-1 | Subject: microbiology | Target: acid fast bacilli ziehl neelsen mycobacterium tuberculosis | Matched: micro:acid_fast_mycobacterium_tb (score: 0.99)
[VisualEngine] Question: verified-microbiology-micro-1-2 | Subject: microbiology | Target: streptococcus pneumoniae gram stain lancet diplococci | Matched: micro:acid_fast_bacilli_jpg (score: 0.99)
[VisualEngine] Question: verified-microbiology-micro-1-facet-4 | Subject: microbiology | RequiresImage: false -> Text-only
[VisualEngine] Question: verified-microbiology-micro-1-facet-5 | Subject: microbiology | RequiresImage: false -> Text-only
[VisualEngine] Question: verified-microbiology-micro-1-facet-6 | Subject: microbiology | RequiresImage: false -> Text-only
[VisualEngine] Question: verified-microbiology-micro-1-facet-7 | Subject: microbiology | RequiresImage: false -> Text-only
[VisualEngine] Question: verified-microbiology-micro-1-facet-8 | Subject: microbiology | RequiresImage: false -> Text-only
[VisualEngine] Question: verified-microbiology-micro-1-facet-9 | Subject: microbiology | RequiresImage: false -> Text-only
[VisualEngine] Question: verified-microbiology-micro-1-facet-10 | Subject: microbiology | RequiresImage: false -> Text-only
[VisualEngine] Question: verified-biochemistry-biochem-1-1 | Subject: biochemistry | Target: lineweaver burk plot competitive inhibition | Matched: biochem:lineweaver_burk_competitive (score: 0.99)
[VisualEngine] Question: verified-biochemistry-biochem-1-facet-2 | Subject: biochemistry | RequiresImage: false -> Text-only
[VisualEngine] Question: verified-biochemistry-biochem-1-facet-3 | Subject: biochemistry | RequiresImage: false -> Text-only
[VisualEngine] Question: verified-biochemistry-biochem-1-facet-4 | Subject: biochemistry | RequiresImage: false -> Text-only
[VisualEngine] Question: verified-biochemistry-biochem-1-facet-5 | Subject: biochemistry | RequiresImage: false -> Text-only
[VisualEngine] Question: verified-biochemistry-biochem-1-facet-6 | Subject: biochemistry | RequiresImage: false -> Text-only
[VisualEngine] Question: verified-biochemistry-biochem-1-facet-7 | Subject: biochemistry | RequiresImage: false -> Text-only
[VisualEngine] Question: verified-biochemistry-biochem-1-facet-8 | Subject: biochemistry | RequiresImage: false -> Text-only
[VisualEngine] Question: verified-biochemistry-biochem-1-facet-9 | Subject: biochemistry | RequiresImage: false -> Text-only
[VisualEngine] Question: verified-biochemistry-biochem-1-facet-10 | Subject: biochemistry | RequiresImage: false -> Text-only
[VisualEngine] Question: verified-biochemistry-biochem-1-1 | Subject: biochemistry | Target: lineweaver burk plot competitive inhibition | Matched: biochem:lineweaver_burk_competitive (score: 0.99)
[VisualEngine] Question: verified-biochemistry-biochem-1-facet-2 | Subject: biochemistry | RequiresImage: false -> Text-only
[VisualEngine] Question: verified-biochemistry-biochem-1-facet-3 | Subject: biochemistry | RequiresImage: false -> Text-only
[VisualEngine] Question: verified-biochemistry-biochem-1-facet-4 | Subject: biochemistry | RequiresImage: false -> Text-only
[VisualEngine] Question: verified-biochemistry-biochem-1-facet-5 | Subject: biochemistry | RequiresImage: false -> Text-only
[VisualEngine] Question: verified-biochemistry-biochem-1-facet-6 | Subject: biochemistry | RequiresImage: false -> Text-only
[VisualEngine] Question: verified-biochemistry-biochem-1-facet-7 | Subject: biochemistry | RequiresImage: false -> Text-only
[VisualEngine] Question: verified-biochemistry-biochem-1-facet-8 | Subject: biochemistry | RequiresImage: false -> Text-only
[VisualEngine] Question: verified-biochemistry-biochem-1-facet-9 | Subject: biochemistry | RequiresImage: false -> Text-only
[VisualEngine] Question: verified-biochemistry-biochem-1-facet-10 | Subject: biochemistry | RequiresImage: false -> Text-only

Sampled Total MCQs: 240
Answer Position Distribution:
  A: 26% (62/240)
  B: 29% (70/240)
  C: 24% (57/240)
  D: 21% (51/240)

  ✓ Audited >= 100 MCQs (total: 240)
  ✓ Option A is not dominant (A: 26% < 45%)
  ✓ Option B is adequately represented (B: 29% >= 10%)
  ✓ Option C is adequately represented (C: 24% >= 10%)
  ✓ Option D is adequately represented (D: 21% >= 10%)
  ✓ All 4 options (A, B, C, D) are represented across sessions

--- 2. AUDITING 5 SPECIFIC TARGET TOPICS ---

Auditing topic: [Anatomy -> Lower Limb - Knee Joint & Nerve Lesions (Peroneal/Tibial)]
[VisualEngine] Question: verified-anatomy-anat-4-1 | Subject: anatomy | Target: knee joint acl ligament lachman | Matched: anat:knee_cruciate_ligaments (score: 0.99)
[VisualEngine] Question: verified-anatomy-anat-4-2 | Subject: anatomy | RequiresImage: false -> Text-only
[VisualEngine] Question: verified-anatomy-anat-4-facet-3 | Subject: anatomy | RequiresImage: false -> Text-only
[VisualEngine] Question: verified-anatomy-anat-4-facet-4 | Subject: anatomy | RequiresImage: false -> Text-only
[VisualEngine] Question: verified-anatomy-anat-4-facet-5 | Subject: anatomy | RequiresImage: false -> Text-only
[VisualEngine] Question: verified-anatomy-anat-4-facet-6 | Subject: anatomy | RequiresImage: false -> Text-only
[VisualEngine] Question: verified-anatomy-anat-4-facet-7 | Subject: anatomy | RequiresImage: false -> Text-only
[VisualEngine] Question: verified-anatomy-anat-4-facet-8 | Subject: anatomy | RequiresImage: false -> Text-only
[VisualEngine] Question: verified-anatomy-anat-4-facet-9 | Subject: anatomy | RequiresImage: false -> Text-only
[VisualEngine] Question: verified-anatomy-anat-4-facet-10 | Subject: anatomy | RequiresImage: false -> Text-only
  ✓ [Lower Limb - Knee Joint & Nerve Lesions (Peroneal/Tibial)] Produced exactly 10 questions
  ✓ [Lower Limb - Knee Joint & Nerve Lesions (Peroneal/Tibial)] Answer positions vary (B, D, C)
  ✓ [Lower Limb - Knee Joint & Nerve Lesions (Peroneal/Tibial)] Q#1 has correct subjectId (anatomy)
  ✓ [Lower Limb - Knee Joint & Nerve Lesions (Peroneal/Tibial)] Q#1 has correct topicId (anat-4)
  ✓ [Lower Limb - Knee Joint & Nerve Lesions (Peroneal/Tibial)] Q#1 has stable correctOptionId (opt_1_ii6qy)
  ✓ [Lower Limb - Knee Joint & Nerve Lesions (Peroneal/Tibial)] Q#1 content accurately matches topic concepts
  ✓ [Lower Limb - Knee Joint & Nerve Lesions (Peroneal/Tibial)] Q#1 correctAnswer (B) exists in options
  ✓ [Lower Limb - Knee Joint & Nerve Lesions (Peroneal/Tibial)] Q#1 option key matches correctOptionId
  ✓ [Lower Limb - Knee Joint & Nerve Lesions (Peroneal/Tibial)] Q#1 has comprehensive clinical explanation
  ✓ [Lower Limb - Knee Joint & Nerve Lesions (Peroneal/Tibial)] Q#1 passed 10-point MCQ quality validator
  ✓ [Lower Limb - Knee Joint & Nerve Lesions (Peroneal/Tibial)] Q#2 has correct subjectId (anatomy)
  ✓ [Lower Limb - Knee Joint & Nerve Lesions (Peroneal/Tibial)] Q#2 has correct topicId (anat-4)
  ✓ [Lower Limb - Knee Joint & Nerve Lesions (Peroneal/Tibial)] Q#2 has stable correctOptionId (opt_1_r62xw)
  ✓ [Lower Limb - Knee Joint & Nerve Lesions (Peroneal/Tibial)] Q#2 content accurately matches topic concepts
  ✓ [Lower Limb - Knee Joint & Nerve Lesions (Peroneal/Tibial)] Q#2 correctAnswer (B) exists in options
  ✓ [Lower Limb - Knee Joint & Nerve Lesions (Peroneal/Tibial)] Q#2 option key matches correctOptionId
  ✓ [Lower Limb - Knee Joint & Nerve Lesions (Peroneal/Tibial)] Q#2 has comprehensive clinical explanation
  ✓ [Lower Limb - Knee Joint & Nerve Lesions (Peroneal/Tibial)] Q#2 passed 10-point MCQ quality validator
  ✓ [Lower Limb - Knee Joint & Nerve Lesions (Peroneal/Tibial)] Q#3 has correct subjectId (anatomy)
  ✓ [Lower Limb - Knee Joint & Nerve Lesions (Peroneal/Tibial)] Q#3 has correct topicId (anat-4)
  ✓ [Lower Limb - Knee Joint & Nerve Lesions (Peroneal/Tibial)] Q#3 has stable correctOptionId (opt_1_7j267)
  ✓ [Lower Limb - Knee Joint & Nerve Lesions (Peroneal/Tibial)] Q#3 content accurately matches topic concepts
  ✓ [Lower Limb - Knee Joint & Nerve Lesions (Peroneal/Tibial)] Q#3 correctAnswer (D) exists in options
  ✓ [Lower Limb - Knee Joint & Nerve Lesions (Peroneal/Tibial)] Q#3 option key matches correctOptionId
  ✓ [Lower Limb - Knee Joint & Nerve Lesions (Peroneal/Tibial)] Q#3 has comprehensive clinical explanation
  ✓ [Lower Limb - Knee Joint & Nerve Lesions (Peroneal/Tibial)] Q#3 passed 10-point MCQ quality validator
  ✓ [Lower Limb - Knee Joint & Nerve Lesions (Peroneal/Tibial)] Q#4 has correct subjectId (anatomy)
  ✓ [Lower Limb - Knee Joint & Nerve Lesions (Peroneal/Tibial)] Q#4 has correct topicId (anat-4)
  ✓ [Lower Limb - Knee Joint & Nerve Lesions (Peroneal/Tibial)] Q#4 has stable correctOptionId (opt_1_bhc0n)
  ✓ [Lower Limb - Knee Joint & Nerve Lesions (Peroneal/Tibial)] Q#4 content accurately matches topic concepts
  ✓ [Lower Limb - Knee Joint & Nerve Lesions (Peroneal/Tibial)] Q#4 correctAnswer (B) exists in options
  ✓ [Lower Limb - Knee Joint & Nerve Lesions (Peroneal/Tibial)] Q#4 option key matches correctOptionId
  ✓ [Lower Limb - Knee Joint & Nerve Lesions (Peroneal/Tibial)] Q#4 has comprehensive clinical explanation
  ✓ [Lower Limb - Knee Joint & Nerve Lesions (Peroneal/Tibial)] Q#4 passed 10-point MCQ quality validator
  ✓ [Lower Limb - Knee Joint & Nerve Lesions (Peroneal/Tibial)] Q#5 has correct subjectId (anatomy)
  ✓ [Lower Limb - Knee Joint & Nerve Lesions (Peroneal/Tibial)] Q#5 has correct topicId (anat-4)
  ✓ [Lower Limb - Knee Joint & Nerve Lesions (Peroneal/Tibial)] Q#5 has stable correctOptionId (opt_1_kjl40)
  ✓ [Lower Limb - Knee Joint & Nerve Lesions (Peroneal/Tibial)] Q#5 content accurately matches topic concepts
  ✓ [Lower Limb - Knee Joint & Nerve Lesions (Peroneal/Tibial)] Q#5 correctAnswer (B) exists in options
  ✓ [Lower Limb - Knee Joint & Nerve Lesions (Peroneal/Tibial)] Q#5 option key matches correctOptionId
  ✓ [Lower Limb - Knee Joint & Nerve Lesions (Peroneal/Tibial)] Q#5 has comprehensive clinical explanation
  ✓ [Lower Limb - Knee Joint & Nerve Lesions (Peroneal/Tibial)] Q#5 passed 10-point MCQ quality validator
  ✓ [Lower Limb - Knee Joint & Nerve Lesions (Peroneal/Tibial)] Q#6 has correct subjectId (anatomy)
  ✓ [Lower Limb - Knee Joint & Nerve Lesions (Peroneal/Tibial)] Q#6 has correct topicId (anat-4)
  ✓ [Lower Limb - Knee Joint & Nerve Lesions (Peroneal/Tibial)] Q#6 has stable correctOptionId (opt_1_zd4sf)
  ✓ [Lower Limb - Knee Joint & Nerve Lesions (Peroneal/Tibial)] Q#6 content accurately matches topic concepts
  ✓ [Lower Limb - Knee Joint & Nerve Lesions (Peroneal/Tibial)] Q#6 correctAnswer (C) exists in options
  ✓ [Lower Limb - Knee Joint & Nerve Lesions (Peroneal/Tibial)] Q#6 option key matches correctOptionId
  ✓ [Lower Limb - Knee Joint & Nerve Lesions (Peroneal/Tibial)] Q#6 has comprehensive clinical explanation
  ✓ [Lower Limb - Knee Joint & Nerve Lesions (Peroneal/Tibial)] Q#6 passed 10-point MCQ quality validator
  ✓ [Lower Limb - Knee Joint & Nerve Lesions (Peroneal/Tibial)] Q#7 has correct subjectId (anatomy)
  ✓ [Lower Limb - Knee Joint & Nerve Lesions (Peroneal/Tibial)] Q#7 has correct topicId (anat-4)
  ✓ [Lower Limb - Knee Joint & Nerve Lesions (Peroneal/Tibial)] Q#7 has stable correctOptionId (opt_1_bgr2r)
  ✓ [Lower Limb - Knee Joint & Nerve Lesions (Peroneal/Tibial)] Q#7 content accurately matches topic concepts
  ✓ [Lower Limb - Knee Joint & Nerve Lesions (Peroneal/Tibial)] Q#7 correctAnswer (C) exists in options
  ✓ [Lower Limb - Knee Joint & Nerve Lesions (Peroneal/Tibial)] Q#7 option key matches correctOptionId
  ✓ [Lower Limb - Knee Joint & Nerve Lesions (Peroneal/Tibial)] Q#7 has comprehensive clinical explanation
  ✓ [Lower Limb - Knee Joint & Nerve Lesions (Peroneal/Tibial)] Q#7 passed 10-point MCQ quality validator
  ✓ [Lower Limb - Knee Joint & Nerve Lesions (Peroneal/Tibial)] Q#8 has correct subjectId (anatomy)
  ✓ [Lower Limb - Knee Joint & Nerve Lesions (Peroneal/Tibial)] Q#8 has correct topicId (anat-4)
  ✓ [Lower Limb - Knee Joint & Nerve Lesions (Peroneal/Tibial)] Q#8 has stable correctOptionId (opt_1_s1m7o)
  ✓ [Lower Limb - Knee Joint & Nerve Lesions (Peroneal/Tibial)] Q#8 content accurately matches topic concepts
  ✓ [Lower Limb - Knee Joint & Nerve Lesions (Peroneal/Tibial)] Q#8 correctAnswer (D) exists in options
  ✓ [Lower Limb - Knee Joint & Nerve Lesions (Peroneal/Tibial)] Q#8 option key matches correctOptionId
  ✓ [Lower Limb - Knee Joint & Nerve Lesions (Peroneal/Tibial)] Q#8 has comprehensive clinical explanation
  ✓ [Lower Limb - Knee Joint & Nerve Lesions (Peroneal/Tibial)] Q#8 passed 10-point MCQ quality validator
  ✓ [Lower Limb - Knee Joint & Nerve Lesions (Peroneal/Tibial)] Q#9 has correct subjectId (anatomy)
  ✓ [Lower Limb - Knee Joint & Nerve Lesions (Peroneal/Tibial)] Q#9 has correct topicId (anat-4)
  ✓ [Lower Limb - Knee Joint & Nerve Lesions (Peroneal/Tibial)] Q#9 has stable correctOptionId (opt_1_6r3yp)
  ✓ [Lower Limb - Knee Joint & Nerve Lesions (Peroneal/Tibial)] Q#9 content accurately matches topic concepts
  ✓ [Lower Limb - Knee Joint & Nerve Lesions (Peroneal/Tibial)] Q#9 correctAnswer (D) exists in options
  ✓ [Lower Limb - Knee Joint & Nerve Lesions (Peroneal/Tibial)] Q#9 option key matches correctOptionId
  ✓ [Lower Limb - Knee Joint & Nerve Lesions (Peroneal/Tibial)] Q#9 has comprehensive clinical explanation
  ✓ [Lower Limb - Knee Joint & Nerve Lesions (Peroneal/Tibial)] Q#9 passed 10-point MCQ quality validator
  ✓ [Lower Limb - Knee Joint & Nerve Lesions (Peroneal/Tibial)] Q#10 has correct subjectId (anatomy)
  ✓ [Lower Limb - Knee Joint & Nerve Lesions (Peroneal/Tibial)] Q#10 has correct topicId (anat-4)
  ✓ [Lower Limb - Knee Joint & Nerve Lesions (Peroneal/Tibial)] Q#10 has stable correctOptionId (opt_1_psk5k)
  ✓ [Lower Limb - Knee Joint & Nerve Lesions (Peroneal/Tibial)] Q#10 content accurately matches topic concepts
  ✓ [Lower Limb - Knee Joint & Nerve Lesions (Peroneal/Tibial)] Q#10 correctAnswer (D) exists in options
  ✓ [Lower Limb - Knee Joint & Nerve Lesions (Peroneal/Tibial)] Q#10 option key matches correctOptionId
  ✓ [Lower Limb - Knee Joint & Nerve Lesions (Peroneal/Tibial)] Q#10 has comprehensive clinical explanation
  ✓ [Lower Limb - Knee Joint & Nerve Lesions (Peroneal/Tibial)] Q#10 passed 10-point MCQ quality validator

Auditing topic: [Anatomy -> Upper Limb - Brachial Plexus & Nerve Injuries]
[VisualEngine] Question: verified-anatomy-anat-1-1 | Subject: anatomy | Target: brachial plexus upper trunk | Matched: anat:brachial_plexus_c5_c6 (score: 0.99)
[VisualEngine] Question: verified-anatomy-anat-1-2 | Subject: anatomy | Target: klumpke total claw hand | Matched: anat:klumpke_claw_hand (score: 0.99)
[VisualEngine] Question: verified-anatomy-anat-1-3 | Subject: anatomy | RequiresImage: false -> Text-only
[VisualEngine] Question: verified-anatomy-anat-1-4 | Subject: anatomy | RequiresImage: false -> Text-only
[VisualEngine] Question: verified-anatomy-anat-1-5 | Subject: anatomy | RequiresImage: false -> Text-only
[VisualEngine] Question: verified-anatomy-anat-1-6 | Subject: anatomy | RequiresImage: false -> Text-only
[VisualEngine] Question: verified-anatomy-anat-1-facet-7 | Subject: anatomy | RequiresImage: false -> Text-only
[VisualEngine] Question: verified-anatomy-anat-1-facet-8 | Subject: anatomy | RequiresImage: false -> Text-only
[VisualEngine] Question: verified-anatomy-anat-1-facet-9 | Subject: anatomy | RequiresImage: false -> Text-only
[VisualEngine] Question: verified-anatomy-anat-1-facet-10 | Subject: anatomy | RequiresImage: false -> Text-only
  ✓ [Upper Limb - Brachial Plexus & Nerve Injuries] Produced exactly 10 questions
  ✓ [Upper Limb - Brachial Plexus & Nerve Injuries] Answer positions vary (C, D, A, B)
  ✓ [Upper Limb - Brachial Plexus & Nerve Injuries] Q#1 has correct subjectId (anatomy)
  ✓ [Upper Limb - Brachial Plexus & Nerve Injuries] Q#1 has correct topicId (anat-1)
  ✓ [Upper Limb - Brachial Plexus & Nerve Injuries] Q#1 has stable correctOptionId (opt_1_hvfe6)
  ✓ [Upper Limb - Brachial Plexus & Nerve Injuries] Q#1 content accurately matches topic concepts
  ✓ [Upper Limb - Brachial Plexus & Nerve Injuries] Q#1 correctAnswer (C) exists in options
  ✓ [Upper Limb - Brachial Plexus & Nerve Injuries] Q#1 option key matches correctOptionId
  ✓ [Upper Limb - Brachial Plexus & Nerve Injuries] Q#1 has comprehensive clinical explanation
  ✓ [Upper Limb - Brachial Plexus & Nerve Injuries] Q#1 passed 10-point MCQ quality validator
  ✓ [Upper Limb - Brachial Plexus & Nerve Injuries] Q#2 has correct subjectId (anatomy)
  ✓ [Upper Limb - Brachial Plexus & Nerve Injuries] Q#2 has correct topicId (anat-1)
  ✓ [Upper Limb - Brachial Plexus & Nerve Injuries] Q#2 has stable correctOptionId (opt_1_1b30j)
  ✓ [Upper Limb - Brachial Plexus & Nerve Injuries] Q#2 content accurately matches topic concepts
  ✓ [Upper Limb - Brachial Plexus & Nerve Injuries] Q#2 correctAnswer (C) exists in options
  ✓ [Upper Limb - Brachial Plexus & Nerve Injuries] Q#2 option key matches correctOptionId
  ✓ [Upper Limb - Brachial Plexus & Nerve Injuries] Q#2 has comprehensive clinical explanation
  ✓ [Upper Limb - Brachial Plexus & Nerve Injuries] Q#2 passed 10-point MCQ quality validator
  ✓ [Upper Limb - Brachial Plexus & Nerve Injuries] Q#3 has correct subjectId (anatomy)
  ✓ [Upper Limb - Brachial Plexus & Nerve Injuries] Q#3 has correct topicId (anat-1)
  ✓ [Upper Limb - Brachial Plexus & Nerve Injuries] Q#3 has stable correctOptionId (opt_1_puuxz)
  ✓ [Upper Limb - Brachial Plexus & Nerve Injuries] Q#3 content accurately matches topic concepts
  ✓ [Upper Limb - Brachial Plexus & Nerve Injuries] Q#3 correctAnswer (D) exists in options
  ✓ [Upper Limb - Brachial Plexus & Nerve Injuries] Q#3 option key matches correctOptionId
  ✓ [Upper Limb - Brachial Plexus & Nerve Injuries] Q#3 has comprehensive clinical explanation
  ✓ [Upper Limb - Brachial Plexus & Nerve Injuries] Q#3 passed 10-point MCQ quality validator
  ✓ [Upper Limb - Brachial Plexus & Nerve Injuries] Q#4 has correct subjectId (anatomy)
  ✓ [Upper Limb - Brachial Plexus & Nerve Injuries] Q#4 has correct topicId (anat-1)
  ✓ [Upper Limb - Brachial Plexus & Nerve Injuries] Q#4 has stable correctOptionId (opt_1_gkyqa)
  ✓ [Upper Limb - Brachial Plexus & Nerve Injuries] Q#4 content accurately matches topic concepts
  ✓ [Upper Limb - Brachial Plexus & Nerve Injuries] Q#4 correctAnswer (A) exists in options
  ✓ [Upper Limb - Brachial Plexus & Nerve Injuries] Q#4 option key matches correctOptionId
  ✓ [Upper Limb - Brachial Plexus & Nerve Injuries] Q#4 has comprehensive clinical explanation
  ✓ [Upper Limb - Brachial Plexus & Nerve Injuries] Q#4 passed 10-point MCQ quality validator
  ✓ [Upper Limb - Brachial Plexus & Nerve Injuries] Q#5 has correct subjectId (anatomy)
  ✓ [Upper Limb - Brachial Plexus & Nerve Injuries] Q#5 has correct topicId (anat-1)
  ✓ [Upper Limb - Brachial Plexus & Nerve Injuries] Q#5 has stable correctOptionId (opt_1_hccz3)
  ✓ [Upper Limb - Brachial Plexus & Nerve Injuries] Q#5 content accurately matches topic concepts
  ✓ [Upper Limb - Brachial Plexus & Nerve Injuries] Q#5 correctAnswer (A) exists in options
  ✓ [Upper Limb - Brachial Plexus & Nerve Injuries] Q#5 option key matches correctOptionId
  ✓ [Upper Limb - Brachial Plexus & Nerve Injuries] Q#5 has comprehensive clinical explanation
  ✓ [Upper Limb - Brachial Plexus & Nerve Injuries] Q#5 passed 10-point MCQ quality validator
  ✓ [Upper Limb - Brachial Plexus & Nerve Injuries] Q#6 has correct subjectId (anatomy)
  ✓ [Upper Limb - Brachial Plexus & Nerve Injuries] Q#6 has correct topicId (anat-1)
  ✓ [Upper Limb - Brachial Plexus & Nerve Injuries] Q#6 has stable correctOptionId (opt_1_j5bts)
  ✓ [Upper Limb - Brachial Plexus & Nerve Injuries] Q#6 content accurately matches topic concepts
  ✓ [Upper Limb - Brachial Plexus & Nerve Injuries] Q#6 correctAnswer (B) exists in options
  ✓ [Upper Limb - Brachial Plexus & Nerve Injuries] Q#6 option key matches correctOptionId
  ✓ [Upper Limb - Brachial Plexus & Nerve Injuries] Q#6 has comprehensive clinical explanation
  ✓ [Upper Limb - Brachial Plexus & Nerve Injuries] Q#6 passed 10-point MCQ quality validator
  ✓ [Upper Limb - Brachial Plexus & Nerve Injuries] Q#7 has correct subjectId (anatomy)
  ✓ [Upper Limb - Brachial Plexus & Nerve Injuries] Q#7 has correct topicId (anat-1)
  ✓ [Upper Limb - Brachial Plexus & Nerve Injuries] Q#7 has stable correctOptionId (opt_1_y3a3j)
  ✓ [Upper Limb - Brachial Plexus & Nerve Injuries] Q#7 content accurately matches topic concepts
  ✓ [Upper Limb - Brachial Plexus & Nerve Injuries] Q#7 correctAnswer (D) exists in options
  ✓ [Upper Limb - Brachial Plexus & Nerve Injuries] Q#7 option key matches correctOptionId
  ✓ [Upper Limb - Brachial Plexus & Nerve Injuries] Q#7 has comprehensive clinical explanation
  ✓ [Upper Limb - Brachial Plexus & Nerve Injuries] Q#7 passed 10-point MCQ quality validator
  ✓ [Upper Limb - Brachial Plexus & Nerve Injuries] Q#8 has correct subjectId (anatomy)
  ✓ [Upper Limb - Brachial Plexus & Nerve Injuries] Q#8 has correct topicId (anat-1)
  ✓ [Upper Limb - Brachial Plexus & Nerve Injuries] Q#8 has stable correctOptionId (opt_1_0o3de)
  ✓ [Upper Limb - Brachial Plexus & Nerve Injuries] Q#8 content accurately matches topic concepts
  ✓ [Upper Limb - Brachial Plexus & Nerve Injuries] Q#8 correctAnswer (C) exists in options
  ✓ [Upper Limb - Brachial Plexus & Nerve Injuries] Q#8 option key matches correctOptionId
  ✓ [Upper Limb - Brachial Plexus & Nerve Injuries] Q#8 has comprehensive clinical explanation
  ✓ [Upper Limb - Brachial Plexus & Nerve Injuries] Q#8 passed 10-point MCQ quality validator
  ✓ [Upper Limb - Brachial Plexus & Nerve Injuries] Q#9 has correct subjectId (anatomy)
  ✓ [Upper Limb - Brachial Plexus & Nerve Injuries] Q#9 has correct topicId (anat-1)
  ✓ [Upper Limb - Brachial Plexus & Nerve Injuries] Q#9 has stable correctOptionId (opt_1_snrmx)
  ✓ [Upper Limb - Brachial Plexus & Nerve Injuries] Q#9 content accurately matches topic concepts
  ✓ [Upper Limb - Brachial Plexus & Nerve Injuries] Q#9 correctAnswer (C) exists in options
  ✓ [Upper Limb - Brachial Plexus & Nerve Injuries] Q#9 option key matches correctOptionId
  ✓ [Upper Limb - Brachial Plexus & Nerve Injuries] Q#9 has comprehensive clinical explanation
  ✓ [Upper Limb - Brachial Plexus & Nerve Injuries] Q#9 passed 10-point MCQ quality validator
  ✓ [Upper Limb - Brachial Plexus & Nerve Injuries] Q#10 has correct subjectId (anatomy)
  ✓ [Upper Limb - Brachial Plexus & Nerve Injuries] Q#10 has correct topicId (anat-1)
  ✓ [Upper Limb - Brachial Plexus & Nerve Injuries] Q#10 has stable correctOptionId (opt_1_327b7)
  ✓ [Upper Limb - Brachial Plexus & Nerve Injuries] Q#10 content accurately matches topic concepts
  ✓ [Upper Limb - Brachial Plexus & Nerve Injuries] Q#10 correctAnswer (B) exists in options
  ✓ [Upper Limb - Brachial Plexus & Nerve Injuries] Q#10 option key matches correctOptionId
  ✓ [Upper Limb - Brachial Plexus & Nerve Injuries] Q#10 has comprehensive clinical explanation
  ✓ [Upper Limb - Brachial Plexus & Nerve Injuries] Q#10 passed 10-point MCQ quality validator

Auditing topic: [Medicine -> Cardiology (ECG, MI, Arrhythmias, Heart Failure)]
[VisualEngine] Question: ibq-fmge_ibq_22-1788466584662 | Subject: medicine | Target: WPW syndrome ECG (Delta wave) | Matched: med:ecg_wpw_syndrome (score: 0.96)
[VisualEngine] Question: verified-medicine-med-1-1 | Subject: medicine | Target: inferior stemi with right ventricular involvement | Matched: med:ecg_inferior_stemi (score: 0.99)
[VisualEngine] Question: verified-medicine-med-1-2 | Subject: medicine | Target: complete third degree av block av dissociation | Matched: med:ecg_complete_heart_block (score: 0.99)
[VisualEngine] Question: verified-medicine-med-1-3 | Subject: medicine | Target: anterior stemi lad occlusion leads v1 v4 | Matched: med:ecg_anterior_stemi (score: 0.99)
[VisualEngine] Question: verified-medicine-med-1-4 | Subject: medicine | Target: wolff parkinson white wpw delta wave | Matched: cardio:wpw_syndrome_jpg (score: 0.99)
[VisualEngine] Question: verified-medicine-med-1-facet-6 | Subject: medicine | RequiresImage: false -> Text-only
[VisualEngine] Question: verified-medicine-med-1-facet-7 | Subject: medicine | RequiresImage: false -> Text-only
[VisualEngine] Question: verified-medicine-med-1-facet-8 | Subject: medicine | RequiresImage: false -> Text-only
[VisualEngine] Question: verified-medicine-med-1-facet-9 | Subject: medicine | RequiresImage: false -> Text-only
[VisualEngine] Question: verified-medicine-med-1-facet-10 | Subject: medicine | RequiresImage: false -> Text-only
  ✓ [Cardiology (ECG, MI, Arrhythmias, Heart Failure)] Produced exactly 10 questions
  ✓ [Cardiology (ECG, MI, Arrhythmias, Heart Failure)] Answer positions vary (C, D, B, A)
  ✓ [Cardiology (ECG, MI, Arrhythmias, Heart Failure)] Q#1 has correct subjectId (medicine)
  ✓ [Cardiology (ECG, MI, Arrhythmias, Heart Failure)] Q#1 has correct topicId (med-1)
  ✓ [Cardiology (ECG, MI, Arrhythmias, Heart Failure)] Q#1 has stable correctOptionId (A)
  ✓ [Cardiology (ECG, MI, Arrhythmias, Heart Failure)] Q#1 content accurately matches topic concepts
  ✓ [Cardiology (ECG, MI, Arrhythmias, Heart Failure)] Q#1 correctAnswer (C) exists in options
  ✓ [Cardiology (ECG, MI, Arrhythmias, Heart Failure)] Q#1 option key matches correctOptionId
  ✓ [Cardiology (ECG, MI, Arrhythmias, Heart Failure)] Q#1 has comprehensive clinical explanation
  ✓ [Cardiology (ECG, MI, Arrhythmias, Heart Failure)] Q#1 passed 10-point MCQ quality validator
  ✓ [Cardiology (ECG, MI, Arrhythmias, Heart Failure)] Q#2 has correct subjectId (medicine)
  ✓ [Cardiology (ECG, MI, Arrhythmias, Heart Failure)] Q#2 has correct topicId (med-1)
  ✓ [Cardiology (ECG, MI, Arrhythmias, Heart Failure)] Q#2 has stable correctOptionId (opt_1_jdb9a)
  ✓ [Cardiology (ECG, MI, Arrhythmias, Heart Failure)] Q#2 content accurately matches topic concepts
  ✓ [Cardiology (ECG, MI, Arrhythmias, Heart Failure)] Q#2 correctAnswer (D) exists in options
  ✓ [Cardiology (ECG, MI, Arrhythmias, Heart Failure)] Q#2 option key matches correctOptionId
  ✓ [Cardiology (ECG, MI, Arrhythmias, Heart Failure)] Q#2 has comprehensive clinical explanation
  ✓ [Cardiology (ECG, MI, Arrhythmias, Heart Failure)] Q#2 passed 10-point MCQ quality validator
  ✓ [Cardiology (ECG, MI, Arrhythmias, Heart Failure)] Q#3 has correct subjectId (medicine)
  ✓ [Cardiology (ECG, MI, Arrhythmias, Heart Failure)] Q#3 has correct topicId (med-1)
  ✓ [Cardiology (ECG, MI, Arrhythmias, Heart Failure)] Q#3 has stable correctOptionId (opt_1_fbbo8)
  ✓ [Cardiology (ECG, MI, Arrhythmias, Heart Failure)] Q#3 content accurately matches topic concepts
  ✓ [Cardiology (ECG, MI, Arrhythmias, Heart Failure)] Q#3 correctAnswer (B) exists in options
  ✓ [Cardiology (ECG, MI, Arrhythmias, Heart Failure)] Q#3 option key matches correctOptionId
  ✓ [Cardiology (ECG, MI, Arrhythmias, Heart Failure)] Q#3 has comprehensive clinical explanation
  ✓ [Cardiology (ECG, MI, Arrhythmias, Heart Failure)] Q#3 passed 10-point MCQ quality validator
  ✓ [Cardiology (ECG, MI, Arrhythmias, Heart Failure)] Q#4 has correct subjectId (medicine)
  ✓ [Cardiology (ECG, MI, Arrhythmias, Heart Failure)] Q#4 has correct topicId (med-1)
  ✓ [Cardiology (ECG, MI, Arrhythmias, Heart Failure)] Q#4 has stable correctOptionId (opt_1_39p0t)
  ✓ [Cardiology (ECG, MI, Arrhythmias, Heart Failure)] Q#4 content accurately matches topic concepts
  ✓ [Cardiology (ECG, MI, Arrhythmias, Heart Failure)] Q#4 correctAnswer (D) exists in options
  ✓ [Cardiology (ECG, MI, Arrhythmias, Heart Failure)] Q#4 option key matches correctOptionId
  ✓ [Cardiology (ECG, MI, Arrhythmias, Heart Failure)] Q#4 has comprehensive clinical explanation
  ✓ [Cardiology (ECG, MI, Arrhythmias, Heart Failure)] Q#4 passed 10-point MCQ quality validator
  ✓ [Cardiology (ECG, MI, Arrhythmias, Heart Failure)] Q#5 has correct subjectId (medicine)
  ✓ [Cardiology (ECG, MI, Arrhythmias, Heart Failure)] Q#5 has correct topicId (med-1)
  ✓ [Cardiology (ECG, MI, Arrhythmias, Heart Failure)] Q#5 has stable correctOptionId (opt_1_y1k3r)
  ✓ [Cardiology (ECG, MI, Arrhythmias, Heart Failure)] Q#5 content accurately matches topic concepts
  ✓ [Cardiology (ECG, MI, Arrhythmias, Heart Failure)] Q#5 correctAnswer (B) exists in options
  ✓ [Cardiology (ECG, MI, Arrhythmias, Heart Failure)] Q#5 option key matches correctOptionId
  ✓ [Cardiology (ECG, MI, Arrhythmias, Heart Failure)] Q#5 has comprehensive clinical explanation
  ✓ [Cardiology (ECG, MI, Arrhythmias, Heart Failure)] Q#5 passed 10-point MCQ quality validator
  ✓ [Cardiology (ECG, MI, Arrhythmias, Heart Failure)] Q#6 has correct subjectId (medicine)
  ✓ [Cardiology (ECG, MI, Arrhythmias, Heart Failure)] Q#6 has correct topicId (med-1)
  ✓ [Cardiology (ECG, MI, Arrhythmias, Heart Failure)] Q#6 has stable correctOptionId (opt_1_2ylwp)
  ✓ [Cardiology (ECG, MI, Arrhythmias, Heart Failure)] Q#6 content accurately matches topic concepts
  ✓ [Cardiology (ECG, MI, Arrhythmias, Heart Failure)] Q#6 correctAnswer (D) exists in options
  ✓ [Cardiology (ECG, MI, Arrhythmias, Heart Failure)] Q#6 option key matches correctOptionId
  ✓ [Cardiology (ECG, MI, Arrhythmias, Heart Failure)] Q#6 has comprehensive clinical explanation
  ✓ [Cardiology (ECG, MI, Arrhythmias, Heart Failure)] Q#6 passed 10-point MCQ quality validator
  ✓ [Cardiology (ECG, MI, Arrhythmias, Heart Failure)] Q#7 has correct subjectId (medicine)
  ✓ [Cardiology (ECG, MI, Arrhythmias, Heart Failure)] Q#7 has correct topicId (med-1)
  ✓ [Cardiology (ECG, MI, Arrhythmias, Heart Failure)] Q#7 has stable correctOptionId (opt_1_nl1jd)
  ✓ [Cardiology (ECG, MI, Arrhythmias, Heart Failure)] Q#7 content accurately matches topic concepts
  ✓ [Cardiology (ECG, MI, Arrhythmias, Heart Failure)] Q#7 correctAnswer (A) exists in options
  ✓ [Cardiology (ECG, MI, Arrhythmias, Heart Failure)] Q#7 option key matches correctOptionId
  ✓ [Cardiology (ECG, MI, Arrhythmias, Heart Failure)] Q#7 has comprehensive clinical explanation
  ✓ [Cardiology (ECG, MI, Arrhythmias, Heart Failure)] Q#7 passed 10-point MCQ quality validator
  ✓ [Cardiology (ECG, MI, Arrhythmias, Heart Failure)] Q#8 has correct subjectId (medicine)
  ✓ [Cardiology (ECG, MI, Arrhythmias, Heart Failure)] Q#8 has correct topicId (med-1)
  ✓ [Cardiology (ECG, MI, Arrhythmias, Heart Failure)] Q#8 has stable correctOptionId (opt_1_80mcd)
  ✓ [Cardiology (ECG, MI, Arrhythmias, Heart Failure)] Q#8 content accurately matches topic concepts
  ✓ [Cardiology (ECG, MI, Arrhythmias, Heart Failure)] Q#8 correctAnswer (D) exists in options
  ✓ [Cardiology (ECG, MI, Arrhythmias, Heart Failure)] Q#8 option key matches correctOptionId
  ✓ [Cardiology (ECG, MI, Arrhythmias, Heart Failure)] Q#8 has comprehensive clinical explanation
  ✓ [Cardiology (ECG, MI, Arrhythmias, Heart Failure)] Q#8 passed 10-point MCQ quality validator
  ✓ [Cardiology (ECG, MI, Arrhythmias, Heart Failure)] Q#9 has correct subjectId (medicine)
  ✓ [Cardiology (ECG, MI, Arrhythmias, Heart Failure)] Q#9 has correct topicId (med-1)
  ✓ [Cardiology (ECG, MI, Arrhythmias, Heart Failure)] Q#9 has stable correctOptionId (opt_1_1wzjk)
  ✓ [Cardiology (ECG, MI, Arrhythmias, Heart Failure)] Q#9 content accurately matches topic concepts
  ✓ [Cardiology (ECG, MI, Arrhythmias, Heart Failure)] Q#9 correctAnswer (B) exists in options
  ✓ [Cardiology (ECG, MI, Arrhythmias, Heart Failure)] Q#9 option key matches correctOptionId
  ✓ [Cardiology (ECG, MI, Arrhythmias, Heart Failure)] Q#9 has comprehensive clinical explanation
  ✓ [Cardiology (ECG, MI, Arrhythmias, Heart Failure)] Q#9 passed 10-point MCQ quality validator
  ✓ [Cardiology (ECG, MI, Arrhythmias, Heart Failure)] Q#10 has correct subjectId (medicine)
  ✓ [Cardiology (ECG, MI, Arrhythmias, Heart Failure)] Q#10 has correct topicId (med-1)
  ✓ [Cardiology (ECG, MI, Arrhythmias, Heart Failure)] Q#10 has stable correctOptionId (opt_1_92i69)
  ✓ [Cardiology (ECG, MI, Arrhythmias, Heart Failure)] Q#10 content accurately matches topic concepts
  ✓ [Cardiology (ECG, MI, Arrhythmias, Heart Failure)] Q#10 correctAnswer (B) exists in options
  ✓ [Cardiology (ECG, MI, Arrhythmias, Heart Failure)] Q#10 option key matches correctOptionId
  ✓ [Cardiology (ECG, MI, Arrhythmias, Heart Failure)] Q#10 has comprehensive clinical explanation
  ✓ [Cardiology (ECG, MI, Arrhythmias, Heart Failure)] Q#10 passed 10-point MCQ quality validator

Auditing topic: [Medicine -> Acute Coronary Syndrome & STEMI]
[VisualEngine] Question: verified-medicine-med-1-1 | Subject: medicine | Target: inferior stemi with right ventricular involvement | Matched: med:ecg_inferior_stemi (score: 0.99)
[VisualEngine] Question: verified-medicine-med-1-3 | Subject: medicine | Target: anterior stemi lad occlusion leads v1 v4 | Matched: med:ecg_anterior_stemi (score: 0.99)
[VisualEngine] Question: verified-medicine-med-1-2 | Subject: medicine | Target: complete third degree av block av dissociation | Matched: med:ecg_complete_heart_block (score: 0.99)
[VisualEngine] Question: verified-medicine-med-1-4 | Subject: medicine | Target: wolff parkinson white wpw delta wave | Matched: med:ecg_wpw_syndrome (score: 0.99)
[VisualEngine] Question: verified-medicine-med-1-facet-5 | Subject: medicine | RequiresImage: false -> Text-only
[VisualEngine] Question: verified-medicine-med-1-facet-6 | Subject: medicine | RequiresImage: false -> Text-only
[VisualEngine] Question: verified-medicine-med-1-facet-7 | Subject: medicine | RequiresImage: false -> Text-only
[VisualEngine] Question: verified-medicine-med-1-facet-8 | Subject: medicine | RequiresImage: false -> Text-only
[VisualEngine] Question: verified-medicine-med-1-facet-9 | Subject: medicine | RequiresImage: false -> Text-only
[VisualEngine] Question: verified-medicine-med-1-facet-10 | Subject: medicine | RequiresImage: false -> Text-only
  ✓ [Acute Coronary Syndrome & STEMI] Produced exactly 10 questions
  ✓ [Acute Coronary Syndrome & STEMI] Answer positions vary (A, C, D, B)
  ✓ [Acute Coronary Syndrome & STEMI] Q#1 has correct subjectId (medicine)
  ✓ [Acute Coronary Syndrome & STEMI] Q#1 has correct topicId (med-1)
  ✓ [Acute Coronary Syndrome & STEMI] Q#1 has stable correctOptionId (opt_1_959d1)
  ✓ [Acute Coronary Syndrome & STEMI] Q#1 content accurately matches topic concepts
  ✓ [Acute Coronary Syndrome & STEMI] Q#1 correctAnswer (A) exists in options
  ✓ [Acute Coronary Syndrome & STEMI] Q#1 option key matches correctOptionId
  ✓ [Acute Coronary Syndrome & STEMI] Q#1 has comprehensive clinical explanation
  ✓ [Acute Coronary Syndrome & STEMI] Q#1 passed 10-point MCQ quality validator
  ✓ [Acute Coronary Syndrome & STEMI] Q#2 has correct subjectId (medicine)
  ✓ [Acute Coronary Syndrome & STEMI] Q#2 has correct topicId (med-1)
  ✓ [Acute Coronary Syndrome & STEMI] Q#2 has stable correctOptionId (opt_1_9xu8b)
  ✓ [Acute Coronary Syndrome & STEMI] Q#2 content accurately matches topic concepts
  ✓ [Acute Coronary Syndrome & STEMI] Q#2 correctAnswer (C) exists in options
  ✓ [Acute Coronary Syndrome & STEMI] Q#2 option key matches correctOptionId
  ✓ [Acute Coronary Syndrome & STEMI] Q#2 has comprehensive clinical explanation
  ✓ [Acute Coronary Syndrome & STEMI] Q#2 passed 10-point MCQ quality validator
  ✓ [Acute Coronary Syndrome & STEMI] Q#3 has correct subjectId (medicine)
  ✓ [Acute Coronary Syndrome & STEMI] Q#3 has correct topicId (med-1)
  ✓ [Acute Coronary Syndrome & STEMI] Q#3 has stable correctOptionId (opt_1_ejj4f)
  ✓ [Acute Coronary Syndrome & STEMI] Q#3 content accurately matches topic concepts
  ✓ [Acute Coronary Syndrome & STEMI] Q#3 correctAnswer (A) exists in options
  ✓ [Acute Coronary Syndrome & STEMI] Q#3 option key matches correctOptionId
  ✓ [Acute Coronary Syndrome & STEMI] Q#3 has comprehensive clinical explanation
  ✓ [Acute Coronary Syndrome & STEMI] Q#4 has correct subjectId (medicine)
  ✓ [Acute Coronary Syndrome & STEMI] Q#4 has correct topicId (med-1)
  ✓ [Acute Coronary Syndrome & STEMI] Q#4 has stable correctOptionId (opt_1_psfvs)
  ✓ [Acute Coronary Syndrome & STEMI] Q#4 content accurately matches topic concepts
  ✓ [Acute Coronary Syndrome & STEMI] Q#4 correctAnswer (A) exists in options
  ✓ [Acute Coronary Syndrome & STEMI] Q#4 option key matches correctOptionId
  ✓ [Acute Coronary Syndrome & STEMI] Q#4 has comprehensive clinical explanation
  ✓ [Acute Coronary Syndrome & STEMI] Q#4 passed 10-point MCQ quality validator
  ✓ [Acute Coronary Syndrome & STEMI] Q#5 has correct subjectId (medicine)
  ✓ [Acute Coronary Syndrome & STEMI] Q#5 has correct topicId (med-1)
  ✓ [Acute Coronary Syndrome & STEMI] Q#5 has stable correctOptionId (opt_1_5jo9h)
  ✓ [Acute Coronary Syndrome & STEMI] Q#5 content accurately matches topic concepts
  ✓ [Acute Coronary Syndrome & STEMI] Q#5 correctAnswer (A) exists in options
  ✓ [Acute Coronary Syndrome & STEMI] Q#5 option key matches correctOptionId
  ✓ [Acute Coronary Syndrome & STEMI] Q#5 has comprehensive clinical explanation
  ✓ [Acute Coronary Syndrome & STEMI] Q#5 passed 10-point MCQ quality validator
  ✓ [Acute Coronary Syndrome & STEMI] Q#6 has correct subjectId (medicine)
  ✓ [Acute Coronary Syndrome & STEMI] Q#6 has correct topicId (med-1)
  ✓ [Acute Coronary Syndrome & STEMI] Q#6 has stable correctOptionId (opt_1_5h3w6)
  ✓ [Acute Coronary Syndrome & STEMI] Q#6 content accurately matches topic concepts
  ✓ [Acute Coronary Syndrome & STEMI] Q#6 correctAnswer (D) exists in options
  ✓ [Acute Coronary Syndrome & STEMI] Q#6 option key matches correctOptionId
  ✗ FAIL: [Acute Coronary Syndrome & STEMI] Q#3 passed 10-point MCQ quality validator
  ✓ [Acute Coronary Syndrome & STEMI] Q#6 has comprehensive clinical explanation
  ✓ [Acute Coronary Syndrome & STEMI] Q#6 passed 10-point MCQ quality validator
  ✓ [Acute Coronary Syndrome & STEMI] Q#7 has correct subjectId (medicine)
  ✓ [Acute Coronary Syndrome & STEMI] Q#7 has correct topicId (med-1)
  ✓ [Acute Coronary Syndrome & STEMI] Q#7 has stable correctOptionId (opt_1_y70me)
  ✓ [Acute Coronary Syndrome & STEMI] Q#7 content accurately matches topic concepts
  ✓ [Acute Coronary Syndrome & STEMI] Q#7 correctAnswer (C) exists in options
  ✓ [Acute Coronary Syndrome & STEMI] Q#7 option key matches correctOptionId
  ✓ [Acute Coronary Syndrome & STEMI] Q#7 has comprehensive clinical explanation
  ✓ [Acute Coronary Syndrome & STEMI] Q#7 passed 10-point MCQ quality validator
  ✓ [Acute Coronary Syndrome & STEMI] Q#8 has correct subjectId (medicine)
  ✓ [Acute Coronary Syndrome & STEMI] Q#8 has correct topicId (med-1)
  ✓ [Acute Coronary Syndrome & STEMI] Q#8 has stable correctOptionId (opt_1_lwsxg)
  ✓ [Acute Coronary Syndrome & STEMI] Q#8 correctAnswer (D) exists in options
  ✓ [Acute Coronary Syndrome & STEMI] Q#8 option key matches correctOptionId
  ✓ [Acute Coronary Syndrome & STEMI] Q#8 has comprehensive clinical explanation
  ✓ [Acute Coronary Syndrome & STEMI] Q#8 passed 10-point MCQ quality validator
  ✓ [Acute Coronary Syndrome & STEMI] Q#9 has correct subjectId (medicine)
  ✓ [Acute Coronary Syndrome & STEMI] Q#9 has correct topicId (med-1)
  ✓ [Acute Coronary Syndrome & STEMI] Q#9 has stable correctOptionId (opt_1_ms0am)
  ✓ [Acute Coronary Syndrome & STEMI] Q#9 content accurately matches topic concepts
  ✓ [Acute Coronary Syndrome & STEMI] Q#9 correctAnswer (B) exists in options
  ✓ [Acute Coronary Syndrome & STEMI] Q#9 option key matches correctOptionId
  ✓ [Acute Coronary Syndrome & STEMI] Q#9 has comprehensive clinical explanation
  ✓ [Acute Coronary Syndrome & STEMI] Q#9 passed 10-point MCQ quality validator
  ✓ [Acute Coronary Syndrome & STEMI] Q#10 has correct subjectId (medicine)
  ✓ [Acute Coronary Syndrome & STEMI] Q#10 has correct topicId (med-1)
  ✓ [Acute Coronary Syndrome & STEMI] Q#10 has stable correctOptionId (opt_1_z39jx)
  ✓ [Acute Coronary Syndrome & STEMI] Q#10 content accurately matches topic concepts
  ✓ [Acute Coronary Syndrome & STEMI] Q#10 correctAnswer (C) exists in options
  ✗ FAIL: [Acute Coronary Syndrome & STEMI] Q#8 content accurately matches topic concepts
  ✓ [Acute Coronary Syndrome & STEMI] Q#10 option key matches correctOptionId
  ✓ [Acute Coronary Syndrome & STEMI] Q#10 has comprehensive clinical explanation
  ✓ [Acute Coronary Syndrome & STEMI] Q#10 passed 10-point MCQ quality validator

Auditing topic: [Pharmacology -> Autonomic Nervous System Drugs]
[VisualEngine] Question: verified-pharmacology-pharm-1-1 | Subject: pharmacology | Target: log dose response curve competitive antagonist | Matched: pharm:dose_response_competitive_antagonist (score: 0.99)
[VisualEngine] Question: verified-pharmacology-pharm-1-facet-2 | Subject: pharmacology | RequiresImage: false -> Text-only
[VisualEngine] Question: verified-pharmacology-pharm-1-facet-3 | Subject: pharmacology | RequiresImage: false -> Text-only
[VisualEngine] Question: verified-pharmacology-pharm-1-facet-4 | Subject: pharmacology | RequiresImage: false -> Text-only
[VisualEngine] Question: verified-pharmacology-pharm-1-facet-5 | Subject: pharmacology | RequiresImage: false -> Text-only
[VisualEngine] Question: verified-pharmacology-pharm-1-facet-6 | Subject: pharmacology | RequiresImage: false -> Text-only
[VisualEngine] Question: verified-pharmacology-pharm-1-facet-7 | Subject: pharmacology | RequiresImage: false -> Text-only
[VisualEngine] Question: verified-pharmacology-pharm-1-facet-8 | Subject: pharmacology | RequiresImage: false -> Text-only
[VisualEngine] Question: verified-pharmacology-pharm-1-facet-9 | Subject: pharmacology | RequiresImage: false -> Text-only
[VisualEngine] Question: verified-pharmacology-pharm-1-facet-10 | Subject: pharmacology | RequiresImage: false -> Text-only
  ✓ [Autonomic Nervous System Drugs] Produced exactly 10 questions
  ✓ [Autonomic Nervous System Drugs] Answer positions vary (D, B, C, A)
  ✓ [Autonomic Nervous System Drugs] Q#1 has correct subjectId (pharmacology)
  ✓ [Autonomic Nervous System Drugs] Q#1 has correct topicId (pharm-1)
  ✓ [Autonomic Nervous System Drugs] Q#1 has stable correctOptionId (opt_1_ov1m5)
  ✓ [Autonomic Nervous System Drugs] Q#1 content accurately matches topic concepts
  ✓ [Autonomic Nervous System Drugs] Q#1 correctAnswer (D) exists in options
  ✓ [Autonomic Nervous System Drugs] Q#1 option key matches correctOptionId
  ✓ [Autonomic Nervous System Drugs] Q#1 has comprehensive clinical explanation
  ✓ [Autonomic Nervous System Drugs] Q#1 passed 10-point MCQ quality validator
  ✓ [Autonomic Nervous System Drugs] Q#2 has correct subjectId (pharmacology)
  ✓ [Autonomic Nervous System Drugs] Q#2 has correct topicId (pharm-1)
  ✓ [Autonomic Nervous System Drugs] Q#2 has stable correctOptionId (opt_1_6gl97)
  ✓ [Autonomic Nervous System Drugs] Q#2 content accurately matches topic concepts
  ✓ [Autonomic Nervous System Drugs] Q#2 correctAnswer (B) exists in options
  ✓ [Autonomic Nervous System Drugs] Q#2 option key matches correctOptionId
  ✓ [Autonomic Nervous System Drugs] Q#2 has comprehensive clinical explanation
  ✓ [Autonomic Nervous System Drugs] Q#2 passed 10-point MCQ quality validator
  ✓ [Autonomic Nervous System Drugs] Q#3 has correct subjectId (pharmacology)
  ✓ [Autonomic Nervous System Drugs] Q#3 has correct topicId (pharm-1)
  ✓ [Autonomic Nervous System Drugs] Q#3 has stable correctOptionId (opt_1_0uhix)
  ✓ [Autonomic Nervous System Drugs] Q#3 content accurately matches topic concepts
  ✓ [Autonomic Nervous System Drugs] Q#3 correctAnswer (D) exists in options
  ✓ [Autonomic Nervous System Drugs] Q#3 option key matches correctOptionId
  ✓ [Autonomic Nervous System Drugs] Q#3 has comprehensive clinical explanation
  ✓ [Autonomic Nervous System Drugs] Q#3 passed 10-point MCQ quality validator
  ✓ [Autonomic Nervous System Drugs] Q#4 has correct subjectId (pharmacology)
  ✓ [Autonomic Nervous System Drugs] Q#4 has correct topicId (pharm-1)
  ✓ [Autonomic Nervous System Drugs] Q#4 has stable correctOptionId (opt_1_trq6y)
  ✓ [Autonomic Nervous System Drugs] Q#4 content accurately matches topic concepts
  ✓ [Autonomic Nervous System Drugs] Q#4 correctAnswer (C) exists in options
  ✓ [Autonomic Nervous System Drugs] Q#4 option key matches correctOptionId
  ✓ [Autonomic Nervous System Drugs] Q#4 has comprehensive clinical explanation
  ✓ [Autonomic Nervous System Drugs] Q#4 passed 10-point MCQ quality validator
  ✓ [Autonomic Nervous System Drugs] Q#5 has correct subjectId (pharmacology)
  ✓ [Autonomic Nervous System Drugs] Q#5 has correct topicId (pharm-1)
  ✓ [Autonomic Nervous System Drugs] Q#5 has stable correctOptionId (opt_1_rv5cd)
  ✓ [Autonomic Nervous System Drugs] Q#5 content accurately matches topic concepts
  ✓ [Autonomic Nervous System Drugs] Q#5 correctAnswer (A) exists in options
  ✓ [Autonomic Nervous System Drugs] Q#5 option key matches correctOptionId
  ✓ [Autonomic Nervous System Drugs] Q#5 has comprehensive clinical explanation
  ✓ [Autonomic Nervous System Drugs] Q#5 passed 10-point MCQ quality validator
  ✓ [Autonomic Nervous System Drugs] Q#6 has correct subjectId (pharmacology)
  ✓ [Autonomic Nervous System Drugs] Q#6 has correct topicId (pharm-1)
  ✓ [Autonomic Nervous System Drugs] Q#6 has stable correctOptionId (opt_1_vhjla)
  ✓ [Autonomic Nervous System Drugs] Q#6 content accurately matches topic concepts
  ✓ [Autonomic Nervous System Drugs] Q#6 correctAnswer (D) exists in options
  ✓ [Autonomic Nervous System Drugs] Q#6 option key matches correctOptionId
  ✓ [Autonomic Nervous System Drugs] Q#6 has comprehensive clinical explanation
  ✓ [Autonomic Nervous System Drugs] Q#6 passed 10-point MCQ quality validator
  ✓ [Autonomic Nervous System Drugs] Q#7 has correct subjectId (pharmacology)
  ✓ [Autonomic Nervous System Drugs] Q#7 has correct topicId (pharm-1)
  ✓ [Autonomic Nervous System Drugs] Q#7 has stable correctOptionId (opt_1_egcp6)
  ✓ [Autonomic Nervous System Drugs] Q#7 content accurately matches topic concepts
  ✓ [Autonomic Nervous System Drugs] Q#7 correctAnswer (B) exists in options
  ✓ [Autonomic Nervous System Drugs] Q#7 option key matches correctOptionId
  ✓ [Autonomic Nervous System Drugs] Q#7 has comprehensive clinical explanation
  ✓ [Autonomic Nervous System Drugs] Q#7 passed 10-point MCQ quality validator
  ✓ [Autonomic Nervous System Drugs] Q#8 has correct subjectId (pharmacology)
  ✓ [Autonomic Nervous System Drugs] Q#8 has correct topicId (pharm-1)
  ✓ [Autonomic Nervous System Drugs] Q#8 has stable correctOptionId (opt_1_8iwwk)
  ✓ [Autonomic Nervous System Drugs] Q#8 content accurately matches topic concepts
  ✓ [Autonomic Nervous System Drugs] Q#8 correctAnswer (A) exists in options
  ✓ [Autonomic Nervous System Drugs] Q#8 option key matches correctOptionId
  ✓ [Autonomic Nervous System Drugs] Q#8 has comprehensive clinical explanation
  ✓ [Autonomic Nervous System Drugs] Q#8 passed 10-point MCQ quality validator
  ✓ [Autonomic Nervous System Drugs] Q#9 has correct subjectId (pharmacology)
  ✓ [Autonomic Nervous System Drugs] Q#9 has correct topicId (pharm-1)
  ✓ [Autonomic Nervous System Drugs] Q#9 has stable correctOptionId (opt_1_lrrkt)
  ✓ [Autonomic Nervous System Drugs] Q#9 content accurately matches topic concepts
  ✓ [Autonomic Nervous System Drugs] Q#9 correctAnswer (C) exists in options
  ✓ [Autonomic Nervous System Drugs] Q#9 option key matches correctOptionId
  ✓ [Autonomic Nervous System Drugs] Q#9 has comprehensive clinical explanation
  ✓ [Autonomic Nervous System Drugs] Q#9 passed 10-point MCQ quality validator
  ✓ [Autonomic Nervous System Drugs] Q#10 has correct subjectId (pharmacology)
  ✓ [Autonomic Nervous System Drugs] Q#10 has correct topicId (pharm-1)
  ✓ [Autonomic Nervous System Drugs] Q#10 has stable correctOptionId (opt_1_6j37r)
  ✓ [Autonomic Nervous System Drugs] Q#10 content accurately matches topic concepts
  ✓ [Autonomic Nervous System Drugs] Q#10 correctAnswer (D) exists in options
  ✓ [Autonomic Nervous System Drugs] Q#10 option key matches correctOptionId
  ✓ [Autonomic Nervous System Drugs] Q#10 has comprehensive clinical explanation
  ✓ [Autonomic Nervous System Drugs] Q#10 passed 10-point MCQ quality validator

--- 3. AUDITING MCQ ATTEMPT RECORDING & METADATA COMPLETENESS ---
[VisualEngine] Question: verified-anatomy-anat-4-1 | Subject: anatomy | Target: knee joint acl ligament lachman | Matched: anat:knee_cruciate_ligaments (score: 0.99)
  ✓ Attempt has unique ID
  ✓ Attempt questionId recorded (verified-anatomy-anat-4-1)
  ✓ Attempt subjectId recorded (anatomy)
  ✓ Attempt topicId recorded (anat-4)
  ✓ Attempt subtopicId recorded (Knee Ligaments & Lachman Test)
  ✓ Attempt source recorded (recommended_video_practice)
  ✓ Attempt selectedOptionId recorded (opt_1_1ezbo)
  ✓ Attempt correctOptionId recorded (opt_1_1ezbo)
  ✓ Attempt correctness recorded (true)
  ✓ Attempt timeTakenSeconds recorded (38s)
  ✓ Attempt confidence recorded (high)
  ✓ Attempt attemptNumber recorded (1)
  ✓ Attempt timestamp recorded (2026-09-03T20:16:24.666Z)
  ✓ Attempt sessionId recorded (session-audit-1788466584666)
  ✓ Attempt practiceSessionId recorded (session-audit-1788466584666)
  ✓ Updated state contains recorded attempt

--- 4. AUDITING PERFORMANCE METRICS CALCULATION FROM STORED ATTEMPTS ---
[VisualEngine] Question: verified-anatomy-anat-4-1 | Subject: anatomy | Target: knee joint acl ligament lachman | Matched: anat:knee_cruciate_ligaments (score: 0.99)
[VisualEngine] Question: verified-anatomy-anat-4-2 | Subject: anatomy | RequiresImage: false -> Text-only
[VisualEngine] Question: verified-anatomy-anat-4-facet-3 | Subject: anatomy | RequiresImage: false -> Text-only
[VisualEngine] Question: verified-anatomy-anat-4-facet-4 | Subject: anatomy | RequiresImage: false -> Text-only
[VisualEngine] Question: verified-anatomy-anat-4-facet-5 | Subject: anatomy | RequiresImage: false -> Text-only
[VisualEngine] Question: verified-anatomy-anat-4-facet-6 | Subject: anatomy | RequiresImage: false -> Text-only
[VisualEngine] Question: verified-anatomy-anat-4-facet-7 | Subject: anatomy | RequiresImage: false -> Text-only
[VisualEngine] Question: verified-anatomy-anat-4-facet-8 | Subject: anatomy | RequiresImage: false -> Text-only
[VisualEngine] Question: verified-anatomy-anat-4-facet-9 | Subject: anatomy | RequiresImage: false -> Text-only
[VisualEngine] Question: verified-anatomy-anat-4-facet-10 | Subject: anatomy | RequiresImage: false -> Text-only

Calculated Topic Metrics for Anatomy -> anat-4:
  Total Attempts: 11
  Correct: 9, Incorrect: 2
  Accuracy: 82%
  Recent Accuracy (last 5): 60%
  Average Time: 32.3s
  Repeated Errors: 1
  Last Attempted Date: 2026-09-03T20:16:24.668Z
  Mastery Status: proficient
  ✓ Topic total attempts is 11 (actual: 11)
  ✓ Topic correct answers is 9 (actual: 9)
  ✓ Topic incorrect answers is 2 (actual: 2)
  ✓ Topic accuracy is 82% (actual: 82%)
  ✓ Topic repeated errors detected accurately (count: 1)
  ✓ Topic mastery status is proficient (actual: proficient)
  ✓ Repeated errors (>=2) shifts status to struggling
  ✓ Low accuracy (<50%) shifts status to struggling
  ✓ Moderate accuracy (50-69%) shifts status to developing
  ✓ High accuracy (>=85% with >=5 attempts) shifts status to mastered
  ✓ Zero attempts is unattempted
  ✓ Subject total attempts is 11 (actual: 11)
  ✓ Subject accuracy is 82% (actual: 82%)
  ✓ Source breakdown tracks video practice attempts
  ✓ Source breakdown tracks error vault attempts
  ✓ Overall total attempts is 11 (actual: 11)
  ✓ Overall accuracy is 82% (actual: 82%)

================================================================
 AUDIT COMPLETE: 447 assertions passed, 2 failed.
================================================================

✖ src/utils/__tests__/mcqPerformanceEngineAudit.test.ts (160.599208ms)
▶ onboarding helpers
  ▶ getDaysRemaining
    ✔ returns null when no exam date is provided (undecided) (0.449166ms)
    ✔ returns remaining days in the local timezone (1.0945ms)
    ✔ returns null for a past exam date (0.130125ms)
    ✔ returns null for an invalid date string (0.136125ms)
  ✔ getDaysRemaining (2.557083ms)
  ▶ parseLocalDate
    ✔ parses a valid YYYY-MM-DD key into a local Date (0.214958ms)
    ✔ rejects rollover dates like 2026-02-31 (0.088083ms)
  ✔ parseLocalDate (0.458084ms)
  ▶ isUsableExamDate
    ✔ accepts today and future dates (0.273417ms)
    ✔ rejects past or missing dates (0.240375ms)
  ✔ isUsableExamDate (0.674459ms)
  ▶ isValidTargetScore
    ✔ accepts the listed target options (0.14675ms)
    ✔ rejects scores below pass mark and above max (0.125917ms)
    ✔ rejects non-numbers (0.069917ms)
  ✔ isValidTargetScore (0.440125ms)
  ▶ isValidDailyStudyHours
    ✔ accepts the listed hour options (0.12825ms)
    ✔ rejects out-of-range and non-numbers (0.050333ms)
  ✔ isValidDailyStudyHours (0.244584ms)
  ▶ isValidBaselineScore
    ✔ allows an unset baseline (optional) (0.075375ms)
    ✔ accepts in-range scores (0.043917ms)
    ✔ rejects out-of-range baselines (0.044209ms)
  ✔ isValidBaselineScore (0.227083ms)
  ▶ isValidPreparationStage
    ✔ accepts every defined stage (0.105375ms)
    ✔ rejects random values (0.042834ms)
  ✔ isValidPreparationStage (0.203042ms)
  ▶ isValidStudyPreferences
    ✔ accepts a subset of defined preferences (0.0865ms)
    ✔ rejects unknown or malformed values (0.052375ms)
  ✔ isValidStudyPreferences (0.20625ms)
  ▶ formatExamDate
    ✖ formats a valid date for human display (12.691458ms)
    ✔ returns em dash when unset (0.047833ms)
  ✖ formatExamDate (12.807709ms)
  ▶ day-aware exam date helpers
    ✔ extracts day/month/year from a date key (0.070833ms)
    ✔ counts days per month including leap years (0.026584ms)
    ✔ builds a zero-padded full date (0.036083ms)
    ✔ clamps the day to the month length (0.020125ms)
    ✔ validates a future or today date as usable (0.031459ms)
  ✔ day-aware exam date helpers (0.230833ms)
  ▶ option integrity
    ✔ keeps option labels consistent with label maps (0.047791ms)
    ✔ sorts target scores ascending (0.283833ms)
  ✔ option integrity (0.3575ms)
✖ onboarding helpers (19.105125ms)
=== RUNNING MCQ ATTEMPT & PERFORMANCE ENGINE TESTS ===
  ✓ Initial state has empty mcqAttempts array
  ✓ 1 attempt recorded in state
  ✓ First attempt has attemptNumber 1
  ✓ Topic qBankSolvedCount updated to 1
  ✓ Topic qBankAccuracy updated to 100%
  ✓ 2 attempts recorded in state
  ✓ Second attempt on same question has attemptNumber 2
  ✓ Topic qBankAccuracy updated to 50% (1/2)
  ✓ psm-1 has 4 total attempts
  ✓ psm-1 has 1 correct answer
  ✓ psm-1 has 3 incorrect answers
  ✓ psm-1 accuracy is 25% (1/4)
  ✓ psm-1 avg response time is 45s ((40+50+60+30)/4)
  ✓ psm-1 has 1 repeated error question (q-102 failed twice)
  ✓ psm-1 mastery status is "struggling" due to <50% accuracy
  ✓ psm-1 has 2 QBank attempts
  ✓ psm-1 has 1 Telegram attempt
  ✓ psm-1 has 1 AI Coach attempt
  ✓ 0 attempts => unattempted
  ✓ <50% accuracy => struggling
  ✓ >=2 repeated errors => struggling
  ✓ 65% accuracy => developing
  ✓ 80% accuracy with 3 attempts => proficient
  ✓ 90% accuracy with 6 attempts => mastered
  ✓ Subject ID is psm
  ✓ PSM total attempts is 4
  ✓ PSM correct answers is 1
  ✓ PSM accuracy is 25%
  ✓ PSM has at least 1 struggling topic
  ✓ PSM QBank source breakdown attempts is 2
  ✓ PSM Telegram source breakdown attempts is 1
  ✓ PSM AI Coach source breakdown attempts is 1
  ✓ Overall summary total attempts is 4
  ✓ Overall summary total correct is 1
  ✓ Overall summary total incorrect is 3
  ✓ Overall accuracy is 25%
  ✓ Overall summary contains all 19 medical subjects
  ✓ Recent attempts list contains 4 attempts
  ✓ Hydration created 3 attempts (1 Telegram + 1 Error wrong + 1 Error review correct)

TEST SUMMARY: 39 passed, 0 failed.
✔ src/utils/__tests__/performanceEngine.test.ts (88.697083ms)
▶ personalizationEngine
  ▶ 1 · different exam dates produce different time horizons
    ✔ computes distinct daysRemaining / phase for far vs near exams (2.381ms)
  ✔ 1 · different exam dates produce different time horizons (2.769666ms)
  ▶ 2 · different daily study hours produce different workload capacities
    ✔ scales available minutes and task durations with daily hours (2.893167ms)
  ✔ 2 · different daily study hours produce different workload capacities (2.998291ms)
  ▶ 3 · different preparation stages produce different initial plans
    ✔ shifts the workload mix from learning toward testing/revision (0.202625ms)
    ✔ changes the composition of the generated plan tasks (3.325208ms)
  ✔ 3 · different preparation stages produce different initial plans (3.664916ms)
  ▶ 4 · different target scores affect planning/readiness
    ✔ reflects a larger gap toward a higher target (2.896458ms)
  ✔ 4 · different target scores affect planning/readiness (3.037291ms)
  ▶ 5 · performance changes future priority / estimate
    ✔ updates estimated score (and thus readiness/gap) as attempts accrue (0.528792ms)
  ✔ 5 · performance changes future priority / estimate (0.861333ms)
  ▶ 6 · errors increase remediation priority
    ✔ includes error-remediation tasks when errors exist (1.182667ms)
  ✔ 6 · errors increase remediation priority (1.254208ms)
  ▶ 7 · changing exam date recalculates future planning
    ✔ recomputes daysRemaining and plan horizon on profile change (1.375ms)
  ✔ 7 · changing exam date recalculates future planning (1.427416ms)
  ▶ 8 · changing daily hours recalculates workload
    ✔ recomputes availableMinutes and task durations (2.024166ms)
  ✔ 8 · changing daily hours recalculates workload (2.079958ms)
  ▶ 9 & 10 · changing target/score does not erase learning history; MCQ history survives
    ✔ keeps mcqAttempts untouched when the profile changes (1.9355ms)
  ✔ 9 & 10 · changing target/score does not erase learning history; MCQ history survives (1.971875ms)
  ▶ 11 · existing errors survive profile changes
    ✔ does not mutate errorNotebook when recomputing planning (1.122584ms)
  ✔ 11 · existing errors survive profile changes (1.177542ms)
  ▶ 12 · dashboard and AI Coach use the same personalized context
    ✔ both derive from getLearningContext (single source of truth) (0.426ms)
  ✔ 12 · dashboard and AI Coach use the same personalized context (0.472708ms)
  ▶ 13 · new users receive an initial personalized plan
    ✔ returns a non-empty coherent plan for a brand-new user (0.656375ms)
  ✔ 13 · new users receive an initial personalized plan (0.695583ms)
  ▶ 14 · no generic placeholder plan when real user context exists
    ✔ plan uses the real profile + real topics (not a fixed fake) (1.057875ms)
  ✔ 14 · no generic placeholder plan when real user context exists (1.096625ms)
  ▶ helpers · estimate, baseline, overrides
    ✔ returns null (baselinePending) when no baseline and no performance exist (0.118125ms)
    ✔ uses an explicit baseline when no performance exists (does not fabricate) (0.07275ms)
    ✔ withProfileOverrides lets new profile values win over stale settings (0.032875ms)
  ✔ helpers · estimate, baseline, overrides (0.265542ms)
✔ personalizationEngine (24.673542ms)
▶ PHASE 2: PostgreSQL Schema Constraints & MediaStorageService Provider Abstraction
  ✔ 1. AES-256-GCM securely encrypts and decrypts Telegram StringSession (2.146583ms)
  ✔ 2. MediaStorageService abstracts persistent media storage (save, retrieve, delete) (4.513125ms)
  ✔ 3. CloudDb enforces hard composite unique identity for messages (0.851125ms)
  ✔ 4. Durable Message Processing States transition cleanly through lifecycle (0.352125ms)
  ✔ 5. Content Fingerprint merges cross-channel duplicates into single question record with multiple source references (0.310166ms)
  ✔ 6. resetTelegramNamespace resets all Telegram data cleanly (0.084541ms)
✔ PHASE 2: PostgreSQL Schema Constraints & MediaStorageService Provider Abstraction (9.75725ms)
▶ PHASE 3 & 4: Cloud MTProto Service & QR Authentication Flow
  ✔ 1. generateQrSvg and generateQrDataUrl create valid SVG vector payload for MTProto token (10.838542ms)
  ✔ 2. mapTelegramAuthError translates MTProto network and auth errors into actionable user feedback (3.802792ms)
  ✔ 3. GramJS MTProto Api.auth structures are correctly loaded on backend runtime (0.06475ms)
✔ PHASE 3 & 4: Cloud MTProto Service & QR Authentication Flow (19.464542ms)
▶ PHASE 5 & 6: E.164 Phone Authentication & PostgreSQL Encrypted Session Persistence
  ✔ 1. Normalizes international numbers across India, Philippines, US, and UK (0.647708ms)
  ✔ 2. Rejects invalid strings without throwing native browser pattern errors (0.189333ms)
  ✔ 3. Stores encrypted Telegram StringSession in PostgreSQL and retrieves safely (1.5845ms)
  ✔ 4. Safe user profile excludes raw session strings (0.061167ms)
✔ PHASE 5 & 6: E.164 Phone Authentication & PostgreSQL Encrypted Session Persistence (3.860125ms)
▶ ONE SHOT FMGE — International Phone Number Validator & E.164 Normalizer
  ✔ TEST 1: Validates and normalizes Indian phone numbers in various user input formats (0.374083ms)
  ✔ TEST 2: Validates and normalizes Philippines phone numbers in various input formats (0.0985ms)
  ✔ TEST 3: Validates and normalizes US/Canada phone numbers in various input formats (0.719625ms)
  ✔ TEST 4: Validates European country phone numbers (0.124875ms)
  ✔ TEST 5: Rejects invalid, empty, or malformed numbers cleanly with helpful message (0.374583ms)
  ✔ TEST 6: Maps Telegram RPC errors into user-friendly guidance (0.601625ms)
  ✔ TEST 7: Generates valid SVG matrix & data URL for Telegram MTProto QR Login (tg://login?token=...) (4.321083ms)
✔ ONE SHOT FMGE — International Phone Number Validator & E.164 Normalizer (7.145667ms)
=== RUNNING RIGOROUS 10-MCQ PRACTICE SESSION TESTS ===

--- 1. Testing 10-MCQ Sequential Generation for 5 Topics ---
[VisualEngine] Question: verified-anatomy-anat-4-1 | Subject: anatomy | Target: knee joint acl ligament lachman | Matched: anat:knee_cruciate_ligaments (score: 0.99)
[VisualEngine] Question: verified-anatomy-anat-4-2 | Subject: anatomy | RequiresImage: false -> Text-only
[VisualEngine] Question: verified-anatomy-anat-4-facet-3 | Subject: anatomy | RequiresImage: false -> Text-only
[VisualEngine] Question: verified-anatomy-anat-4-facet-4 | Subject: anatomy | RequiresImage: false -> Text-only
[VisualEngine] Question: verified-anatomy-anat-4-facet-5 | Subject: anatomy | RequiresImage: false -> Text-only
[VisualEngine] Question: verified-anatomy-anat-4-facet-6 | Subject: anatomy | RequiresImage: false -> Text-only
[VisualEngine] Question: verified-anatomy-anat-4-facet-7 | Subject: anatomy | RequiresImage: false -> Text-only
[VisualEngine] Question: verified-anatomy-anat-4-facet-8 | Subject: anatomy | RequiresImage: false -> Text-only
[VisualEngine] Question: verified-anatomy-anat-4-facet-9 | Subject: anatomy | RequiresImage: false -> Text-only
[VisualEngine] Question: verified-anatomy-anat-4-facet-10 | Subject: anatomy | RequiresImage: false -> Text-only
[VisualEngine] Question: q-test-session-anat-4-1788466584769-1 | Subject: anatomy | Target: knee joint acl ligament lachman | Matched: anat:knee_cruciate_ligaments (score: 0.99)
[VisualEngine] Question: q-test-session-anat-4-1788466584769-2 | Subject: anatomy | RequiresImage: false -> Text-only
[VisualEngine] Question: q-test-session-anat-4-1788466584769-3 | Subject: anatomy | RequiresImage: false -> Text-only
[VisualEngine] Question: q-test-session-anat-4-1788466584769-4 | Subject: anatomy | RequiresImage: false -> Text-only
[VisualEngine] Question: q-test-session-anat-4-1788466584769-5 | Subject: anatomy | RequiresImage: false -> Text-only
[VisualEngine] Question: q-test-session-anat-4-1788466584769-6 | Subject: anatomy | RequiresImage: false -> Text-only
[VisualEngine] Question: q-test-session-anat-4-1788466584769-7 | Subject: anatomy | RequiresImage: false -> Text-only
[VisualEngine] Question: q-test-session-anat-4-1788466584769-8 | Subject: anatomy | RequiresImage: false -> Text-only
[VisualEngine] Question: q-test-session-anat-4-1788466584769-9 | Subject: anatomy | RequiresImage: false -> Text-only
[VisualEngine] Question: q-test-session-anat-4-1788466584769-10 | Subject: anatomy | RequiresImage: false -> Text-only
  ✓ Topic [Lower Limb - Knee Joint & Nerve Lesions (Peroneal/Tibial)] produced exactly 10 questions
  ✓ All 10 questions have matching sessionId and sequential sequenceNumber (1..10)
  ✓ Q1 has subjectId = anatomy
  ✓ Q1 has topicId = anat-4
  ✓ Q1 has exactly 4 options
  ✓ Q1 has valid correctAnswer (A)
  ✓ Q1 has detailed explanation
  ✓ Q1 passed strict topic validator for Lower Limb - Knee Joint & Nerve Lesions (Peroneal/Tibial)
  ✓ Q1 contains NO off-target terminology
  ✓ Q2 has subjectId = anatomy
  ✓ Q2 has topicId = anat-4
  ✓ Q2 has exactly 4 options
  ✓ Q2 has valid correctAnswer (C)
  ✓ Q2 has detailed explanation
  ✓ Q2 passed strict topic validator for Lower Limb - Knee Joint & Nerve Lesions (Peroneal/Tibial)
  ✓ Q2 contains NO off-target terminology
  ✓ Q3 has subjectId = anatomy
  ✓ Q3 has topicId = anat-4
  ✓ Q3 has exactly 4 options
  ✓ Q3 has valid correctAnswer (C)
  ✓ Q3 has detailed explanation
  ✓ Q3 passed strict topic validator for Lower Limb - Knee Joint & Nerve Lesions (Peroneal/Tibial)
  ✓ Q3 contains NO off-target terminology
  ✓ Q4 has subjectId = anatomy
  ✓ Q4 has topicId = anat-4
  ✓ Q4 has exactly 4 options
  ✓ Q4 has valid correctAnswer (D)
  ✓ Q4 has detailed explanation
  ✓ Q4 passed strict topic validator for Lower Limb - Knee Joint & Nerve Lesions (Peroneal/Tibial)
  ✓ Q4 contains NO off-target terminology
  ✓ Q5 has subjectId = anatomy
  ✓ Q5 has topicId = anat-4
  ✓ Q5 has exactly 4 options
  ✓ Q5 has valid correctAnswer (A)
  ✓ Q5 has detailed explanation
  ✓ Q5 passed strict topic validator for Lower Limb - Knee Joint & Nerve Lesions (Peroneal/Tibial)
  ✓ Q5 contains NO off-target terminology
  ✓ Q6 has subjectId = anatomy
  ✓ Q6 has topicId = anat-4
  ✓ Q6 has exactly 4 options
  ✓ Q6 has valid correctAnswer (A)
  ✓ Q6 has detailed explanation
  ✓ Q6 passed strict topic validator for Lower Limb - Knee Joint & Nerve Lesions (Peroneal/Tibial)
  ✓ Q6 contains NO off-target terminology
  ✓ Q7 has subjectId = anatomy
  ✓ Q7 has topicId = anat-4
  ✓ Q7 has exactly 4 options
  ✓ Q7 has valid correctAnswer (D)
  ✓ Q7 has detailed explanation
  ✓ Q7 passed strict topic validator for Lower Limb - Knee Joint & Nerve Lesions (Peroneal/Tibial)
  ✓ Q7 contains NO off-target terminology
  ✓ Q8 has subjectId = anatomy
  ✓ Q8 has topicId = anat-4
  ✓ Q8 has exactly 4 options
  ✓ Q8 has valid correctAnswer (C)
  ✓ Q8 has detailed explanation
  ✓ Q8 passed strict topic validator for Lower Limb - Knee Joint & Nerve Lesions (Peroneal/Tibial)
  ✓ Q8 contains NO off-target terminology
  ✓ Q9 has subjectId = anatomy
  ✓ Q9 has topicId = anat-4
  ✓ Q9 has exactly 4 options
  ✓ Q9 has valid correctAnswer (C)
  ✓ Q9 has detailed explanation
  ✓ Q9 passed strict topic validator for Lower Limb - Knee Joint & Nerve Lesions (Peroneal/Tibial)
  ✓ Q9 contains NO off-target terminology
  ✓ Q10 has subjectId = anatomy
  ✓ Q10 has topicId = anat-4
  ✓ Q10 has exactly 4 options
  ✓ Q10 has valid correctAnswer (B)
  ✓ Q10 has detailed explanation
  ✓ Q10 passed strict topic validator for Lower Limb - Knee Joint & Nerve Lesions (Peroneal/Tibial)
  ✓ Q10 contains NO off-target terminology
[VisualEngine] Question: verified-anatomy-anat-1-1 | Subject: anatomy | Target: brachial plexus upper trunk | Matched: anat:brachial_plexus_c5_c6 (score: 0.99)
[VisualEngine] Question: verified-anatomy-anat-1-2 | Subject: anatomy | Target: klumpke total claw hand | Matched: anat:klumpke_claw_hand (score: 0.99)
[VisualEngine] Question: verified-anatomy-anat-1-3 | Subject: anatomy | RequiresImage: false -> Text-only
[VisualEngine] Question: verified-anatomy-anat-1-4 | Subject: anatomy | RequiresImage: false -> Text-only
[VisualEngine] Question: verified-anatomy-anat-1-5 | Subject: anatomy | RequiresImage: false -> Text-only
[VisualEngine] Question: verified-anatomy-anat-1-6 | Subject: anatomy | RequiresImage: false -> Text-only
[VisualEngine] Question: verified-anatomy-anat-1-facet-7 | Subject: anatomy | RequiresImage: false -> Text-only
[VisualEngine] Question: verified-anatomy-anat-1-facet-8 | Subject: anatomy | RequiresImage: false -> Text-only
[VisualEngine] Question: verified-anatomy-anat-1-facet-9 | Subject: anatomy | RequiresImage: false -> Text-only
[VisualEngine] Question: verified-anatomy-anat-1-facet-10 | Subject: anatomy | RequiresImage: false -> Text-only
[VisualEngine] Question: q-test-session-anat-1-1788466584773-1 | Subject: anatomy | Target: brachial plexus upper trunk | Matched: anat:brachial_plexus_c5_c6 (score: 0.99)
[VisualEngine] Question: q-test-session-anat-1-1788466584773-2 | Subject: anatomy | Target: klumpke total claw hand | Matched: anat:klumpke_claw_hand (score: 0.99)
[VisualEngine] Question: q-test-session-anat-1-1788466584773-3 | Subject: anatomy | RequiresImage: false -> Text-only
[VisualEngine] Question: q-test-session-anat-1-1788466584773-4 | Subject: anatomy | RequiresImage: false -> Text-only
[VisualEngine] Question: q-test-session-anat-1-1788466584773-5 | Subject: anatomy | RequiresImage: false -> Text-only
[VisualEngine] Question: q-test-session-anat-1-1788466584773-6 | Subject: anatomy | RequiresImage: false -> Text-only
[VisualEngine] Question: q-test-session-anat-1-1788466584773-7 | Subject: anatomy | RequiresImage: false -> Text-only
[VisualEngine] Question: q-test-session-anat-1-1788466584773-8 | Subject: anatomy | RequiresImage: false -> Text-only
[VisualEngine] Question: q-test-session-anat-1-1788466584773-9 | Subject: anatomy | RequiresImage: false -> Text-only
[VisualEngine] Question: q-test-session-anat-1-1788466584773-10 | Subject: anatomy | RequiresImage: false -> Text-only
  ✓ Topic [Upper Limb - Brachial Plexus & Nerve Injuries] produced exactly 10 questions
  ✓ All 10 questions have matching sessionId and sequential sequenceNumber (1..10)
  ✓ Q1 has subjectId = anatomy
  ✓ Q1 has topicId = anat-1
  ✓ Q1 has exactly 4 options
  ✓ Q1 has valid correctAnswer (C)
  ✓ Q1 has detailed explanation
  ✓ Q1 passed strict topic validator for Upper Limb - Brachial Plexus & Nerve Injuries
  ✓ Q1 contains NO off-target terminology
  ✓ Q2 has subjectId = anatomy
  ✓ Q2 has topicId = anat-1
  ✓ Q2 has exactly 4 options
  ✓ Q2 has valid correctAnswer (C)
  ✓ Q2 has detailed explanation
  ✓ Q2 passed strict topic validator for Upper Limb - Brachial Plexus & Nerve Injuries
  ✓ Q2 contains NO off-target terminology
  ✓ Q3 has subjectId = anatomy
  ✓ Q3 has topicId = anat-1
  ✓ Q3 has exactly 4 options
  ✓ Q3 has valid correctAnswer (A)
  ✓ Q3 has detailed explanation
  ✓ Q3 passed strict topic validator for Upper Limb - Brachial Plexus & Nerve Injuries
  ✓ Q3 contains NO off-target terminology
  ✓ Q4 has subjectId = anatomy
  ✓ Q4 has topicId = anat-1
  ✓ Q4 has exactly 4 options
  ✓ Q4 has valid correctAnswer (B)
  ✓ Q4 has detailed explanation
  ✓ Q4 passed strict topic validator for Upper Limb - Brachial Plexus & Nerve Injuries
  ✓ Q4 contains NO off-target terminology
  ✓ Q5 has subjectId = anatomy
  ✓ Q5 has topicId = anat-1
  ✓ Q5 has exactly 4 options
  ✓ Q5 has valid correctAnswer (D)
  ✓ Q5 has detailed explanation
  ✓ Q5 passed strict topic validator for Upper Limb - Brachial Plexus & Nerve Injuries
  ✓ Q5 contains NO off-target terminology
  ✓ Q6 has subjectId = anatomy
  ✓ Q6 has topicId = anat-1
  ✓ Q6 has exactly 4 options
  ✓ Q6 has valid correctAnswer (B)
  ✓ Q6 has detailed explanation
  ✓ Q6 passed strict topic validator for Upper Limb - Brachial Plexus & Nerve Injuries
  ✓ Q6 contains NO off-target terminology
  ✓ Q7 has subjectId = anatomy
  ✓ Q7 has topicId = anat-1
  ✓ Q7 has exactly 4 options
  ✓ Q7 has valid correctAnswer (A)
  ✓ Q7 has detailed explanation
  ✓ Q7 passed strict topic validator for Upper Limb - Brachial Plexus & Nerve Injuries
  ✓ Q7 contains NO off-target terminology
  ✓ Q8 has subjectId = anatomy
  ✓ Q8 has topicId = anat-1
  ✓ Q8 has exactly 4 options
  ✓ Q8 has valid correctAnswer (A)
  ✓ Q8 has detailed explanation
  ✓ Q8 passed strict topic validator for Upper Limb - Brachial Plexus & Nerve Injuries
  ✓ Q8 contains NO off-target terminology
  ✓ Q9 has subjectId = anatomy
  ✓ Q9 has topicId = anat-1
  ✓ Q9 has exactly 4 options
  ✓ Q9 has valid correctAnswer (B)
  ✓ Q9 has detailed explanation
  ✓ Q9 passed strict topic validator for Upper Limb - Brachial Plexus & Nerve Injuries
  ✓ Q9 contains NO off-target terminology
  ✓ Q10 has subjectId = anatomy
  ✓ Q10 has topicId = anat-1
  ✓ Q10 has exactly 4 options
  ✓ Q10 has valid correctAnswer (D)
  ✓ Q10 has detailed explanation
  ✓ Q10 passed strict topic validator for Upper Limb - Brachial Plexus & Nerve Injuries
  ✓ Q10 contains NO off-target terminology
[VisualEngine] Question: ibq-fmge_ibq_22-1788466584775 | Subject: medicine | Target: WPW syndrome ECG (Delta wave) | Matched: med:ecg_wpw_syndrome (score: 0.96)
[VisualEngine] Question: verified-medicine-med-1-1 | Subject: medicine | Target: inferior stemi with right ventricular involvement | Matched: med:ecg_inferior_stemi (score: 0.99)
[VisualEngine] Question: verified-medicine-med-1-2 | Subject: medicine | Target: complete third degree av block av dissociation | Matched: med:ecg_complete_heart_block (score: 0.99)
[VisualEngine] Question: verified-medicine-med-1-3 | Subject: medicine | Target: anterior stemi lad occlusion leads v1 v4 | Matched: med:ecg_anterior_stemi (score: 0.99)
[VisualEngine] Question: verified-medicine-med-1-4 | Subject: medicine | Target: wolff parkinson white wpw delta wave | Matched: cardio:wpw_syndrome_jpg (score: 0.99)
[VisualEngine] Question: verified-medicine-med-1-facet-6 | Subject: medicine | RequiresImage: false -> Text-only
[VisualEngine] Question: verified-medicine-med-1-facet-7 | Subject: medicine | RequiresImage: false -> Text-only
[VisualEngine] Question: verified-medicine-med-1-facet-8 | Subject: medicine | RequiresImage: false -> Text-only
[VisualEngine] Question: verified-medicine-med-1-facet-9 | Subject: medicine | RequiresImage: false -> Text-only
[VisualEngine] Question: verified-medicine-med-1-facet-10 | Subject: medicine | RequiresImage: false -> Text-only
[VisualEngine] Question: q-test-session-med-1-1788466584775-1 | Subject: medicine | Target: WPW syndrome ECG (Delta wave) | Matched: med:ecg_wpw_syndrome (score: 0.99)
[VisualEngine] Question: q-test-session-med-1-1788466584775-2 | Subject: medicine | Target: inferior stemi with right ventricular involvement | Matched: med:ecg_inferior_stemi (score: 0.99)
[VisualEngine] Question: q-test-session-med-1-1788466584775-3 | Subject: medicine | Target: complete third degree av block av dissociation | Matched: med:ecg_complete_heart_block (score: 0.99)
[VisualEngine] Question: q-test-session-med-1-1788466584775-4 | Subject: medicine | Target: anterior stemi lad occlusion leads v1 v4 | Matched: med:ecg_anterior_stemi (score: 0.99)
[VisualEngine] Question: q-test-session-med-1-1788466584775-5 | Subject: medicine | Target: wolff parkinson white wpw delta wave | Matched: cardio:wpw_syndrome_jpg (score: 0.99)
[VisualEngine] Question: q-test-session-med-1-1788466584775-6 | Subject: medicine | RequiresImage: false -> Text-only
[VisualEngine] Question: q-test-session-med-1-1788466584775-7 | Subject: medicine | RequiresImage: false -> Text-only
[VisualEngine] Question: q-test-session-med-1-1788466584775-8 | Subject: medicine | RequiresImage: false -> Text-only
[VisualEngine] Question: q-test-session-med-1-1788466584775-9 | Subject: medicine | RequiresImage: false -> Text-only
[VisualEngine] Question: q-test-session-med-1-1788466584775-10 | Subject: medicine | RequiresImage: false -> Text-only
  ✓ Topic [Cardiology (ECG, MI, Arrhythmias, Heart Failure)] produced exactly 10 questions
  ✓ All 10 questions have matching sessionId and sequential sequenceNumber (1..10)
  ✓ Q1 has subjectId = medicine
  ✓ Q1 has topicId = med-1
  ✓ Q1 has exactly 4 options
  ✓ Q1 has valid correctAnswer (A)
  ✓ Q1 has detailed explanation
  ✓ Q1 passed strict topic validator for Cardiology (ECG, MI, Arrhythmias, Heart Failure)
  ✓ Q1 contains NO off-target terminology
  ✓ Q2 has subjectId = medicine
  ✓ Q2 has topicId = med-1
  ✓ Q2 has exactly 4 options
  ✓ Q2 has valid correctAnswer (D)
  ✓ Q2 has detailed explanation
  ✓ Q2 passed strict topic validator for Cardiology (ECG, MI, Arrhythmias, Heart Failure)
  ✓ Q2 contains NO off-target terminology
  ✓ Q3 has subjectId = medicine
  ✓ Q3 has topicId = med-1
  ✓ Q3 has exactly 4 options
  ✓ Q3 has valid correctAnswer (B)
  ✓ Q3 has detailed explanation
  ✓ Q3 passed strict topic validator for Cardiology (ECG, MI, Arrhythmias, Heart Failure)
  ✓ Q3 contains NO off-target terminology
  ✓ Q4 has subjectId = medicine
  ✓ Q4 has topicId = med-1
  ✓ Q4 has exactly 4 options
  ✓ Q4 has valid correctAnswer (D)
  ✓ Q4 has detailed explanation
  ✓ Q4 passed strict topic validator for Cardiology (ECG, MI, Arrhythmias, Heart Failure)
  ✓ Q4 contains NO off-target terminology
  ✓ Q5 has subjectId = medicine
  ✓ Q5 has topicId = med-1
  ✓ Q5 has exactly 4 options
  ✓ Q5 has valid correctAnswer (B)
  ✓ Q5 has detailed explanation
  ✓ Q5 passed strict topic validator for Cardiology (ECG, MI, Arrhythmias, Heart Failure)
  ✓ Q5 contains NO off-target terminology
  ✓ Q6 has subjectId = medicine
  ✓ Q6 has topicId = med-1
  ✓ Q6 has exactly 4 options
  ✓ Q6 has valid correctAnswer (C)
  ✓ Q6 has detailed explanation
  ✓ Q6 passed strict topic validator for Cardiology (ECG, MI, Arrhythmias, Heart Failure)
  ✓ Q6 contains NO off-target terminology
  ✓ Q7 has subjectId = medicine
  ✓ Q7 has topicId = med-1
  ✓ Q7 has exactly 4 options
  ✓ Q7 has valid correctAnswer (A)
  ✓ Q7 has detailed explanation
  ✓ Q7 passed strict topic validator for Cardiology (ECG, MI, Arrhythmias, Heart Failure)
  ✓ Q7 contains NO off-target terminology
  ✓ Q8 has subjectId = medicine
  ✓ Q8 has topicId = med-1
  ✓ Q8 has exactly 4 options
  ✓ Q8 has valid correctAnswer (A)
  ✓ Q8 has detailed explanation
  ✓ Q8 passed strict topic validator for Cardiology (ECG, MI, Arrhythmias, Heart Failure)
  ✓ Q8 contains NO off-target terminology
  ✓ Q9 has subjectId = medicine
  ✓ Q9 has topicId = med-1
  ✓ Q9 has exactly 4 options
  ✓ Q9 has valid correctAnswer (A)
  ✓ Q9 has detailed explanation
  ✓ Q9 passed strict topic validator for Cardiology (ECG, MI, Arrhythmias, Heart Failure)
  ✓ Q9 contains NO off-target terminology
  ✓ Q10 has subjectId = medicine
  ✓ Q10 has topicId = med-1
  ✓ Q10 has exactly 4 options
  ✓ Q10 has valid correctAnswer (A)
  ✓ Q10 has detailed explanation
  ✓ Q10 passed strict topic validator for Cardiology (ECG, MI, Arrhythmias, Heart Failure)
  ✓ Q10 contains NO off-target terminology
[VisualEngine] Question: verified-pharmacology-pharm-1-1 | Subject: pharmacology | Target: log dose response curve competitive antagonist | Matched: pharm:dose_response_competitive_antagonist (score: 0.99)
[VisualEngine] Question: verified-pharmacology-pharm-1-facet-2 | Subject: pharmacology | RequiresImage: false -> Text-only
[VisualEngine] Question: verified-pharmacology-pharm-1-facet-3 | Subject: pharmacology | RequiresImage: false -> Text-only
[VisualEngine] Question: verified-pharmacology-pharm-1-facet-4 | Subject: pharmacology | RequiresImage: false -> Text-only
[VisualEngine] Question: verified-pharmacology-pharm-1-facet-5 | Subject: pharmacology | RequiresImage: false -> Text-only
[VisualEngine] Question: verified-pharmacology-pharm-1-facet-6 | Subject: pharmacology | RequiresImage: false -> Text-only
[VisualEngine] Question: verified-pharmacology-pharm-1-facet-7 | Subject: pharmacology | RequiresImage: false -> Text-only
[VisualEngine] Question: verified-pharmacology-pharm-1-facet-8 | Subject: pharmacology | RequiresImage: false -> Text-only
[VisualEngine] Question: verified-pharmacology-pharm-1-facet-9 | Subject: pharmacology | RequiresImage: false -> Text-only
[VisualEngine] Question: verified-pharmacology-pharm-1-facet-10 | Subject: pharmacology | RequiresImage: false -> Text-only
[VisualEngine] Question: q-test-session-pharm-1-1788466584778-1 | Subject: pharmacology | Target: log dose response curve competitive antagonist | Matched: pharm:dose_response_competitive_antagonist (score: 0.99)
[VisualEngine] Question: q-test-session-pharm-1-1788466584778-2 | Subject: pharmacology | RequiresImage: false -> Text-only
[VisualEngine] Question: q-test-session-pharm-1-1788466584778-3 | Subject: pharmacology | RequiresImage: false -> Text-only
[VisualEngine] Question: q-test-session-pharm-1-1788466584778-4 | Subject: pharmacology | RequiresImage: false -> Text-only
[VisualEngine] Question: q-test-session-pharm-1-1788466584778-5 | Subject: pharmacology | RequiresImage: false -> Text-only
[VisualEngine] Question: q-test-session-pharm-1-1788466584778-6 | Subject: pharmacology | RequiresImage: false -> Text-only
[VisualEngine] Question: q-test-session-pharm-1-1788466584778-7 | Subject: pharmacology | RequiresImage: false -> Text-only
[VisualEngine] Question: q-test-session-pharm-1-1788466584778-8 | Subject: pharmacology | RequiresImage: false -> Text-only
[VisualEngine] Question: q-test-session-pharm-1-1788466584778-9 | Subject: pharmacology | RequiresImage: false -> Text-only
[VisualEngine] Question: q-test-session-pharm-1-1788466584778-10 | Subject: pharmacology | RequiresImage: false -> Text-only
  ✓ Topic [Autonomic Nervous System Drugs] produced exactly 10 questions
  ✓ All 10 questions have matching sessionId and sequential sequenceNumber (1..10)
  ✓ Q1 has subjectId = pharmacology
  ✓ Q1 has topicId = pharm-1
  ✓ Q1 has exactly 4 options
  ✓ Q1 has valid correctAnswer (B)
  ✓ Q1 has detailed explanation
  ✓ Q1 passed strict topic validator for Autonomic Nervous System Drugs
  ✓ Q1 contains NO off-target terminology
  ✓ Q2 has subjectId = pharmacology
  ✓ Q2 has topicId = pharm-1
  ✓ Q2 has exactly 4 options
  ✓ Q2 has valid correctAnswer (B)
  ✓ Q2 has detailed explanation
  ✓ Q2 passed strict topic validator for Autonomic Nervous System Drugs
  ✓ Q2 contains NO off-target terminology
  ✓ Q3 has subjectId = pharmacology
  ✓ Q3 has topicId = pharm-1
  ✓ Q3 has exactly 4 options
  ✓ Q3 has valid correctAnswer (B)
  ✓ Q3 has detailed explanation
  ✓ Q3 passed strict topic validator for Autonomic Nervous System Drugs
  ✓ Q3 contains NO off-target terminology
  ✓ Q4 has subjectId = pharmacology
  ✓ Q4 has topicId = pharm-1
  ✓ Q4 has exactly 4 options
  ✓ Q4 has valid correctAnswer (B)
  ✓ Q4 has detailed explanation
  ✓ Q4 passed strict topic validator for Autonomic Nervous System Drugs
  ✓ Q4 contains NO off-target terminology
  ✓ Q5 has subjectId = pharmacology
  ✓ Q5 has topicId = pharm-1
  ✓ Q5 has exactly 4 options
  ✓ Q5 has valid correctAnswer (C)
  ✓ Q5 has detailed explanation
  ✓ Q5 passed strict topic validator for Autonomic Nervous System Drugs
  ✓ Q5 contains NO off-target terminology
  ✓ Q6 has subjectId = pharmacology
  ✓ Q6 has topicId = pharm-1
  ✓ Q6 has exactly 4 options
  ✓ Q6 has valid correctAnswer (A)
  ✓ Q6 has detailed explanation
  ✓ Q6 passed strict topic validator for Autonomic Nervous System Drugs
  ✓ Q6 contains NO off-target terminology
  ✓ Q7 has subjectId = pharmacology
  ✓ Q7 has topicId = pharm-1
  ✓ Q7 has exactly 4 options
  ✓ Q7 has valid correctAnswer (C)
  ✓ Q7 has detailed explanation
  ✓ Q7 passed strict topic validator for Autonomic Nervous System Drugs
  ✓ Q7 contains NO off-target terminology
  ✓ Q8 has subjectId = pharmacology
  ✓ Q8 has topicId = pharm-1
  ✓ Q8 has exactly 4 options
  ✓ Q8 has valid correctAnswer (C)
  ✓ Q8 has detailed explanation
  ✓ Q8 passed strict topic validator for Autonomic Nervous System Drugs
  ✓ Q8 contains NO off-target terminology
  ✓ Q9 has subjectId = pharmacology
  ✓ Q9 has topicId = pharm-1
  ✓ Q9 has exactly 4 options
  ✓ Q9 has valid correctAnswer (A)
  ✓ Q9 has detailed explanation
  ✓ Q9 passed strict topic validator for Autonomic Nervous System Drugs
  ✓ Q9 contains NO off-target terminology
  ✓ Q10 has subjectId = pharmacology
  ✓ Q10 has topicId = pharm-1
  ✓ Q10 has exactly 4 options
  ✓ Q10 has valid correctAnswer (A)
  ✓ Q10 has detailed explanation
  ✓ Q10 passed strict topic validator for Autonomic Nervous System Drugs
  ✓ Q10 contains NO off-target terminology
[VisualEngine] Question: verified-obg-obg-2-facet-1 | Subject: obg | RequiresImage: false -> Text-only
[VisualEngine] Question: verified-obg-obg-2-facet-2 | Subject: obg | RequiresImage: false -> Text-only
[VisualEngine] Question: verified-obg-obg-2-facet-3 | Subject: obg | RequiresImage: false -> Text-only
[VisualEngine] Question: verified-obg-obg-2-facet-4 | Subject: obg | RequiresImage: false -> Text-only
[VisualEngine] Question: verified-obg-obg-2-facet-5 | Subject: obg | RequiresImage: false -> Text-only
[VisualEngine] Question: verified-obg-obg-2-facet-6 | Subject: obg | RequiresImage: false -> Text-only
[VisualEngine] Question: verified-obg-obg-2-facet-7 | Subject: obg | RequiresImage: false -> Text-only
[VisualEngine] Question: verified-obg-obg-2-facet-8 | Subject: obg | RequiresImage: false -> Text-only
[VisualEngine] Question: verified-obg-obg-2-facet-9 | Subject: obg | RequiresImage: false -> Text-only
[VisualEngine] Question: verified-obg-obg-2-facet-10 | Subject: obg | RequiresImage: false -> Text-only
[VisualEngine] Question: q-test-session-obg-2-1788466584780-1 | Subject: obg | RequiresImage: false -> Text-only
[VisualEngine] Question: q-test-session-obg-2-1788466584780-2 | Subject: obg | RequiresImage: false -> Text-only
[VisualEngine] Question: q-test-session-obg-2-1788466584780-3 | Subject: obg | RequiresImage: false -> Text-only
[VisualEngine] Question: q-test-session-obg-2-1788466584780-4 | Subject: obg | RequiresImage: false -> Text-only
[VisualEngine] Question: q-test-session-obg-2-1788466584780-5 | Subject: obg | RequiresImage: false -> Text-only
[VisualEngine] Question: q-test-session-obg-2-1788466584780-6 | Subject: obg | RequiresImage: false -> Text-only
[VisualEngine] Question: q-test-session-obg-2-1788466584780-7 | Subject: obg | RequiresImage: false -> Text-only
[VisualEngine] Question: q-test-session-obg-2-1788466584780-8 | Subject: obg | RequiresImage: false -> Text-only
[VisualEngine] Question: q-test-session-obg-2-1788466584780-9 | Subject: obg | RequiresImage: false -> Text-only
[VisualEngine] Question: q-test-session-obg-2-1788466584780-10 | Subject: obg | RequiresImage: false -> Text-only
  ✓ Topic [Pre-eclampsia, Eclampsia & MgSO4 Pritchard Regimen] produced exactly 10 questions
  ✓ All 10 questions have matching sessionId and sequential sequenceNumber (1..10)
  ✓ Q1 has subjectId = obg
  ✓ Q1 has topicId = obg-2
  ✓ Q1 has exactly 4 options
  ✓ Q1 has valid correctAnswer (A)
  ✓ Q1 has detailed explanation
  ✓ Q1 passed strict topic validator for Pre-eclampsia, Eclampsia & MgSO4 Pritchard Regimen
  ✓ Q1 contains NO off-target terminology
  ✓ Q2 has subjectId = obg
  ✓ Q2 has topicId = obg-2
  ✓ Q2 has exactly 4 options
  ✓ Q2 has valid correctAnswer (B)
  ✓ Q2 has detailed explanation
  ✓ Q2 passed strict topic validator for Pre-eclampsia, Eclampsia & MgSO4 Pritchard Regimen
  ✓ Q2 contains NO off-target terminology
  ✓ Q3 has subjectId = obg
  ✓ Q3 has topicId = obg-2
  ✓ Q3 has exactly 4 options
  ✓ Q3 has valid correctAnswer (D)
  ✓ Q3 has detailed explanation
  ✓ Q3 passed strict topic validator for Pre-eclampsia, Eclampsia & MgSO4 Pritchard Regimen
  ✓ Q3 contains NO off-target terminology
  ✓ Q4 has subjectId = obg
  ✓ Q4 has topicId = obg-2
  ✓ Q4 has exactly 4 options
  ✓ Q4 has valid correctAnswer (D)
  ✓ Q4 has detailed explanation
  ✓ Q4 passed strict topic validator for Pre-eclampsia, Eclampsia & MgSO4 Pritchard Regimen
  ✓ Q4 contains NO off-target terminology
  ✓ Q5 has subjectId = obg
  ✓ Q5 has topicId = obg-2
  ✓ Q5 has exactly 4 options
  ✓ Q5 has valid correctAnswer (D)
  ✓ Q5 has detailed explanation
  ✓ Q5 passed strict topic validator for Pre-eclampsia, Eclampsia & MgSO4 Pritchard Regimen
  ✓ Q5 contains NO off-target terminology
  ✓ Q6 has subjectId = obg
  ✓ Q6 has topicId = obg-2
  ✓ Q6 has exactly 4 options
  ✓ Q6 has valid correctAnswer (D)
  ✓ Q6 has detailed explanation
  ✓ Q6 passed strict topic validator for Pre-eclampsia, Eclampsia & MgSO4 Pritchard Regimen
  ✓ Q6 contains NO off-target terminology
  ✓ Q7 has subjectId = obg
  ✓ Q7 has topicId = obg-2
  ✓ Q7 has exactly 4 options
  ✓ Q7 has valid correctAnswer (D)
  ✓ Q7 has detailed explanation
  ✓ Q7 passed strict topic validator for Pre-eclampsia, Eclampsia & MgSO4 Pritchard Regimen
  ✓ Q7 contains NO off-target terminology
  ✓ Q8 has subjectId = obg
  ✓ Q8 has topicId = obg-2
  ✓ Q8 has exactly 4 options
  ✓ Q8 has valid correctAnswer (C)
  ✓ Q8 has detailed explanation
  ✓ Q8 passed strict topic validator for Pre-eclampsia, Eclampsia & MgSO4 Pritchard Regimen
  ✓ Q8 contains NO off-target terminology
  ✓ Q9 has subjectId = obg
  ✓ Q9 has topicId = obg-2
  ✓ Q9 has exactly 4 options
  ✓ Q9 has valid correctAnswer (B)
  ✓ Q9 has detailed explanation
  ✓ Q9 passed strict topic validator for Pre-eclampsia, Eclampsia & MgSO4 Pritchard Regimen
  ✓ Q9 contains NO off-target terminology
  ✓ Q10 has subjectId = obg
  ✓ Q10 has topicId = obg-2
  ✓ Q10 has exactly 4 options
  ✓ Q10 has valid correctAnswer (A)
  ✓ Q10 has detailed explanation
  ✓ Q10 passed strict topic validator for Pre-eclampsia, Eclampsia & MgSO4 Pritchard Regimen
  ✓ Q10 contains NO off-target terminology

--- 2. Testing Option Shuffle & Key Randomization ---
[VisualEngine] Question: verified-anatomy-anat-4-1 | Subject: anatomy | Target: knee joint acl ligament lachman | Matched: anat:knee_cruciate_ligaments (score: 0.99)
[VisualEngine] Question: verified-anatomy-anat-4-2 | Subject: anatomy | RequiresImage: false -> Text-only
[VisualEngine] Question: verified-anatomy-anat-4-facet-3 | Subject: anatomy | RequiresImage: false -> Text-only
[VisualEngine] Question: verified-anatomy-anat-4-facet-4 | Subject: anatomy | RequiresImage: false -> Text-only
[VisualEngine] Question: verified-anatomy-anat-4-facet-5 | Subject: anatomy | RequiresImage: false -> Text-only
[VisualEngine] Question: verified-anatomy-anat-4-facet-6 | Subject: anatomy | RequiresImage: false -> Text-only
[VisualEngine] Question: verified-anatomy-anat-4-facet-7 | Subject: anatomy | RequiresImage: false -> Text-only
[VisualEngine] Question: verified-anatomy-anat-4-facet-8 | Subject: anatomy | RequiresImage: false -> Text-only
[VisualEngine] Question: verified-anatomy-anat-4-facet-9 | Subject: anatomy | RequiresImage: false -> Text-only
[VisualEngine] Question: verified-anatomy-anat-4-facet-10 | Subject: anatomy | RequiresImage: false -> Text-only
[VisualEngine] Question: q-session-shuffle-1-1 | Subject: anatomy | Target: knee joint acl ligament lachman | Matched: anat:knee_cruciate_ligaments (score: 0.99)
[VisualEngine] Question: q-session-shuffle-1-2 | Subject: anatomy | RequiresImage: false -> Text-only
[VisualEngine] Question: q-session-shuffle-1-3 | Subject: anatomy | RequiresImage: false -> Text-only
[VisualEngine] Question: q-session-shuffle-1-4 | Subject: anatomy | RequiresImage: false -> Text-only
[VisualEngine] Question: q-session-shuffle-1-5 | Subject: anatomy | RequiresImage: false -> Text-only
[VisualEngine] Question: q-session-shuffle-1-6 | Subject: anatomy | RequiresImage: false -> Text-only
[VisualEngine] Question: q-session-shuffle-1-7 | Subject: anatomy | RequiresImage: false -> Text-only
[VisualEngine] Question: q-session-shuffle-1-8 | Subject: anatomy | RequiresImage: false -> Text-only
[VisualEngine] Question: q-session-shuffle-1-9 | Subject: anatomy | RequiresImage: false -> Text-only
[VisualEngine] Question: q-session-shuffle-1-10 | Subject: anatomy | RequiresImage: false -> Text-only
[VisualEngine] Question: verified-anatomy-anat-4-1 | Subject: anatomy | Target: knee joint acl ligament lachman | Matched: anat:knee_cruciate_ligaments (score: 0.99)
[VisualEngine] Question: verified-anatomy-anat-4-2 | Subject: anatomy | RequiresImage: false -> Text-only
[VisualEngine] Question: verified-anatomy-anat-4-facet-3 | Subject: anatomy | RequiresImage: false -> Text-only
[VisualEngine] Question: verified-anatomy-anat-4-facet-4 | Subject: anatomy | RequiresImage: false -> Text-only
[VisualEngine] Question: verified-anatomy-anat-4-facet-5 | Subject: anatomy | RequiresImage: false -> Text-only
[VisualEngine] Question: verified-anatomy-anat-4-facet-6 | Subject: anatomy | RequiresImage: false -> Text-only
[VisualEngine] Question: verified-anatomy-anat-4-facet-7 | Subject: anatomy | RequiresImage: false -> Text-only
[VisualEngine] Question: verified-anatomy-anat-4-facet-8 | Subject: anatomy | RequiresImage: false -> Text-only
[VisualEngine] Question: verified-anatomy-anat-4-facet-9 | Subject: anatomy | RequiresImage: false -> Text-only
[VisualEngine] Question: verified-anatomy-anat-4-facet-10 | Subject: anatomy | RequiresImage: false -> Text-only
[VisualEngine] Question: q-session-shuffle-2-1 | Subject: anatomy | Target: knee joint acl ligament lachman | Matched: anat:knee_cruciate_ligaments (score: 0.99)
[VisualEngine] Question: q-session-shuffle-2-2 | Subject: anatomy | RequiresImage: false -> Text-only
[VisualEngine] Question: q-session-shuffle-2-3 | Subject: anatomy | RequiresImage: false -> Text-only
[VisualEngine] Question: q-session-shuffle-2-4 | Subject: anatomy | RequiresImage: false -> Text-only
[VisualEngine] Question: q-session-shuffle-2-5 | Subject: anatomy | RequiresImage: false -> Text-only
[VisualEngine] Question: q-session-shuffle-2-6 | Subject: anatomy | RequiresImage: false -> Text-only
[VisualEngine] Question: q-session-shuffle-2-7 | Subject: anatomy | RequiresImage: false -> Text-only
[VisualEngine] Question: q-session-shuffle-2-8 | Subject: anatomy | RequiresImage: false -> Text-only
[VisualEngine] Question: q-session-shuffle-2-9 | Subject: anatomy | RequiresImage: false -> Text-only
[VisualEngine] Question: q-session-shuffle-2-10 | Subject: anatomy | RequiresImage: false -> Text-only
  ✓ Correct answers are distributed across keys (A: 6, B: 5, C: 2, D: 7)
  ✓ Correct answers appear in at least 3 distinct option positions (A/B/C/D)

--- 3. Testing Real-time Mastery & Error Tracking Engine ---
  ✓ Incorrect attempt added to 20th Error Notebook
  ✓ Error notebook record preserves exact question gist
  ✓ Repeated incorrect question detected and counted (1 repeated error)

--- 4. Testing 10 FMGE Subject-Specific Live Visual Decisions ---
[VisualEngine] Question: verified-anatomy-anat-1-1 | Subject: anatomy | Target: brachial plexus upper trunk | Matched: anat:brachial_plexus_c5_c6 (score: 0.99)
[VisualEngine] Question: verified-anatomy-anat-1-2 | Subject: anatomy | Target: klumpke total claw hand | Matched: anat:klumpke_claw_hand (score: 0.99)
[VisualEngine] Question: verified-anatomy-anat-1-3 | Subject: anatomy | RequiresImage: false -> Text-only
[VisualEngine] Question: verified-anatomy-anat-1-4 | Subject: anatomy | RequiresImage: false -> Text-only
[VisualEngine] Question: verified-anatomy-anat-1-5 | Subject: anatomy | RequiresImage: false -> Text-only
[VisualEngine] Question: verified-anatomy-anat-1-6 | Subject: anatomy | RequiresImage: false -> Text-only
[VisualEngine] Question: verified-anatomy-anat-1-facet-7 | Subject: anatomy | RequiresImage: false -> Text-only
[VisualEngine] Question: verified-anatomy-anat-1-facet-8 | Subject: anatomy | RequiresImage: false -> Text-only
[VisualEngine] Question: verified-anatomy-anat-1-facet-9 | Subject: anatomy | RequiresImage: false -> Text-only
[VisualEngine] Question: verified-anatomy-anat-1-facet-10 | Subject: anatomy | RequiresImage: false -> Text-only
[VisualEngine] Question: q-test-session-anatomy-1788466584783-1 | Subject: anatomy | Target: brachial plexus upper trunk | Matched: anat:brachial_plexus_c5_c6 (score: 0.99)
[VisualEngine] Question: q-test-session-anatomy-1788466584783-2 | Subject: anatomy | Target: klumpke total claw hand | Matched: anat:klumpke_claw_hand (score: 0.99)
[VisualEngine] Question: q-test-session-anatomy-1788466584783-3 | Subject: anatomy | RequiresImage: false -> Text-only
[VisualEngine] Question: q-test-session-anatomy-1788466584783-4 | Subject: anatomy | RequiresImage: false -> Text-only
[VisualEngine] Question: q-test-session-anatomy-1788466584783-5 | Subject: anatomy | RequiresImage: false -> Text-only
[VisualEngine] Question: q-test-session-anatomy-1788466584783-6 | Subject: anatomy | RequiresImage: false -> Text-only
[VisualEngine] Question: q-test-session-anatomy-1788466584783-7 | Subject: anatomy | RequiresImage: false -> Text-only
[VisualEngine] Question: q-test-session-anatomy-1788466584783-8 | Subject: anatomy | RequiresImage: false -> Text-only
[VisualEngine] Question: q-test-session-anatomy-1788466584783-9 | Subject: anatomy | RequiresImage: false -> Text-only
[VisualEngine] Question: q-test-session-anatomy-1788466584783-10 | Subject: anatomy | RequiresImage: false -> Text-only
  ✓ Anatomy - Brachial Plexus produced 10 valid questions
  ✓ Anatomy - Brachial Plexus: ZERO repeated images in session (2 images, all unique)
  ✓ Anatomy - Brachial Plexus: Successfully attached authentic verified image
  ✓ Anatomy - Brachial Plexus: Has cleanImageUrl without answer reveals
  ✓ Anatomy - Brachial Plexus: Has visual observation finding guide
  ✓ Anatomy - Brachial Plexus: Text-only clinical questions preserved cleanly without fake images
[VisualEngine] Question: verified-physiology-phys-1-1 | Subject: physiology | Target: ventricular cardiac action potential phase 0 | Matched: physio:cardiac_action_potential (score: 0.99)
[VisualEngine] Question: verified-physiology-phys-1-2 | Subject: physiology | Target: na k atpase primary active transport pump | Matched: physio:na_k_atpase_membrane (score: 0.99)
[VisualEngine] Question: verified-physiology-phys-1-3 | Subject: physiology | Target: total body water fluid compartments indicator dilution | Matched: physio:body_fluid_compartments (score: 0.99)
[VisualEngine] Question: verified-physiology-phys-1-facet-4 | Subject: physiology | RequiresImage: false -> Text-only
[VisualEngine] Question: verified-physiology-phys-1-facet-5 | Subject: physiology | RequiresImage: false -> Text-only
[VisualEngine] Question: verified-physiology-phys-1-facet-6 | Subject: physiology | RequiresImage: false -> Text-only
[VisualEngine] Question: verified-physiology-phys-1-facet-7 | Subject: physiology | RequiresImage: false -> Text-only
[VisualEngine] Question: verified-physiology-phys-1-facet-8 | Subject: physiology | RequiresImage: false -> Text-only
[VisualEngine] Question: verified-physiology-phys-1-facet-9 | Subject: physiology | RequiresImage: false -> Text-only
[VisualEngine] Question: verified-physiology-phys-1-facet-10 | Subject: physiology | RequiresImage: false -> Text-only
[VisualEngine] Question: q-test-session-physiology-1788466584784-1 | Subject: physiology | Target: ventricular cardiac action potential phase 0 | Matched: physio:cardiac_action_potential (score: 0.99)
[VisualEngine] Question: q-test-session-physiology-1788466584784-2 | Subject: physiology | Target: na k atpase primary active transport pump | Matched: physio:na_k_atpase_membrane (score: 0.99)
[VisualEngine] Question: q-test-session-physiology-1788466584784-3 | Subject: physiology | Target: total body water fluid compartments indicator dilution | Matched: physio:body_fluid_compartments (score: 0.99)
[VisualEngine] Question: q-test-session-physiology-1788466584784-4 | Subject: physiology | RequiresImage: false -> Text-only
[VisualEngine] Question: q-test-session-physiology-1788466584784-5 | Subject: physiology | RequiresImage: false -> Text-only
[VisualEngine] Question: q-test-session-physiology-1788466584784-6 | Subject: physiology | RequiresImage: false -> Text-only
[VisualEngine] Question: q-test-session-physiology-1788466584784-7 | Subject: physiology | RequiresImage: false -> Text-only
[VisualEngine] Question: q-test-session-physiology-1788466584784-8 | Subject: physiology | RequiresImage: false -> Text-only
[VisualEngine] Question: q-test-session-physiology-1788466584784-9 | Subject: physiology | RequiresImage: false -> Text-only
[VisualEngine] Question: q-test-session-physiology-1788466584784-10 | Subject: physiology | RequiresImage: false -> Text-only
  ✓ Physiology - Cardiac AP produced 10 valid questions
  ✓ Physiology - Cardiac AP: ZERO repeated images in session (3 images, all unique)
  ✓ Physiology - Cardiac AP: Successfully attached authentic verified image
  ✓ Physiology - Cardiac AP: Has cleanImageUrl without answer reveals
  ✓ Physiology - Cardiac AP: Has visual observation finding guide
  ✓ Physiology - Cardiac AP: Text-only clinical questions preserved cleanly without fake images
[VisualEngine] Question: verified-biochemistry-biochem-1-1 | Subject: biochemistry | Target: lineweaver burk plot competitive inhibition | Matched: biochem:lineweaver_burk_competitive (score: 0.99)
[VisualEngine] Question: verified-biochemistry-biochem-1-facet-2 | Subject: biochemistry | RequiresImage: false -> Text-only
[VisualEngine] Question: verified-biochemistry-biochem-1-facet-3 | Subject: biochemistry | RequiresImage: false -> Text-only
[VisualEngine] Question: verified-biochemistry-biochem-1-facet-4 | Subject: biochemistry | RequiresImage: false -> Text-only
[VisualEngine] Question: verified-biochemistry-biochem-1-facet-5 | Subject: biochemistry | RequiresImage: false -> Text-only
[VisualEngine] Question: verified-biochemistry-biochem-1-facet-6 | Subject: biochemistry | RequiresImage: false -> Text-only
[VisualEngine] Question: verified-biochemistry-biochem-1-facet-7 | Subject: biochemistry | RequiresImage: false -> Text-only
[VisualEngine] Question: verified-biochemistry-biochem-1-facet-8 | Subject: biochemistry | RequiresImage: false -> Text-only
[VisualEngine] Question: verified-biochemistry-biochem-1-facet-9 | Subject: biochemistry | RequiresImage: false -> Text-only
[VisualEngine] Question: verified-biochemistry-biochem-1-facet-10 | Subject: biochemistry | RequiresImage: false -> Text-only
[VisualEngine] Question: q-test-session-biochemistry-1788466584785-1 | Subject: biochemistry | Target: lineweaver burk plot competitive inhibition | Matched: biochem:lineweaver_burk_competitive (score: 0.99)
[VisualEngine] Question: q-test-session-biochemistry-1788466584785-2 | Subject: biochemistry | RequiresImage: false -> Text-only
[VisualEngine] Question: q-test-session-biochemistry-1788466584785-3 | Subject: biochemistry | RequiresImage: false -> Text-only
[VisualEngine] Question: q-test-session-biochemistry-1788466584785-4 | Subject: biochemistry | RequiresImage: false -> Text-only
[VisualEngine] Question: q-test-session-biochemistry-1788466584785-5 | Subject: biochemistry | RequiresImage: false -> Text-only
[VisualEngine] Question: q-test-session-biochemistry-1788466584785-6 | Subject: biochemistry | RequiresImage: false -> Text-only
[VisualEngine] Question: q-test-session-biochemistry-1788466584785-7 | Subject: biochemistry | RequiresImage: false -> Text-only
[VisualEngine] Question: q-test-session-biochemistry-1788466584785-8 | Subject: biochemistry | RequiresImage: false -> Text-only
[VisualEngine] Question: q-test-session-biochemistry-1788466584785-9 | Subject: biochemistry | RequiresImage: false -> Text-only
[VisualEngine] Question: q-test-session-biochemistry-1788466584785-10 | Subject: biochemistry | RequiresImage: false -> Text-only
  ✓ Biochemistry - Lineweaver-Burk produced 10 valid questions
  ✓ Biochemistry - Lineweaver-Burk: ZERO repeated images in session (1 images, all unique)
  ✓ Biochemistry - Lineweaver-Burk: Successfully attached authentic verified image
  ✓ Biochemistry - Lineweaver-Burk: Has cleanImageUrl without answer reveals
  ✓ Biochemistry - Lineweaver-Burk: Has visual observation finding guide
  ✓ Biochemistry - Lineweaver-Burk: Text-only clinical questions preserved cleanly without fake images
[VisualEngine] Question: ibq-fmge_ibq_1-1788466584786 | Subject: pathology | Target: Reed-Sternberg cells (Hodgkin Lymphoma) | Matched: path:reed_sternberg_hodgkin (score: 0.96)
[VisualEngine] Question: verified-pathology-path-4-1 | Subject: pathology | Target: reed sternberg cell classical hodgkin lymphoma | Matched: path:reed_sternberg_jpg (score: 0.99)
[VisualEngine] Question: verified-pathology-path-4-2 | Subject: pathology | Target: minimal change disease electron microscopy podocyte effacement | Matched: path:minimal_change_electron_microscopy (score: 0.99)
[VisualEngine] Question: verified-pathology-path-4-facet-4 | Subject: pathology | RequiresImage: false -> Text-only
[VisualEngine] Question: verified-pathology-path-4-facet-5 | Subject: pathology | RequiresImage: false -> Text-only
[VisualEngine] Question: verified-pathology-path-4-facet-6 | Subject: pathology | RequiresImage: false -> Text-only
[VisualEngine] Question: verified-pathology-path-4-facet-7 | Subject: pathology | RequiresImage: false -> Text-only
[VisualEngine] Question: verified-pathology-path-4-facet-8 | Subject: pathology | RequiresImage: false -> Text-only
[VisualEngine] Question: verified-pathology-path-4-facet-9 | Subject: pathology | RequiresImage: false -> Text-only
[VisualEngine] Question: verified-pathology-path-4-facet-10 | Subject: pathology | RequiresImage: false -> Text-only
[VisualEngine] Question: q-test-session-pathology-1788466584786-1 | Subject: pathology | Target: Reed-Sternberg cells (Hodgkin Lymphoma) | Matched: path:reed_sternberg_hodgkin (score: 0.99)
[VisualEngine] Question: q-test-session-pathology-1788466584786-2 | Subject: pathology | Target: reed sternberg cell classical hodgkin lymphoma | Matched: path:reed_sternberg_jpg (score: 0.99)
[VisualEngine] Question: q-test-session-pathology-1788466584786-3 | Subject: pathology | Target: minimal change disease electron microscopy podocyte effacement | Matched: path:minimal_change_electron_microscopy (score: 0.99)
[VisualEngine] Question: q-test-session-pathology-1788466584786-4 | Subject: pathology | RequiresImage: false -> Text-only
[VisualEngine] Question: q-test-session-pathology-1788466584786-5 | Subject: pathology | RequiresImage: false -> Text-only
[VisualEngine] Question: q-test-session-pathology-1788466584786-6 | Subject: pathology | RequiresImage: false -> Text-only
[VisualEngine] Question: q-test-session-pathology-1788466584786-7 | Subject: pathology | RequiresImage: false -> Text-only
[VisualEngine] Question: q-test-session-pathology-1788466584786-8 | Subject: pathology | RequiresImage: false -> Text-only
[VisualEngine] Question: q-test-session-pathology-1788466584786-9 | Subject: pathology | RequiresImage: false -> Text-only
[VisualEngine] Question: q-test-session-pathology-1788466584786-10 | Subject: pathology | RequiresImage: false -> Text-only
  ✓ Pathology - Reed-Sternberg produced 10 valid questions
  ✓ Pathology - Reed-Sternberg: ZERO repeated images in session (3 images, all unique)
  ✓ Pathology - Reed-Sternberg: Successfully attached authentic verified image
  ✓ Pathology - Reed-Sternberg: Has cleanImageUrl without answer reveals
  ✓ Pathology - Reed-Sternberg: Has visual observation finding guide
  ✓ Pathology - Reed-Sternberg: Text-only clinical questions preserved cleanly without fake images
[VisualEngine] Question: verified-pharmacology-pharm-1-1 | Subject: pharmacology | Target: log dose response curve competitive antagonist | Matched: pharm:dose_response_competitive_antagonist (score: 0.99)
[VisualEngine] Question: verified-pharmacology-pharm-1-facet-2 | Subject: pharmacology | RequiresImage: false -> Text-only
[VisualEngine] Question: verified-pharmacology-pharm-1-facet-3 | Subject: pharmacology | RequiresImage: false -> Text-only
[VisualEngine] Question: verified-pharmacology-pharm-1-facet-4 | Subject: pharmacology | RequiresImage: false -> Text-only
[VisualEngine] Question: verified-pharmacology-pharm-1-facet-5 | Subject: pharmacology | RequiresImage: false -> Text-only
[VisualEngine] Question: verified-pharmacology-pharm-1-facet-6 | Subject: pharmacology | RequiresImage: false -> Text-only
[VisualEngine] Question: verified-pharmacology-pharm-1-facet-7 | Subject: pharmacology | RequiresImage: false -> Text-only
[VisualEngine] Question: verified-pharmacology-pharm-1-facet-8 | Subject: pharmacology | RequiresImage: false -> Text-only
[VisualEngine] Question: verified-pharmacology-pharm-1-facet-9 | Subject: pharmacology | RequiresImage: false -> Text-only
[VisualEngine] Question: verified-pharmacology-pharm-1-facet-10 | Subject: pharmacology | RequiresImage: false -> Text-only
[VisualEngine] Question: q-test-session-pharmacology-1788466584786-1 | Subject: pharmacology | Target: log dose response curve competitive antagonist | Matched: pharm:dose_response_competitive_antagonist (score: 0.99)
[VisualEngine] Question: q-test-session-pharmacology-1788466584786-2 | Subject: pharmacology | RequiresImage: false -> Text-only
[VisualEngine] Question: q-test-session-pharmacology-1788466584786-3 | Subject: pharmacology | RequiresImage: false -> Text-only
[VisualEngine] Question: q-test-session-pharmacology-1788466584786-4 | Subject: pharmacology | RequiresImage: false -> Text-only
[VisualEngine] Question: q-test-session-pharmacology-1788466584786-5 | Subject: pharmacology | RequiresImage: false -> Text-only
[VisualEngine] Question: q-test-session-pharmacology-1788466584786-6 | Subject: pharmacology | RequiresImage: false -> Text-only
[VisualEngine] Question: q-test-session-pharmacology-1788466584786-7 | Subject: pharmacology | RequiresImage: false -> Text-only
[VisualEngine] Question: q-test-session-pharmacology-1788466584786-8 | Subject: pharmacology | RequiresImage: false -> Text-only
[VisualEngine] Question: q-test-session-pharmacology-1788466584786-9 | Subject: pharmacology | RequiresImage: false -> Text-only
[VisualEngine] Question: q-test-session-pharmacology-1788466584786-10 | Subject: pharmacology | RequiresImage: false -> Text-only
  ✓ Pharmacology - Dose Response produced 10 valid questions
  ✓ Pharmacology - Dose Response: ZERO repeated images in session (1 images, all unique)
  ✓ Pharmacology - Dose Response: Successfully attached authentic verified image
  ✓ Pharmacology - Dose Response: Has cleanImageUrl without answer reveals
  ✓ Pharmacology - Dose Response: Has visual observation finding guide
  ✓ Pharmacology - Dose Response: Text-only clinical questions preserved cleanly without fake images
[VisualEngine] Question: ibq-fmge_ibq_19-1788466584787 | Subject: microbiology | Target: Acid-fast bacilli (Tuberculosis ZN stain) | Matched: micro:acid_fast_mycobacterium_tb (score: 0.99)
[VisualEngine] Question: verified-microbiology-micro-1-1 | Subject: microbiology | Target: acid fast bacilli ziehl neelsen mycobacterium tuberculosis | Matched: micro:acid_fast_bacilli_jpg (score: 0.99)
[VisualEngine] Question: verified-microbiology-micro-1-2 | Subject: microbiology | Target: streptococcus pneumoniae gram stain lancet diplococci | Matched: micro:strep_pneumoniae_gram_stain (score: 0.99)
[VisualEngine] Question: verified-microbiology-micro-1-facet-4 | Subject: microbiology | RequiresImage: false -> Text-only
[VisualEngine] Question: verified-microbiology-micro-1-facet-5 | Subject: microbiology | RequiresImage: false -> Text-only
[VisualEngine] Question: verified-microbiology-micro-1-facet-6 | Subject: microbiology | RequiresImage: false -> Text-only
[VisualEngine] Question: verified-microbiology-micro-1-facet-7 | Subject: microbiology | RequiresImage: false -> Text-only
[VisualEngine] Question: verified-microbiology-micro-1-facet-8 | Subject: microbiology | RequiresImage: false -> Text-only
[VisualEngine] Question: verified-microbiology-micro-1-facet-9 | Subject: microbiology | RequiresImage: false -> Text-only
[VisualEngine] Question: verified-microbiology-micro-1-facet-10 | Subject: microbiology | RequiresImage: false -> Text-only
[VisualEngine] Question: q-test-session-microbiology-1788466584787-1 | Subject: microbiology | Target: Acid-fast bacilli (Tuberculosis ZN stain) | Matched: micro:acid_fast_mycobacterium_tb (score: 0.99)
[VisualEngine] Question: q-test-session-microbiology-1788466584787-2 | Subject: microbiology | Target: acid fast bacilli ziehl neelsen mycobacterium tuberculosis | Matched: micro:acid_fast_bacilli_jpg (score: 0.99)
[VisualEngine] Question: q-test-session-microbiology-1788466584787-3 | Subject: microbiology | Target: streptococcus pneumoniae gram stain lancet diplococci | Matched: micro:strep_pneumoniae_gram_stain (score: 0.99)
[VisualEngine] Question: q-test-session-microbiology-1788466584787-4 | Subject: microbiology | RequiresImage: false -> Text-only
[VisualEngine] Question: q-test-session-microbiology-1788466584787-5 | Subject: microbiology | RequiresImage: false -> Text-only
[VisualEngine] Question: q-test-session-microbiology-1788466584787-6 | Subject: microbiology | RequiresImage: false -> Text-only
[VisualEngine] Question: q-test-session-microbiology-1788466584787-7 | Subject: microbiology | RequiresImage: false -> Text-only
[VisualEngine] Question: q-test-session-microbiology-1788466584787-8 | Subject: microbiology | RequiresImage: false -> Text-only
[VisualEngine] Question: q-test-session-microbiology-1788466584787-9 | Subject: microbiology | RequiresImage: false -> Text-only
[VisualEngine] Question: q-test-session-microbiology-1788466584787-10 | Subject: microbiology | RequiresImage: false -> Text-only
  ✓ Microbiology - Acid Fast TB produced 10 valid questions
  ✓ Microbiology - Acid Fast TB: ZERO repeated images in session (3 images, all unique)
  ✓ Microbiology - Acid Fast TB: Successfully attached authentic verified image
  ✓ Microbiology - Acid Fast TB: Has cleanImageUrl without answer reveals
  ✓ Microbiology - Acid Fast TB: Has visual observation finding guide
  ✓ Microbiology - Acid Fast TB: Text-only clinical questions preserved cleanly without fake images
[VisualEngine] Question: ibq-fmge_ibq_22-1788466584788 | Subject: medicine | Target: WPW syndrome ECG (Delta wave) | Matched: med:ecg_wpw_syndrome (score: 0.96)
[VisualEngine] Question: verified-medicine-med-1-1 | Subject: medicine | Target: inferior stemi with right ventricular involvement | Matched: med:ecg_inferior_stemi (score: 0.99)
[VisualEngine] Question: verified-medicine-med-1-3 | Subject: medicine | Target: anterior stemi lad occlusion leads v1 v4 | Matched: med:ecg_anterior_stemi (score: 0.99)
[VisualEngine] Question: verified-medicine-med-1-2 | Subject: medicine | Target: complete third degree av block av dissociation | Matched: med:ecg_complete_heart_block (score: 0.99)
[VisualEngine] Question: verified-medicine-med-1-4 | Subject: medicine | Target: wolff parkinson white wpw delta wave | Matched: cardio:wpw_syndrome_jpg (score: 0.99)
[VisualEngine] Question: verified-medicine-med-1-facet-6 | Subject: medicine | RequiresImage: false -> Text-only
[VisualEngine] Question: verified-medicine-med-1-facet-7 | Subject: medicine | RequiresImage: false -> Text-only
[VisualEngine] Question: verified-medicine-med-1-facet-8 | Subject: medicine | RequiresImage: false -> Text-only
[VisualEngine] Question: verified-medicine-med-1-facet-9 | Subject: medicine | RequiresImage: false -> Text-only
[VisualEngine] Question: verified-medicine-med-1-facet-10 | Subject: medicine | RequiresImage: false -> Text-only
[VisualEngine] Question: q-test-session-medicine-1788466584788-1 | Subject: medicine | Target: WPW syndrome ECG (Delta wave) | Matched: med:ecg_wpw_syndrome (score: 0.99)
[VisualEngine] Question: q-test-session-medicine-1788466584788-2 | Subject: medicine | Target: inferior stemi with right ventricular involvement | Matched: med:ecg_inferior_stemi (score: 0.99)
[VisualEngine] Question: q-test-session-medicine-1788466584788-3 | Subject: medicine | Target: anterior stemi lad occlusion leads v1 v4 | Matched: med:ecg_anterior_stemi (score: 0.99)
[VisualEngine] Question: q-test-session-medicine-1788466584788-4 | Subject: medicine | Target: complete third degree av block av dissociation | Matched: med:ecg_complete_heart_block (score: 0.99)
[VisualEngine] Question: q-test-session-medicine-1788466584788-5 | Subject: medicine | Target: wolff parkinson white wpw delta wave | Matched: cardio:wpw_syndrome_jpg (score: 0.99)
[VisualEngine] Question: q-test-session-medicine-1788466584788-6 | Subject: medicine | RequiresImage: false -> Text-only
[VisualEngine] Question: q-test-session-medicine-1788466584788-7 | Subject: medicine | RequiresImage: false -> Text-only
[VisualEngine] Question: q-test-session-medicine-1788466584788-8 | Subject: medicine | RequiresImage: false -> Text-only
[VisualEngine] Question: q-test-session-medicine-1788466584788-9 | Subject: medicine | RequiresImage: false -> Text-only
[VisualEngine] Question: q-test-session-medicine-1788466584788-10 | Subject: medicine | RequiresImage: false -> Text-only
  ✓ Medicine - Inferior STEMI ECG produced 10 valid questions
  ✓ Medicine - Inferior STEMI ECG: ZERO repeated images in session (5 images, all unique)
  ✓ Medicine - Inferior STEMI ECG: Successfully attached authentic verified image
  ✓ Medicine - Inferior STEMI ECG: Has cleanImageUrl without answer reveals
  ✓ Medicine - Inferior STEMI ECG: Has visual observation finding guide
  ✓ Medicine - Inferior STEMI ECG: Text-only clinical questions preserved cleanly without fake images
[VisualEngine] Question: ibq-fmge_ibq_6-1788466584789 | Subject: radiology | Target: Pneumoperitoneum (Free air under diaphragm) | Matched: rad:chest_xray_pneumoperitoneum (score: 0.99)
[VisualEngine] Question: verified-radiology-rad-1-1 | Subject: radiology | Target: tension pneumothorax visceral pleural line | Matched: rad:chest_xray_pneumothorax (score: 0.99)
[VisualEngine] Question: verified-radiology-rad-1-facet-4 | Subject: radiology | RequiresImage: false -> Text-only
[VisualEngine] Question: verified-radiology-rad-1-facet-5 | Subject: radiology | RequiresImage: false -> Text-only
[VisualEngine] Question: verified-radiology-rad-1-facet-6 | Subject: radiology | RequiresImage: false -> Text-only
[VisualEngine] Question: verified-radiology-rad-1-facet-7 | Subject: radiology | RequiresImage: false -> Text-only
[VisualEngine] Question: verified-radiology-rad-1-facet-8 | Subject: radiology | RequiresImage: false -> Text-only
[VisualEngine] Question: verified-radiology-rad-1-facet-9 | Subject: radiology | RequiresImage: false -> Text-only
[VisualEngine] Question: verified-radiology-rad-1-facet-10 | Subject: radiology | RequiresImage: false -> Text-only
[VisualEngine] Question: q-test-session-radiology-1788466584789-1 | Subject: radiology | Target: Pneumoperitoneum (Free air under diaphragm) | Matched: rad:chest_xray_pneumoperitoneum (score: 0.99)
[VisualEngine] Question: q-test-session-radiology-1788466584789-2 | Subject: radiology | Target: tension pneumothorax visceral pleural line | Matched: rad:chest_xray_pneumothorax (score: 0.99)
[VisualEngine] Question: q-test-session-radiology-1788466584789-4 | Subject: radiology | RequiresImage: false -> Text-only
[VisualEngine] Question: q-test-session-radiology-1788466584789-5 | Subject: radiology | RequiresImage: false -> Text-only
[VisualEngine] Question: q-test-session-radiology-1788466584789-6 | Subject: radiology | RequiresImage: false -> Text-only
[VisualEngine] Question: q-test-session-radiology-1788466584789-7 | Subject: radiology | RequiresImage: false -> Text-only
[VisualEngine] Question: q-test-session-radiology-1788466584789-8 | Subject: radiology | RequiresImage: false -> Text-only
[VisualEngine] Question: q-test-session-radiology-1788466584789-9 | Subject: radiology | RequiresImage: false -> Text-only
[VisualEngine] Question: q-test-session-radiology-1788466584789-10 | Subject: radiology | RequiresImage: false -> Text-only
  ✓ Radiology - Chest X-Ray Pneumothorax produced 10 valid questions
  ✓ Radiology - Chest X-Ray Pneumothorax: ZERO repeated images in session (2 images, all unique)
  ✓ Radiology - Chest X-Ray Pneumothorax: Successfully attached authentic verified image
  ✓ Radiology - Chest X-Ray Pneumothorax: Has cleanImageUrl without answer reveals
  ✓ Radiology - Chest X-Ray Pneumothorax: Has visual observation finding guide
  ✓ Radiology - Chest X-Ray Pneumothorax: Text-only clinical questions preserved cleanly without fake images
[VisualEngine] Question: ibq-fmge_ibq_14-1788466584789 | Subject: dermatology | Target: Target lesions (Erythema Multiforme) | Matched: derm:erythema_multiforme_target (score: 0.95)
[VisualEngine] Question: verified-dermatology-derm-1-1 | Subject: dermatology | Target: erythema multiforme target iris lesion | Matched: derm:psoriatic_plaques_jpg (score: 0.99)
[VisualEngine] Question: verified-dermatology-derm-1-2 | Subject: dermatology | Target: pemphigus vulgaris suprabasal acantholysis tombstones | Matched: derm:pemphigus_vulgaris_histology (score: 0.99)
[VisualEngine] Question: verified-dermatology-derm-1-facet-4 | Subject: dermatology | RequiresImage: false -> Text-only
[VisualEngine] Question: verified-dermatology-derm-1-facet-5 | Subject: dermatology | RequiresImage: false -> Text-only
[VisualEngine] Question: verified-dermatology-derm-1-facet-6 | Subject: dermatology | RequiresImage: false -> Text-only
[VisualEngine] Question: verified-dermatology-derm-1-facet-7 | Subject: dermatology | RequiresImage: false -> Text-only
[VisualEngine] Question: verified-dermatology-derm-1-facet-8 | Subject: dermatology | RequiresImage: false -> Text-only
[VisualEngine] Question: verified-dermatology-derm-1-facet-9 | Subject: dermatology | RequiresImage: false -> Text-only
[VisualEngine] Question: verified-dermatology-derm-1-facet-10 | Subject: dermatology | RequiresImage: false -> Text-only
[VisualEngine] Question: q-test-session-dermatology-1788466584789-1 | Subject: dermatology | Target: Target lesions (Erythema Multiforme) | Matched: derm:erythema_multiforme_target (score: 0.99)
[VisualEngine] Question: q-test-session-dermatology-1788466584789-2 | Subject: dermatology | Target: erythema multiforme target iris lesion | Matched: derm:psoriatic_plaques_jpg (score: 0.99)
[VisualEngine] Question: q-test-session-dermatology-1788466584789-3 | Subject: dermatology | Target: pemphigus vulgaris suprabasal acantholysis tombstones | Matched: derm:pemphigus_vulgaris_histology (score: 0.99)
[VisualEngine] Question: q-test-session-dermatology-1788466584789-4 | Subject: dermatology | RequiresImage: false -> Text-only
[VisualEngine] Question: q-test-session-dermatology-1788466584789-5 | Subject: dermatology | RequiresImage: false -> Text-only
[VisualEngine] Question: q-test-session-dermatology-1788466584789-6 | Subject: dermatology | RequiresImage: false -> Text-only
[VisualEngine] Question: q-test-session-dermatology-1788466584789-7 | Subject: dermatology | RequiresImage: false -> Text-only
[VisualEngine] Question: q-test-session-dermatology-1788466584789-8 | Subject: dermatology | RequiresImage: false -> Text-only
[VisualEngine] Question: q-test-session-dermatology-1788466584789-9 | Subject: dermatology | RequiresImage: false -> Text-only
[VisualEngine] Question: q-test-session-dermatology-1788466584789-10 | Subject: dermatology | RequiresImage: false -> Text-only
  ✓ Dermatology - Erythema Multiforme produced 10 valid questions
  ✓ Dermatology - Erythema Multiforme: ZERO repeated images in session (3 images, all unique)
  ✓ Dermatology - Erythema Multiforme: Successfully attached authentic verified image
  ✓ Dermatology - Erythema Multiforme: Has cleanImageUrl without answer reveals
  ✓ Dermatology - Erythema Multiforme: Has visual observation finding guide
  ✓ Dermatology - Erythema Multiforme: Text-only clinical questions preserved cleanly without fake images
[VisualEngine] Question: ibq-fmge_ibq_20-1788466584790 | Subject: ophthalmology | Target: Papilledema (Raised Intracranial Pressure) | Matched: ophth:papilledema_jpg (score: 0.99)
[VisualEngine] Question: verified-ophthalmology-ophth-1-1 | Subject: ophthalmology | Target: central retinal artery occlusion cherry red spot | Matched: ophth:fundoscopy_crao (score: 0.99)
[VisualEngine] Question: verified-ophthalmology-ophth-1-2 | Subject: ophthalmology | Target: central retinal vein occlusion blood and thunder fundus | Matched: ophth:fundoscopy_crvo (score: 0.99)
[VisualEngine] Question: verified-ophthalmology-ophth-1-facet-4 | Subject: ophthalmology | RequiresImage: false -> Text-only
[VisualEngine] Question: verified-ophthalmology-ophth-1-facet-5 | Subject: ophthalmology | RequiresImage: false -> Text-only
[VisualEngine] Question: verified-ophthalmology-ophth-1-facet-6 | Subject: ophthalmology | RequiresImage: false -> Text-only
[VisualEngine] Question: verified-ophthalmology-ophth-1-facet-7 | Subject: ophthalmology | RequiresImage: false -> Text-only
[VisualEngine] Question: verified-ophthalmology-ophth-1-facet-8 | Subject: ophthalmology | RequiresImage: false -> Text-only
[VisualEngine] Question: verified-ophthalmology-ophth-1-facet-9 | Subject: ophthalmology | RequiresImage: false -> Text-only
[VisualEngine] Question: verified-ophthalmology-ophth-1-facet-10 | Subject: ophthalmology | RequiresImage: false -> Text-only
[VisualEngine] Question: q-test-session-ophthalmology-1788466584790-1 | Subject: ophthalmology | Target: Papilledema (Raised Intracranial Pressure) | Matched: ophth:papilledema_jpg (score: 0.99)
[VisualEngine] Question: q-test-session-ophthalmology-1788466584790-2 | Subject: ophthalmology | Target: central retinal artery occlusion cherry red spot | Matched: ophth:fundoscopy_crao (score: 0.99)
[VisualEngine] Question: q-test-session-ophthalmology-1788466584790-3 | Subject: ophthalmology | Target: central retinal vein occlusion blood and thunder fundus | Matched: ophth:fundoscopy_crvo (score: 0.99)
[VisualEngine] Question: q-test-session-ophthalmology-1788466584790-4 | Subject: ophthalmology | RequiresImage: false -> Text-only
[VisualEngine] Question: q-test-session-ophthalmology-1788466584790-5 | Subject: ophthalmology | RequiresImage: false -> Text-only
[VisualEngine] Question: q-test-session-ophthalmology-1788466584790-6 | Subject: ophthalmology | RequiresImage: false -> Text-only
[VisualEngine] Question: q-test-session-ophthalmology-1788466584790-7 | Subject: ophthalmology | RequiresImage: false -> Text-only
[VisualEngine] Question: q-test-session-ophthalmology-1788466584790-8 | Subject: ophthalmology | RequiresImage: false -> Text-only
[VisualEngine] Question: q-test-session-ophthalmology-1788466584790-9 | Subject: ophthalmology | RequiresImage: false -> Text-only
[VisualEngine] Question: q-test-session-ophthalmology-1788466584790-10 | Subject: ophthalmology | RequiresImage: false -> Text-only
  ✓ Ophthalmology - CRAO Fundoscopy produced 10 valid questions
  ✓ Ophthalmology - CRAO Fundoscopy: ZERO repeated images in session (3 images, all unique)
  ✓ Ophthalmology - CRAO Fundoscopy: Successfully attached authentic verified image
  ✓ Ophthalmology - CRAO Fundoscopy: Has cleanImageUrl without answer reveals
  ✓ Ophthalmology - CRAO Fundoscopy: Has visual observation finding guide
  ✓ Ophthalmology - CRAO Fundoscopy: Text-only clinical questions preserved cleanly without fake images

--- 5. Testing 10-Question Mixed-Subject Live Drill (Zero Duplication) ---
  ✓ 10 distinct subject drills produced 10 completely unique medical visual assets (No cross-subject contamination: 10 unique images)

--- 6. Testing System-Wide Zero Duplicate Questions & Facet Diversity ---
[VisualEngine] Question: verified-anatomy-anat-3-1 | Subject: anatomy | RequiresImage: false -> Text-only
[VisualEngine] Question: verified-anatomy-anat-3-2 | Subject: anatomy | RequiresImage: false -> Text-only
[VisualEngine] Question: verified-anatomy-anat-3-3 | Subject: anatomy | RequiresImage: false -> Text-only
[VisualEngine] Question: verified-anatomy-anat-3-4 | Subject: anatomy | RequiresImage: false -> Text-only
[VisualEngine] Question: verified-anatomy-anat-3-5 | Subject: anatomy | RequiresImage: false -> Text-only
[VisualEngine] Question: verified-anatomy-anat-3-facet-6 | Subject: anatomy | RequiresImage: false -> Text-only
[VisualEngine] Question: verified-anatomy-anat-3-facet-7 | Subject: anatomy | RequiresImage: false -> Text-only
[VisualEngine] Question: verified-anatomy-anat-3-facet-8 | Subject: anatomy | RequiresImage: false -> Text-only
[VisualEngine] Question: verified-anatomy-anat-3-facet-9 | Subject: anatomy | RequiresImage: false -> Text-only
[VisualEngine] Question: verified-anatomy-anat-3-facet-10 | Subject: anatomy | RequiresImage: false -> Text-only
[VisualEngine] Question: q-zero-dup-anat-3-1788466584790-1 | Subject: anatomy | RequiresImage: false -> Text-only
[VisualEngine] Question: q-zero-dup-anat-3-1788466584790-2 | Subject: anatomy | RequiresImage: false -> Text-only
[VisualEngine] Question: q-zero-dup-anat-3-1788466584790-3 | Subject: anatomy | RequiresImage: false -> Text-only
[VisualEngine] Question: q-zero-dup-anat-3-1788466584790-4 | Subject: anatomy | RequiresImage: false -> Text-only
[VisualEngine] Question: q-zero-dup-anat-3-1788466584790-5 | Subject: anatomy | RequiresImage: false -> Text-only
[VisualEngine] Question: q-zero-dup-anat-3-1788466584790-6 | Subject: anatomy | RequiresImage: false -> Text-only
[VisualEngine] Question: q-zero-dup-anat-3-1788466584790-7 | Subject: anatomy | RequiresImage: false -> Text-only
[VisualEngine] Question: q-zero-dup-anat-3-1788466584790-8 | Subject: anatomy | RequiresImage: false -> Text-only
[VisualEngine] Question: q-zero-dup-anat-3-1788466584790-9 | Subject: anatomy | RequiresImage: false -> Text-only
[VisualEngine] Question: q-zero-dup-anat-3-1788466584790-10 | Subject: anatomy | RequiresImage: false -> Text-only
  ✓ [Lower Limb - Femoral Triangle, Canal & Popliteal Fossa] Produced exactly 10 questions
  ✓ [Lower Limb - Femoral Triangle, Canal & Popliteal Fossa] All 10 questions are completely unique (0 duplicate stems: 10/10)
  ✓ [Lower Limb - Femoral Triangle, Canal & Popliteal Fossa] All 10 scenarios are completely unique (0 duplicate scenarios: 10/10)
  ✓ [Lower Limb - Femoral Triangle, Canal & Popliteal Fossa] Q1 contains NO generic placeholder options
  ✓ [Lower Limb - Femoral Triangle, Canal & Popliteal Fossa] Q2 contains NO generic placeholder options
  ✓ [Lower Limb - Femoral Triangle, Canal & Popliteal Fossa] Q3 contains NO generic placeholder options
  ✓ [Lower Limb - Femoral Triangle, Canal & Popliteal Fossa] Q4 contains NO generic placeholder options
  ✓ [Lower Limb - Femoral Triangle, Canal & Popliteal Fossa] Q5 contains NO generic placeholder options
  ✓ [Lower Limb - Femoral Triangle, Canal & Popliteal Fossa] Q6 contains NO generic placeholder options
  ✓ [Lower Limb - Femoral Triangle, Canal & Popliteal Fossa] Q7 contains NO generic placeholder options
  ✓ [Lower Limb - Femoral Triangle, Canal & Popliteal Fossa] Q8 contains NO generic placeholder options
  ✓ [Lower Limb - Femoral Triangle, Canal & Popliteal Fossa] Q9 contains NO generic placeholder options
  ✓ [Lower Limb - Femoral Triangle, Canal & Popliteal Fossa] Q10 contains NO generic placeholder options
[VisualEngine] Question: verified-surgery-surg-1-facet-1 | Subject: surgery | RequiresImage: false -> Text-only
[VisualEngine] Question: verified-surgery-surg-1-facet-2 | Subject: surgery | RequiresImage: false -> Text-only
[VisualEngine] Question: verified-surgery-surg-1-facet-3 | Subject: surgery | RequiresImage: false -> Text-only
[VisualEngine] Question: verified-surgery-surg-1-facet-4 | Subject: surgery | RequiresImage: false -> Text-only
[VisualEngine] Question: verified-surgery-surg-1-facet-5 | Subject: surgery | RequiresImage: false -> Text-only
[VisualEngine] Question: verified-surgery-surg-1-facet-6 | Subject: surgery | RequiresImage: false -> Text-only
[VisualEngine] Question: verified-surgery-surg-1-facet-7 | Subject: surgery | RequiresImage: false -> Text-only
[VisualEngine] Question: verified-surgery-surg-1-facet-8 | Subject: surgery | RequiresImage: false -> Text-only
[VisualEngine] Question: verified-surgery-surg-1-facet-9 | Subject: surgery | RequiresImage: false -> Text-only
[VisualEngine] Question: verified-surgery-surg-1-facet-10 | Subject: surgery | RequiresImage: false -> Text-only
[VisualEngine] Question: q-zero-dup-surg-1-1788466584791-1 | Subject: surgery | RequiresImage: false -> Text-only
[VisualEngine] Question: q-zero-dup-surg-1-1788466584791-2 | Subject: surgery | RequiresImage: false -> Text-only
[VisualEngine] Question: q-zero-dup-surg-1-1788466584791-3 | Subject: surgery | RequiresImage: false -> Text-only
[VisualEngine] Question: q-zero-dup-surg-1-1788466584791-4 | Subject: surgery | RequiresImage: false -> Text-only
[VisualEngine] Question: q-zero-dup-surg-1-1788466584791-5 | Subject: surgery | RequiresImage: false -> Text-only
[VisualEngine] Question: q-zero-dup-surg-1-1788466584791-6 | Subject: surgery | RequiresImage: false -> Text-only
[VisualEngine] Question: q-zero-dup-surg-1-1788466584791-7 | Subject: surgery | RequiresImage: false -> Text-only
[VisualEngine] Question: q-zero-dup-surg-1-1788466584791-8 | Subject: surgery | RequiresImage: false -> Text-only
[VisualEngine] Question: q-zero-dup-surg-1-1788466584791-9 | Subject: surgery | RequiresImage: false -> Text-only
[VisualEngine] Question: q-zero-dup-surg-1-1788466584791-10 | Subject: surgery | RequiresImage: false -> Text-only
  ✓ [Burns - Parkland Formula & Resuscitation] Produced exactly 10 questions
  ✓ [Burns - Parkland Formula & Resuscitation] All 10 questions are completely unique (0 duplicate stems: 10/10)
  ✓ [Burns - Parkland Formula & Resuscitation] All 10 scenarios are completely unique (0 duplicate scenarios: 10/10)
  ✓ [Burns - Parkland Formula & Resuscitation] Q1 contains NO generic placeholder options
  ✓ [Burns - Parkland Formula & Resuscitation] Q2 contains NO generic placeholder options
  ✓ [Burns - Parkland Formula & Resuscitation] Q3 contains NO generic placeholder options
  ✓ [Burns - Parkland Formula & Resuscitation] Q4 contains NO generic placeholder options
  ✓ [Burns - Parkland Formula & Resuscitation] Q5 contains NO generic placeholder options
  ✓ [Burns - Parkland Formula & Resuscitation] Q6 contains NO generic placeholder options
  ✓ [Burns - Parkland Formula & Resuscitation] Q7 contains NO generic placeholder options
  ✓ [Burns - Parkland Formula & Resuscitation] Q8 contains NO generic placeholder options
  ✓ [Burns - Parkland Formula & Resuscitation] Q9 contains NO generic placeholder options
  ✓ [Burns - Parkland Formula & Resuscitation] Q10 contains NO generic placeholder options
[VisualEngine] Question: verified-obg-obg-1-facet-1 | Subject: obg | RequiresImage: false -> Text-only
[VisualEngine] Question: verified-obg-obg-1-facet-2 | Subject: obg | RequiresImage: false -> Text-only
[VisualEngine] Question: verified-obg-obg-1-facet-3 | Subject: obg | RequiresImage: false -> Text-only
[VisualEngine] Question: verified-obg-obg-1-facet-4 | Subject: obg | RequiresImage: false -> Text-only
[VisualEngine] Question: verified-obg-obg-1-facet-5 | Subject: obg | RequiresImage: false -> Text-only
[VisualEngine] Question: verified-obg-obg-1-facet-6 | Subject: obg | RequiresImage: false -> Text-only
[VisualEngine] Question: verified-obg-obg-1-facet-7 | Subject: obg | RequiresImage: false -> Text-only
[VisualEngine] Question: verified-obg-obg-1-facet-8 | Subject: obg | RequiresImage: false -> Text-only
[VisualEngine] Question: verified-obg-obg-1-facet-9 | Subject: obg | RequiresImage: false -> Text-only
[VisualEngine] Question: verified-obg-obg-1-facet-10 | Subject: obg | RequiresImage: false -> Text-only
[VisualEngine] Question: q-zero-dup-obg-1-1788466584791-1 | Subject: obg | RequiresImage: false -> Text-only
[VisualEngine] Question: q-zero-dup-obg-1-1788466584791-2 | Subject: obg | RequiresImage: false -> Text-only
[VisualEngine] Question: q-zero-dup-obg-1-1788466584791-3 | Subject: obg | RequiresImage: false -> Text-only
[VisualEngine] Question: q-zero-dup-obg-1-1788466584791-4 | Subject: obg | RequiresImage: false -> Text-only
[VisualEngine] Question: q-zero-dup-obg-1-1788466584791-5 | Subject: obg | RequiresImage: false -> Text-only
[VisualEngine] Question: q-zero-dup-obg-1-1788466584791-6 | Subject: obg | RequiresImage: false -> Text-only
[VisualEngine] Question: q-zero-dup-obg-1-1788466584791-7 | Subject: obg | RequiresImage: false -> Text-only
[VisualEngine] Question: q-zero-dup-obg-1-1788466584791-8 | Subject: obg | RequiresImage: false -> Text-only
[VisualEngine] Question: q-zero-dup-obg-1-1788466584791-9 | Subject: obg | RequiresImage: false -> Text-only
[VisualEngine] Question: q-zero-dup-obg-1-1788466584791-10 | Subject: obg | RequiresImage: false -> Text-only
  ✓ [Normal Labor, Partograph & Stages of Delivery] Produced exactly 10 questions
  ✓ [Normal Labor, Partograph & Stages of Delivery] All 10 questions are completely unique (0 duplicate stems: 10/10)
  ✓ [Normal Labor, Partograph & Stages of Delivery] All 10 scenarios are completely unique (0 duplicate scenarios: 10/10)
  ✓ [Normal Labor, Partograph & Stages of Delivery] Q1 contains NO generic placeholder options
  ✓ [Normal Labor, Partograph & Stages of Delivery] Q2 contains NO generic placeholder options
  ✓ [Normal Labor, Partograph & Stages of Delivery] Q3 contains NO generic placeholder options
  ✓ [Normal Labor, Partograph & Stages of Delivery] Q4 contains NO generic placeholder options
  ✓ [Normal Labor, Partograph & Stages of Delivery] Q5 contains NO generic placeholder options
  ✓ [Normal Labor, Partograph & Stages of Delivery] Q6 contains NO generic placeholder options
  ✓ [Normal Labor, Partograph & Stages of Delivery] Q7 contains NO generic placeholder options
  ✓ [Normal Labor, Partograph & Stages of Delivery] Q8 contains NO generic placeholder options
  ✓ [Normal Labor, Partograph & Stages of Delivery] Q9 contains NO generic placeholder options
  ✓ [Normal Labor, Partograph & Stages of Delivery] Q10 contains NO generic placeholder options
[VisualEngine] Question: verified-pediatrics-peds-1-facet-1 | Subject: pediatrics | RequiresImage: false -> Text-only
[VisualEngine] Question: verified-pediatrics-peds-1-facet-2 | Subject: pediatrics | RequiresImage: false -> Text-only
[VisualEngine] Question: verified-pediatrics-peds-1-facet-3 | Subject: pediatrics | RequiresImage: false -> Text-only
[VisualEngine] Question: verified-pediatrics-peds-1-facet-4 | Subject: pediatrics | RequiresImage: false -> Text-only
[VisualEngine] Question: verified-pediatrics-peds-1-facet-5 | Subject: pediatrics | RequiresImage: false -> Text-only
[VisualEngine] Question: verified-pediatrics-peds-1-facet-6 | Subject: pediatrics | RequiresImage: false -> Text-only
[VisualEngine] Question: verified-pediatrics-peds-1-facet-7 | Subject: pediatrics | RequiresImage: false -> Text-only
[VisualEngine] Question: verified-pediatrics-peds-1-facet-8 | Subject: pediatrics | RequiresImage: false -> Text-only
[VisualEngine] Question: verified-pediatrics-peds-1-facet-9 | Subject: pediatrics | RequiresImage: false -> Text-only
[VisualEngine] Question: verified-pediatrics-peds-1-facet-10 | Subject: pediatrics | RequiresImage: false -> Text-only
[VisualEngine] Question: q-zero-dup-peds-1-1788466584792-1 | Subject: pediatrics | RequiresImage: false -> Text-only
[VisualEngine] Question: q-zero-dup-peds-1-1788466584792-2 | Subject: pediatrics | RequiresImage: false -> Text-only
[VisualEngine] Question: q-zero-dup-peds-1-1788466584792-3 | Subject: pediatrics | RequiresImage: false -> Text-only
[VisualEngine] Question: q-zero-dup-peds-1-1788466584792-4 | Subject: pediatrics | RequiresImage: false -> Text-only
[VisualEngine] Question: q-zero-dup-peds-1-1788466584792-5 | Subject: pediatrics | RequiresImage: false -> Text-only
[VisualEngine] Question: q-zero-dup-peds-1-1788466584792-6 | Subject: pediatrics | RequiresImage: false -> Text-only
[VisualEngine] Question: q-zero-dup-peds-1-1788466584792-7 | Subject: pediatrics | RequiresImage: false -> Text-only
[VisualEngine] Question: q-zero-dup-peds-1-1788466584792-8 | Subject: pediatrics | RequiresImage: false -> Text-only
[VisualEngine] Question: q-zero-dup-peds-1-1788466584792-9 | Subject: pediatrics | RequiresImage: false -> Text-only
[VisualEngine] Question: q-zero-dup-peds-1-1788466584792-10 | Subject: pediatrics | RequiresImage: false -> Text-only
  ✓ [Developmental Milestones & Growth Charts] Produced exactly 10 questions
  ✓ [Developmental Milestones & Growth Charts] All 10 questions are completely unique (0 duplicate stems: 10/10)
  ✓ [Developmental Milestones & Growth Charts] All 10 scenarios are completely unique (0 duplicate scenarios: 10/10)
  ✓ [Developmental Milestones & Growth Charts] Q1 contains NO generic placeholder options
  ✓ [Developmental Milestones & Growth Charts] Q2 contains NO generic placeholder options
  ✓ [Developmental Milestones & Growth Charts] Q3 contains NO generic placeholder options
  ✓ [Developmental Milestones & Growth Charts] Q4 contains NO generic placeholder options
  ✓ [Developmental Milestones & Growth Charts] Q5 contains NO generic placeholder options
  ✓ [Developmental Milestones & Growth Charts] Q6 contains NO generic placeholder options
  ✓ [Developmental Milestones & Growth Charts] Q7 contains NO generic placeholder options
  ✓ [Developmental Milestones & Growth Charts] Q8 contains NO generic placeholder options
  ✓ [Developmental Milestones & Growth Charts] Q9 contains NO generic placeholder options
  ✓ [Developmental Milestones & Growth Charts] Q10 contains NO generic placeholder options
[VisualEngine] Question: ibq-fmge_ibq_1-1788466584793 | Subject: pathology | Target: Reed-Sternberg cells (Hodgkin Lymphoma) | Matched: path:reed_sternberg_hodgkin (score: 0.96)
[VisualEngine] Question: verified-pathology-path-1-facet-2 | Subject: pathology | RequiresImage: false -> Text-only
[VisualEngine] Question: verified-pathology-path-1-facet-3 | Subject: pathology | RequiresImage: false -> Text-only
[VisualEngine] Question: verified-pathology-path-1-facet-4 | Subject: pathology | RequiresImage: false -> Text-only
[VisualEngine] Question: verified-pathology-path-1-facet-5 | Subject: pathology | RequiresImage: false -> Text-only
[VisualEngine] Question: verified-pathology-path-1-facet-6 | Subject: pathology | RequiresImage: false -> Text-only
[VisualEngine] Question: verified-pathology-path-1-facet-7 | Subject: pathology | RequiresImage: false -> Text-only
[VisualEngine] Question: verified-pathology-path-1-facet-8 | Subject: pathology | RequiresImage: false -> Text-only
[VisualEngine] Question: verified-pathology-path-1-facet-9 | Subject: pathology | RequiresImage: false -> Text-only
[VisualEngine] Question: verified-pathology-path-1-facet-10 | Subject: pathology | RequiresImage: false -> Text-only
[VisualEngine] Question: q-zero-dup-path-1-1788466584793-1 | Subject: pathology | Target: Reed-Sternberg cells (Hodgkin Lymphoma) | Matched: path:reed_sternberg_hodgkin (score: 0.99)
[VisualEngine] Question: q-zero-dup-path-1-1788466584793-2 | Subject: pathology | RequiresImage: false -> Text-only
[VisualEngine] Question: q-zero-dup-path-1-1788466584793-3 | Subject: pathology | RequiresImage: false -> Text-only
[VisualEngine] Question: q-zero-dup-path-1-1788466584793-4 | Subject: pathology | RequiresImage: false -> Text-only
[VisualEngine] Question: q-zero-dup-path-1-1788466584793-5 | Subject: pathology | RequiresImage: false -> Text-only
[VisualEngine] Question: q-zero-dup-path-1-1788466584793-6 | Subject: pathology | RequiresImage: false -> Text-only
[VisualEngine] Question: q-zero-dup-path-1-1788466584793-7 | Subject: pathology | RequiresImage: false -> Text-only
[VisualEngine] Question: q-zero-dup-path-1-1788466584793-8 | Subject: pathology | RequiresImage: false -> Text-only
[VisualEngine] Question: q-zero-dup-path-1-1788466584793-9 | Subject: pathology | RequiresImage: false -> Text-only
[VisualEngine] Question: q-zero-dup-path-1-1788466584793-10 | Subject: pathology | RequiresImage: false -> Text-only
  ✓ [Cell Injury, Necrosis, Apoptosis & Amyloidosis] Produced exactly 10 questions
  ✓ [Cell Injury, Necrosis, Apoptosis & Amyloidosis] All 10 questions are completely unique (0 duplicate stems: 10/10)
  ✓ [Cell Injury, Necrosis, Apoptosis & Amyloidosis] All 10 scenarios are completely unique (0 duplicate scenarios: 10/10)
  ✓ [Cell Injury, Necrosis, Apoptosis & Amyloidosis] Q1 contains NO generic placeholder options
  ✓ [Cell Injury, Necrosis, Apoptosis & Amyloidosis] Q2 contains NO generic placeholder options
  ✓ [Cell Injury, Necrosis, Apoptosis & Amyloidosis] Q3 contains NO generic placeholder options
  ✓ [Cell Injury, Necrosis, Apoptosis & Amyloidosis] Q4 contains NO generic placeholder options
  ✓ [Cell Injury, Necrosis, Apoptosis & Amyloidosis] Q5 contains NO generic placeholder options
  ✓ [Cell Injury, Necrosis, Apoptosis & Amyloidosis] Q6 contains NO generic placeholder options
  ✓ [Cell Injury, Necrosis, Apoptosis & Amyloidosis] Q7 contains NO generic placeholder options
  ✓ [Cell Injury, Necrosis, Apoptosis & Amyloidosis] Q8 contains NO generic placeholder options
  ✓ [Cell Injury, Necrosis, Apoptosis & Amyloidosis] Q9 contains NO generic placeholder options
  ✓ [Cell Injury, Necrosis, Apoptosis & Amyloidosis] Q10 contains NO generic placeholder options

================================================
ALL PRACTICE SESSION TESTS COMPLETED: 491 passed, 0 failed.
================================================
✔ src/utils/__tests__/practiceSessionEngine.test.ts (117.522375ms)
[VisualEngine] Question: verified-anatomy-anat-4-1 | Subject: anatomy | Target: knee joint acl ligament lachman | Matched: anat:knee_cruciate_ligaments (score: 0.99)
[VisualEngine] Question: verified-anatomy-anat-4-2 | Subject: anatomy | RequiresImage: false -> Text-only
[VisualEngine] Question: verified-anatomy-anat-4-facet-3 | Subject: anatomy | RequiresImage: false -> Text-only
[VisualEngine] Question: verified-anatomy-anat-4-facet-4 | Subject: anatomy | RequiresImage: false -> Text-only
[VisualEngine] Question: verified-anatomy-anat-4-facet-5 | Subject: anatomy | RequiresImage: false -> Text-only
[VisualEngine] Question: verified-anatomy-anat-4-facet-6 | Subject: anatomy | RequiresImage: false -> Text-only
[VisualEngine] Question: verified-anatomy-anat-4-facet-7 | Subject: anatomy | RequiresImage: false -> Text-only
[VisualEngine] Question: verified-anatomy-anat-4-facet-8 | Subject: anatomy | RequiresImage: false -> Text-only
[VisualEngine] Question: verified-anatomy-anat-4-facet-9 | Subject: anatomy | RequiresImage: false -> Text-only
[VisualEngine] Question: verified-anatomy-anat-4-facet-10 | Subject: anatomy | RequiresImage: false -> Text-only
▶ FMGE Production Reliability & Data Persistence Pass (A to Z)
  ✔ A. New User starts with clean state (0 attempts, 0 errors, 0 GTs, 0% mastery) (0.883834ms)
  ✔ B. Login on Device A initializes user profile and saves initial cloud record (0.074292ms)
  ✔ C. Answer 10 MCQs on Device A with realistic score (8 correct, 2 incorrect) (1.764666ms)
  ✔ D. Verify progress on Device A shows 80% accuracy and updated mastery (0.161625ms)
  ✔ E. Login on Device B retrieves cloud state for user (0.067958ms)
  ✔ F. Verify identical progress on Device B (0.059333ms)
  ✔ G. Create Error in Error Vault upon incorrect attempt (0.055375ms)
  ✔ H. Remediate Error generates targeted micro-learning and retest (2.981083ms)
  ✔ I. Verify remediation persisted in state (error marked reviewed) (0.283333ms)
  ✔ J. Reset study progress clears attempts & errors while preserving user profile & bookmarks (0.344ms)
  ✔ K. Verify reset on Device A shows 0 attempts and cold-start state (0.741458ms)
  ✔ L. Verify reset on Device B after cloud sync (0.054875ms)
  ✔ M. Search "arrhythmia" returns instant matching Cardiology topics and ECG concepts (0.669333ms)
  ✔ N. Open result provides structured navigation target and subjectId (0.174625ms)
  ✔ O. Ingest Telegram MCQ normalizes incoming message with full clinical schema (0.507958ms)
  ✔ P. Classify Telegram MCQ routes to General Medicine -> Cardiology with high confidence (0.030375ms)
  ✔ Q. Save Telegram MCQ into community question bank (0.1855ms)
  ✔ R. Retrieve Telegram MCQ by topic (0.027458ms)
  ✔ S. Answer Telegram MCQ and log into Performance Engine (0.054792ms)
  ✔ T. Generate Error from Telegram MCQ and verify it enters Error Vault (0.039917ms)
  ✔ U. Open image-based MCQ retains image URL and fullscreen zoom properties (0.956833ms)
  ✔ V. Open video-based MCQ retains in-app playable video embed reference (0.621458ms)
  ✔ W. Verify media metadata remains preserved in local state and cloud persistence (0.040042ms)
  ✔ X. Duplicate Telegram message detection (0.054ms)
  ✔ Y. Verify duplicate prevention prevents duplicate rows in question bank (0.049083ms)
  ✔ Z. Offline MCQ attempt queues pending write and reconciles upon reconnect without duplication (0.222833ms)
✔ FMGE Production Reliability & Data Persistence Pass (A to Z) (11.801709ms)
▶ Study Topic Content Integrity & Category Awareness
  ✔ correctly categorizes topic types for diverse medical disciplines (0.397584ms)
  ✔ generates authentic, concept-rich slides for Biochemistry without generic disease templates (0.54125ms)
  ✔ generates authentic flashcards for Biochemistry containing Km, Vmax, and Lineweaver-Burk (0.22325ms)
  ✔ generates authentic pearls for Biochemistry containing Lineweaver-Burk intercepts (0.205ms)
  ✔ generates authentic Pulmonology slides containing GINA & GOLD guidelines (0.088334ms)
  ✔ generates authentic Pathology flashcards containing Reed-Sternberg and CD15/CD30 (0.068042ms)
  ✔ rejects multi-hop cross-topic contamination (WPW -> Asthma -> Nephrotic) (0.067333ms)
✔ Study Topic Content Integrity & Category Awareness (2.016458ms)
[GeminiAnalyzer] GEMINI_API_KEY is not set.
API key should be set when using the Gemini API.
API key should be set when using the Gemini API.
▶ ONE SHOT FMGE — Telegram Cloud Architecture: End-to-End Test Suite
  ✔ TEST 1: Telegram user session is encrypted at rest using AES-256-GCM and never stored plaintext (0.65075ms)
  ✔ TEST 2: Initial database state starts with 0 monitored sources and 0 imported messages (0.0585ms)
  ✔ TEST 3: User can discover channels and selectively toggle monitoring on specific sources (0.227334ms)
[GeminiAnalyzer] Model gemini-flash-lite-latest failed, attempting next: {"error":{"code":403,"message":"Method doesn't allow unregistered callers (callers without established identity). Please use API Key or other form of API consumer identity to call this API.","status":"PERMISSION_DENIED"}}
[GeminiAnalyzer] Model gemini-3.5-flash-lite failed, attempting next: {"error":{"code":403,"message":"Method doesn't allow unregistered callers (callers without established identity). Please use API Key or other form of API consumer identity to call this API.","status":"PERMISSION_DENIED"}}
  ✔ TEST 4: New Telegram message is persisted immediately as RAW message with status RECEIVED (590.282458ms)
  ✔ TEST 5: Level 1 deduplication prevents identical Telegram message from being ingested twice (0.252208ms)
[GeminiAnalyzer] GEMINI_API_KEY is not set.
API key should be set when using the Gemini API.
API key should be set when using the Gemini API.
[GeminiAnalyzer] Model gemini-flash-lite-latest failed, attempting next: {"error":{"code":403,"message":"Method doesn't allow unregistered callers (callers without established identity). Please use API Key or other form of API consumer identity to call this API.","status":"PERMISSION_DENIED"}}
[GeminiAnalyzer] Model gemini-3.5-flash-lite failed, attempting next: {"error":{"code":403,"message":"Method doesn't allow unregistered callers (callers without established identity). Please use API Key or other form of API consumer identity to call this API.","status":"PERMISSION_DENIED"}}
  ✔ TEST 6: Image-based question associates and preserves exact Telegram image URL and metadata (1409.932166ms)
[GeminiAnalyzer] GEMINI_API_KEY is not set.
API key should be set when using the Gemini API.
API key should be set when using the Gemini API.
[GeminiAnalyzer] Model gemini-flash-lite-latest failed, attempting next: {"error":{"code":403,"message":"Method doesn't allow unregistered callers (callers without established identity). Please use API Key or other form of API consumer identity to call this API.","status":"PERMISSION_DENIED"}}
[GeminiAnalyzer] Model gemini-3.5-flash-lite failed, attempting next: {"error":{"code":403,"message":"Method doesn't allow unregistered callers (callers without established identity). Please use API Key or other form of API consumer identity to call this API.","status":"PERMISSION_DENIED"}}
[GeminiAnalyzer] GEMINI_API_KEY is not set.
API key should be set when using the Gemini API.
API key should be set when using the Gemini API.
  ✔ TEST 7: Video-based question associates and preserves exact video stream and thumbnail (534.533958ms)
  ✔ TEST 8: Exam Pearls are stored independently from questions in the pearls table (0.565167ms)
  ✔ TEST 9: AI Cross-Check stores verification agreement status and clinical rationale (0.198ms)
[GeminiAnalyzer] Model gemini-flash-lite-latest failed, attempting next: {"error":{"code":403,"message":"Method doesn't allow unregistered callers (callers without established identity). Please use API Key or other form of API consumer identity to call this API.","status":"PERMISSION_DENIED"}}
[GeminiAnalyzer] Model gemini-3.5-flash-lite failed, attempting next: {"error":{"code":403,"message":"Method doesn't allow unregistered callers (callers without established identity). Please use API Key or other form of API consumer identity to call this API.","status":"PERMISSION_DENIED"}}
[GeminiAnalyzer] GEMINI_API_KEY is not set.
API key should be set when using the Gemini API.
API key should be set when using the Gemini API.
  ✔ TEST 10: Reposted question with different Telegram Message ID is detected as Possible Duplicate (295.29675ms)
  ✔ TEST 11: Cloud Worker updates heartbeat with ONLINE status and active source metrics (0.922125ms)
  ✔ TEST 12: Telegram RPC error codes are translated into clear human-readable guidance (0.405625ms)
[GeminiAnalyzer] Model gemini-flash-lite-latest failed, attempting next: {"error":{"code":403,"message":"Method doesn't allow unregistered callers (callers without established identity). Please use API Key or other form of API consumer identity to call this API.","status":"PERMISSION_DENIED"}}
[GeminiAnalyzer] Model gemini-3.5-flash-lite failed, attempting next: {"error":{"code":403,"message":"Method doesn't allow unregistered callers (callers without established identity). Please use API Key or other form of API consumer identity to call this API.","status":"PERMISSION_DENIED"}}
  ✔ TEST 13: Official NBEMS notice is ingested and classified into notices table (291.150916ms)
  ✔ TEST 14: Distractor analysis generates 'Why other options are wrong' breakdown (1.00375ms)
✔ ONE SHOT FMGE — Telegram Cloud Architecture: End-to-End Test Suite (3126.964ms)
[GeminiAnalyzer] GEMINI_API_KEY is not set.
API key should be set when using the Gemini API.
API key should be set when using the Gemini API.
▶ ONE SHOT FMGE — Telegram Final Phases (Phases 7-18) End-to-End Suite
  ✔ 1. Starts with 0 monitored channels, discovers dialogs, and selectively monitors (1.1355ms)
[GeminiAnalyzer] Model gemini-flash-lite-latest failed, attempting next: {"error":{"code":403,"message":"Method doesn't allow unregistered callers (callers without established identity). Please use API Key or other form of API consumer identity to call this API.","status":"PERMISSION_DENIED"}}
[GeminiAnalyzer] Model gemini-3.5-flash-lite failed, attempting next: {"error":{"code":403,"message":"Method doesn't allow unregistered callers (callers without established identity). Please use API Key or other form of API consumer identity to call this API.","status":"PERMISSION_DENIED"}}
[GeminiAnalyzer] GEMINI_API_KEY is not set.
API key should be set when using the Gemini API.
API key should be set when using the Gemini API.
[GeminiAnalyzer] Model gemini-flash-lite-latest failed, attempting next: {"error":{"code":403,"message":"Method doesn't allow unregistered callers (callers without established identity). Please use API Key or other form of API consumer identity to call this API.","status":"PERMISSION_DENIED"}}
[GeminiAnalyzer] Model gemini-3.5-flash-lite failed, attempting next: {"error":{"code":403,"message":"Method doesn't allow unregistered callers (callers without established identity). Please use API Key or other form of API consumer identity to call this API.","status":"PERMISSION_DENIED"}}
[GeminiAnalyzer] GEMINI_API_KEY is not set.
API key should be set when using the Gemini API.
API key should be set when using the Gemini API.
[GeminiAnalyzer] Model gemini-flash-lite-latest failed, attempting next: {"error":{"code":403,"message":"Method doesn't allow unregistered callers (callers without established identity). Please use API Key or other form of API consumer identity to call this API.","status":"PERMISSION_DENIED"}}
[GeminiAnalyzer] Model gemini-3.5-flash-lite failed, attempting next: {"error":{"code":403,"message":"Method doesn't allow unregistered callers (callers without established identity). Please use API Key or other form of API consumer identity to call this API.","status":"PERMISSION_DENIED"}}
[GeminiAnalyzer] GEMINI_API_KEY is not set.
API key should be set when using the Gemini API.
API key should be set when using the Gemini API.
  ✔ 2. Ingests and classifies MCQ, Image IBQ, Video Clip, Pearl, and Official Notice (1694.365333ms)
[GeminiAnalyzer] Model gemini-flash-lite-latest failed, attempting next: {"error":{"code":403,"message":"Method doesn't allow unregistered callers (callers without established identity). Please use API Key or other form of API consumer identity to call this API.","status":"PERMISSION_DENIED"}}
[GeminiAnalyzer] Model gemini-3.5-flash-lite failed, attempting next: {"error":{"code":403,"message":"Method doesn't allow unregistered callers (callers without established identity). Please use API Key or other form of API consumer identity to call this API.","status":"PERMISSION_DENIED"}}
  ✔ 3. Handles Level 1 exact message duplicate and Level 2 cross-channel repost duplicate (320.995209ms)
  ✔ 4. Detects answer disagreement between Telegram channel key and AI verified guideline (1.009958ms)
  ✔ 5. MediaStorageService saves and retrieves binary assets (2.833541ms)
  ✔ 6. Developer reset cleans Telegram namespace to 0 while preserving database integrity (0.626875ms)
✔ ONE SHOT FMGE — Telegram Final Phases (Phases 7-18) End-to-End Suite (2022.197375ms)
▶ ONE SHOT FMGE — Telegram Ingestion V2: Pipeline + Persistence + Deduplication Rebuild
  ✔ 1. Same Telegram message received twice produces only 1 raw record (idempotency) (4.223333ms)
  ✔ 2. Same question posted in different channel attaches new source to existing canonical question (0.186208ms)
  ✔ 3. Slightly reformatted duplicate detected via Tier 2 text similarity (>= 0.85) (0.202041ms)
  ✔ 4. Two genuinely different questions on the same subject are preserved as distinct questions (0.146166ms)
  ✔ 5. Image-based question creates IMAGE question with high-res media record (0.165292ms)
  ✔ 6. Video-based question creates VIDEO question with stream & thumbnail metadata (0.192084ms)
  ✔ 7. Video post with insufficient information is classified as MEDIA_ONLY without hallucinating MCQs (0.067709ms)
  ✔ 8. Telegram poll with no answer key marks needsVerification = true and correctAnswer = null (0.235667ms)
  ✔ 9. Channel cursor advances monotonically and tracks last synced timestamp (25.099375ms)
  ✔ 10. generateSyncDiagnostics produces accurate metrics for monitoring and debugging (6.853292ms)
  ✔ 11. normalizeAppState safely persists raw Telegram messages, canonical questions, and diagnostics (0.535958ms)
  ✔ 12. Ingested Telegram question attempt records into universal performance history (0.204875ms)
  ✔ 13. Answering a Telegram question incorrectly allows seamless registration in Error Vault (0.060708ms)
  ✔ 14. canonicalQuestionToTelegramMcq maps smoothly for existing UI components without data loss (0.251459ms)
  ✔ 15. classifyClinicalText matches high-yield FMGE keywords to correct subjects (0.273708ms)
  ✔ 16. getInitialAppState initializes with 0 mock/seeded questions and clean channel (0.081667ms)
  ✔ 17. normalizeAppState completely filters out legacy mock IDs and Unsplash URLs (0.100042ms)
  ✔ 18. Phase 16 Acceptance Test: Ingests "ONE SHOT FMGE TELEGRAM TEST 12345" and second distinct message (0.183584ms)
✔ ONE SHOT FMGE — Telegram Ingestion V2: Pipeline + Persistence + Deduplication Rebuild (39.982875ms)
▶ ONE SHOT FMGE — Pass 3: Telegram Intelligence & MCQ Bank Suite
  ✔ 1. Parses normal Telegram poll MCQ and classifies into FMGE syllabus (6.013833ms)
  ✔ 2. Ingests image-based MCQ (IBQ) preserving high-res image URL (2.366084ms)
  ✔ 3. Ingests video-based MCQ with embedded video URL (0.656584ms)
  ✔ 4. Converts non-MCQ high-yield Telegram post into permanent Medical Pearl (0.089833ms)
  ✔ 5. Handles empty or malformed payload without crashing (0.0415ms)
  ✔ 6. Detects duplicate question with slightly different spacing or prefix (1.388167ms)
  ✔ 7. Parses plain-text MCQ with embedded A/B/C/D and Ans: B format (0.102292ms)
  ✔ 8. Accurately maps clinical topics to 19 FMGE subjects (0.050417ms)
  ✔ 9. Randomizes option keys without losing correct answer association (0.100708ms)
  ✔ 10. Automatically registers mistakes on Telegram MCQs into the Error Vault (0.222292ms)
✔ ONE SHOT FMGE — Pass 3: Telegram Intelligence & MCQ Bank Suite (11.799583ms)
▶ ONE SHOT FMGE — Telegram Ingestion & Knowledge Bank Rebuild: End-to-End Acceptance Tests
  ✔ TEST 1: Ingesting a new Telegram message saves and classifies it into Knowledge Bank (4.139375ms)
  ✔ TEST 2: Browser state normalization keeps localStorage clean while PostgreSQL retains questions (0.176916ms)
  ✔ TEST 3: Re-initializing the database from disk preserves all records across backend restarts (0.121083ms)
  ✔ TEST 4: Re-synchronizing the same Telegram message does not create duplicates (Level 1 Deduplication) (0.395459ms)
  ✔ TEST 5: Reposted question from another channel merges into existing question with multi-source tracking (1.524958ms)
  ✔ TEST 6: Image-based question associates and preserves exact Telegram image URL/path (5101.415292ms)
  ✔ TEST 7: Video-based question preserves video stream, thumbnail, and playback metadata (1364.07725ms)
  ✔ TEST 8: High-yield medical tip is classified as EXAM_TIP and saved in Knowledge Bank (4.077208ms)
  ✔ TEST 9: Official NBEMS notice is classified as NOTICE and stored with importance level (3.951958ms)
  ✔ TEST 10: Processing error preserves raw message in database with retryable state (1.521292ms)
  ✔ TEST 11: Server background ingestion runs autonomously and updates cursor checkpoint (16.557458ms)
  ✔ TEST 12: Sync with no new messages maintains idempotent database state (0.692708ms)
  ✔ TEST 13: Clinical extraction generates accurate explanation, why others are wrong, and exam pearl (0.28475ms)
  ✔ TEST 14: AI Cross-Check verifies medical consistency and assigns verified status (0.076833ms)
✔ ONE SHOT FMGE — Telegram Ingestion & Knowledge Bank Rebuild: End-to-End Acceptance Tests (6500.633667ms)
▶ Video Recommendations API Endpoint Handler
  ✔ GET /api/videos/recommendations returns valid curated video recommendations (0.306208ms)
✔ Video Recommendations API Endpoint Handler (0.58275ms)
=== RUNNING RIGOROUS VIDEO RECOMMENDATION ENGINE TESTS ===

--- 1. Testing 5 Specific FMGE Topics ---
  ✓ Topic [Lower Limb - Knee Joint & Nerve Lesions (Peroneal/Tibial)] generated 3 search queries
  ✓ Query for [Lower Limb - Knee Joint & Nerve Lesions (Peroneal/Tibial)] includes subject name "Anatomy"
  ✓ Query for [Lower Limb - Knee Joint & Nerve Lesions (Peroneal/Tibial)] is strictly specific and not generic
  ✓ Found verified curated videos for [Lower Limb - Knee Joint & Nerve Lesions (Peroneal/Tibial)]
  ✓ Video "Knee Joint Anatomy, Cruciate Ligaments & Menisci: High-Yield Clinical Review" subjectId matches strictly (anatomy)
  ✓ Video "Knee Joint Anatomy, Cruciate Ligaments & Menisci: High-Yield Clinical Review" topicId matches strictly (anat-4)
  ✓ Video "Knee Joint Anatomy, Cruciate Ligaments & Menisci: High-Yield Clinical Review" has valid youtubeUrl
  ✓ Video "Knee Joint Anatomy, Cruciate Ligaments & Menisci: High-Yield Clinical Review" has valid embedUrl
  ✓ Video ID is valid format (3B3g6W4d5J4)
  ✓ Video channel name is present (AnatomyZone)
  ✓ Video "Knee Joint Anatomy, Cruciate Ligaments & Menisci: High-Yield Clinical Review" passed strict topic relevance check for Lower Limb - Knee Joint & Nerve Lesions (Peroneal/Tibial)
  ✓ Video "Common Peroneal vs Tibial Nerve Lesions: Foot Drop & Sensory Loss" subjectId matches strictly (anatomy)
  ✓ Video "Common Peroneal vs Tibial Nerve Lesions: Foot Drop & Sensory Loss" topicId matches strictly (anat-4)
  ✓ Video "Common Peroneal vs Tibial Nerve Lesions: Foot Drop & Sensory Loss" has valid youtubeUrl
  ✓ Video "Common Peroneal vs Tibial Nerve Lesions: Foot Drop & Sensory Loss" has valid embedUrl
  ✓ Video ID is valid format (YQ2r6tF_2Qk)
  ✓ Video channel name is present (Medicosis Perfectionalis)
  ✓ Video "Common Peroneal vs Tibial Nerve Lesions: Foot Drop & Sensory Loss" passed strict topic relevance check for Lower Limb - Knee Joint & Nerve Lesions (Peroneal/Tibial)
  ✓ No leak: "ECG Interpretation & Cardiac Arrhythmias (AFib, Flutter, VTach, AV Blocks)" from (medicine) never returned for (anatomy)
  ✓ No leak: "Myocardial Infarction (STEMI vs NSTEMI): Coronary Anatomy & Biomarkers" from (medicine) never returned for (anatomy)
  ✓ No leak: "Autonomic Nervous System Pharmacology: Cholinergic & Adrenergic Receptors" from (pharmacology) never returned for (anatomy)
  ✓ No leak: "Autonomic Drugs Rapid Review: Parasympathomimetics & Anticholinergics" from (pharmacology) never returned for (anatomy)
  ✓ No leak: "Neoplasia: Hallmarks of Cancer, Oncogenes & Tumor Suppressor Genes" from (pathology) never returned for (anatomy)
  ✓ No leak: "Glomerulonephritis: Nephritic vs Nephrotic Syndromes (Biopsy & EM Findings)" from (pathology) never returned for (anatomy)
  ✓ No leak: "Preeclampsia, Eclampsia & HELLP Syndrome: Pritchard Regimen Management" from (obg) never returned for (anatomy)
  ✓ No leak: "Postpartum Hemorrhage (PPH): Prevention, Active Management & Uterotonics" from (obg) never returned for (anatomy)
  ✓ No leak: "Screening Tests: Sensitivity, Specificity, PPV, NPV & 2x2 Tables" from (psm) never returned for (anatomy)
  ✓ No leak: "Vaccine Cold Chain, VVM Stages & National Immunization Schedule" from (psm) never returned for (anatomy)
  ✓ No leak: "Burns: Modified Parkland Formula, Rule of Nines & Resuscitation" from (surgery) never returned for (anatomy)
  ✓ No leak: "ATLS Primary Survey & Emergency FAST Exam Windows" from (surgery) never returned for (anatomy)
  ✓ No leak: "Heart Blocks: 1st, 2nd Degree (Mobitz I & II) & 3rd Degree AV Block ECGs" from (medicine) never returned for (anatomy)
  ✓ No leak: "Wolff-Parkinson-White (WPW) Syndrome: Delta Wave, ECG & Pre-excitation" from (medicine) never returned for (anatomy)
  ✓ No leak: "Diabetes Mellitus Management: ADA Guidelines, Insulin Regimens & Oral Hypoglycemics" from (medicine) never returned for (anatomy)
  ✓ No leak: "Tuberculosis & NTEP Guidelines: Diagnostic Algorithm, CBNAAT & Regimens" from (medicine) never returned for (anatomy)
  ✓ No leak: "Bullous Disorders: Pemphigus Vulgaris vs Bullous Pemphigoid (Nikolsky Sign & IF)" from (dermatology) never returned for (anatomy)
  ✓ No leak: "High-Yield Chest X-Ray Signs & Emergency Radiology Interpretation" from (radiology) never returned for (anatomy)
  ✓ Topic [Cardiology (ECG, MI, Arrhythmias, Heart Failure)] generated 3 search queries
  ✓ Query for [Cardiology (ECG, MI, Arrhythmias, Heart Failure)] includes subject name "Medicine"
  ✓ Query for [Cardiology (ECG, MI, Arrhythmias, Heart Failure)] is strictly specific and not generic
  ✓ Found verified curated videos for [Cardiology (ECG, MI, Arrhythmias, Heart Failure)]
  ✓ Video "ECG Interpretation & Cardiac Arrhythmias (AFib, Flutter, VTach, AV Blocks)" subjectId matches strictly (medicine)
  ✓ Video "ECG Interpretation & Cardiac Arrhythmias (AFib, Flutter, VTach, AV Blocks)" topicId matches strictly (med-1)
  ✓ Video "ECG Interpretation & Cardiac Arrhythmias (AFib, Flutter, VTach, AV Blocks)" has valid youtubeUrl
  ✓ Video "ECG Interpretation & Cardiac Arrhythmias (AFib, Flutter, VTach, AV Blocks)" has valid embedUrl
  ✓ Video ID is valid format (xIZQRjkwGsY)
  ✓ Video channel name is present (Ninja Nerd)
  ✓ Video "ECG Interpretation & Cardiac Arrhythmias (AFib, Flutter, VTach, AV Blocks)" passed strict topic relevance check for Cardiology (ECG, MI, Arrhythmias, Heart Failure)
  ✓ Video "Myocardial Infarction (STEMI vs NSTEMI): Coronary Anatomy & Biomarkers" subjectId matches strictly (medicine)
  ✓ Video "Myocardial Infarction (STEMI vs NSTEMI): Coronary Anatomy & Biomarkers" topicId matches strictly (med-1)
  ✓ Video "Myocardial Infarction (STEMI vs NSTEMI): Coronary Anatomy & Biomarkers" has valid youtubeUrl
  ✓ Video "Myocardial Infarction (STEMI vs NSTEMI): Coronary Anatomy & Biomarkers" has valid embedUrl
  ✓ Video ID is valid format (9f0OEQ8r6rI)
  ✓ Video channel name is present (Osmosis from Elsevier)
  ✓ Video "Myocardial Infarction (STEMI vs NSTEMI): Coronary Anatomy & Biomarkers" passed strict topic relevance check for Cardiology (ECG, MI, Arrhythmias, Heart Failure)
  ✓ Video "Heart Blocks: 1st, 2nd Degree (Mobitz I & II) & 3rd Degree AV Block ECGs" subjectId matches strictly (medicine)
  ✓ Video "Heart Blocks: 1st, 2nd Degree (Mobitz I & II) & 3rd Degree AV Block ECGs" topicId matches strictly (med-1)
  ✓ Video "Heart Blocks: 1st, 2nd Degree (Mobitz I & II) & 3rd Degree AV Block ECGs" has valid youtubeUrl
  ✓ Video "Heart Blocks: 1st, 2nd Degree (Mobitz I & II) & 3rd Degree AV Block ECGs" has valid embedUrl
  ✓ Video ID is valid format (b1K9vQ_4mR0)
  ✓ Video channel name is present (Ninja Nerd)
  ✓ Video "Heart Blocks: 1st, 2nd Degree (Mobitz I & II) & 3rd Degree AV Block ECGs" passed strict topic relevance check for Cardiology (ECG, MI, Arrhythmias, Heart Failure)
  ✓ Video "Wolff-Parkinson-White (WPW) Syndrome: Delta Wave, ECG & Pre-excitation" subjectId matches strictly (medicine)
  ✓ Video "Wolff-Parkinson-White (WPW) Syndrome: Delta Wave, ECG & Pre-excitation" topicId matches strictly (med-1)
  ✓ Video "Wolff-Parkinson-White (WPW) Syndrome: Delta Wave, ECG & Pre-excitation" has valid youtubeUrl
  ✓ Video "Wolff-Parkinson-White (WPW) Syndrome: Delta Wave, ECG & Pre-excitation" has valid embedUrl
  ✓ Video ID is valid format (w9Q2r4tF_Lk)
  ✓ Video channel name is present (Dirty Medicine)
  ✓ Video "Wolff-Parkinson-White (WPW) Syndrome: Delta Wave, ECG & Pre-excitation" passed strict topic relevance check for Cardiology (ECG, MI, Arrhythmias, Heart Failure)
  ✓ No leak: "Knee Joint Anatomy, Cruciate Ligaments & Menisci: High-Yield Clinical Review" from (anatomy) never returned for (medicine)
  ✓ No leak: "Common Peroneal vs Tibial Nerve Lesions: Foot Drop & Sensory Loss" from (anatomy) never returned for (medicine)
  ✓ No leak: "Brachial Plexus: Roots, Trunks, Divisions, Cords & Branches (Erb's vs Klumpke's)" from (anatomy) never returned for (medicine)
  ✓ No leak: "Autonomic Nervous System Pharmacology: Cholinergic & Adrenergic Receptors" from (pharmacology) never returned for (medicine)
  ✓ No leak: "Autonomic Drugs Rapid Review: Parasympathomimetics & Anticholinergics" from (pharmacology) never returned for (medicine)
  ✓ No leak: "Neoplasia: Hallmarks of Cancer, Oncogenes & Tumor Suppressor Genes" from (pathology) never returned for (medicine)
  ✓ No leak: "Glomerulonephritis: Nephritic vs Nephrotic Syndromes (Biopsy & EM Findings)" from (pathology) never returned for (medicine)
  ✓ No leak: "Preeclampsia, Eclampsia & HELLP Syndrome: Pritchard Regimen Management" from (obg) never returned for (medicine)
  ✓ No leak: "Postpartum Hemorrhage (PPH): Prevention, Active Management & Uterotonics" from (obg) never returned for (medicine)
  ✓ No leak: "Screening Tests: Sensitivity, Specificity, PPV, NPV & 2x2 Tables" from (psm) never returned for (medicine)
  ✓ No leak: "Vaccine Cold Chain, VVM Stages & National Immunization Schedule" from (psm) never returned for (medicine)
  ✓ No leak: "Burns: Modified Parkland Formula, Rule of Nines & Resuscitation" from (surgery) never returned for (medicine)
  ✓ No leak: "ATLS Primary Survey & Emergency FAST Exam Windows" from (surgery) never returned for (medicine)
  ✓ No leak: "Bullous Disorders: Pemphigus Vulgaris vs Bullous Pemphigoid (Nikolsky Sign & IF)" from (dermatology) never returned for (medicine)
  ✓ No leak: "High-Yield Chest X-Ray Signs & Emergency Radiology Interpretation" from (radiology) never returned for (medicine)
  ✓ Topic [Autonomic Nervous System Drugs] generated 3 search queries
  ✓ Query for [Autonomic Nervous System Drugs] includes subject name "Pharmacology"
  ✓ Query for [Autonomic Nervous System Drugs] is strictly specific and not generic
  ✓ Found verified curated videos for [Autonomic Nervous System Drugs]
  ✓ Video "Autonomic Nervous System Pharmacology: Cholinergic & Adrenergic Receptors" subjectId matches strictly (pharmacology)
  ✓ Video "Autonomic Nervous System Pharmacology: Cholinergic & Adrenergic Receptors" topicId matches strictly (pharm-1)
  ✓ Video "Autonomic Nervous System Pharmacology: Cholinergic & Adrenergic Receptors" has valid youtubeUrl
  ✓ Video "Autonomic Nervous System Pharmacology: Cholinergic & Adrenergic Receptors" has valid embedUrl
  ✓ Video ID is valid format (s9h_7n0_tqU)
  ✓ Video channel name is present (Ninja Nerd)
  ✓ Video "Autonomic Nervous System Pharmacology: Cholinergic & Adrenergic Receptors" passed strict topic relevance check for Autonomic Nervous System Drugs
  ✓ Video "Autonomic Drugs Rapid Review: Parasympathomimetics & Anticholinergics" subjectId matches strictly (pharmacology)
  ✓ Video "Autonomic Drugs Rapid Review: Parasympathomimetics & Anticholinergics" topicId matches strictly (pharm-1)
  ✓ Video "Autonomic Drugs Rapid Review: Parasympathomimetics & Anticholinergics" has valid youtubeUrl
  ✓ Video "Autonomic Drugs Rapid Review: Parasympathomimetics & Anticholinergics" has valid embedUrl
  ✓ Video ID is valid format (5JkL2aZ9k7Q)
  ✓ Video channel name is present (Dirty Medicine)
  ✓ Video "Autonomic Drugs Rapid Review: Parasympathomimetics & Anticholinergics" passed strict topic relevance check for Autonomic Nervous System Drugs
  ✓ No leak: "Knee Joint Anatomy, Cruciate Ligaments & Menisci: High-Yield Clinical Review" from (anatomy) never returned for (pharmacology)
  ✓ No leak: "Common Peroneal vs Tibial Nerve Lesions: Foot Drop & Sensory Loss" from (anatomy) never returned for (pharmacology)
  ✓ No leak: "Brachial Plexus: Roots, Trunks, Divisions, Cords & Branches (Erb's vs Klumpke's)" from (anatomy) never returned for (pharmacology)
  ✓ No leak: "ECG Interpretation & Cardiac Arrhythmias (AFib, Flutter, VTach, AV Blocks)" from (medicine) never returned for (pharmacology)
  ✓ No leak: "Myocardial Infarction (STEMI vs NSTEMI): Coronary Anatomy & Biomarkers" from (medicine) never returned for (pharmacology)
  ✓ No leak: "Neoplasia: Hallmarks of Cancer, Oncogenes & Tumor Suppressor Genes" from (pathology) never returned for (pharmacology)
  ✓ No leak: "Glomerulonephritis: Nephritic vs Nephrotic Syndromes (Biopsy & EM Findings)" from (pathology) never returned for (pharmacology)
  ✓ No leak: "Preeclampsia, Eclampsia & HELLP Syndrome: Pritchard Regimen Management" from (obg) never returned for (pharmacology)
  ✓ No leak: "Postpartum Hemorrhage (PPH): Prevention, Active Management & Uterotonics" from (obg) never returned for (pharmacology)
  ✓ No leak: "Screening Tests: Sensitivity, Specificity, PPV, NPV & 2x2 Tables" from (psm) never returned for (pharmacology)
  ✓ No leak: "Vaccine Cold Chain, VVM Stages & National Immunization Schedule" from (psm) never returned for (pharmacology)
  ✓ No leak: "Burns: Modified Parkland Formula, Rule of Nines & Resuscitation" from (surgery) never returned for (pharmacology)
  ✓ No leak: "ATLS Primary Survey & Emergency FAST Exam Windows" from (surgery) never returned for (pharmacology)
  ✓ No leak: "Heart Blocks: 1st, 2nd Degree (Mobitz I & II) & 3rd Degree AV Block ECGs" from (medicine) never returned for (pharmacology)
  ✓ No leak: "Wolff-Parkinson-White (WPW) Syndrome: Delta Wave, ECG & Pre-excitation" from (medicine) never returned for (pharmacology)
  ✓ No leak: "Diabetes Mellitus Management: ADA Guidelines, Insulin Regimens & Oral Hypoglycemics" from (medicine) never returned for (pharmacology)
  ✓ No leak: "Tuberculosis & NTEP Guidelines: Diagnostic Algorithm, CBNAAT & Regimens" from (medicine) never returned for (pharmacology)
  ✓ No leak: "Bullous Disorders: Pemphigus Vulgaris vs Bullous Pemphigoid (Nikolsky Sign & IF)" from (dermatology) never returned for (pharmacology)
  ✓ No leak: "High-Yield Chest X-Ray Signs & Emergency Radiology Interpretation" from (radiology) never returned for (pharmacology)
  ✓ Topic [Neoplasia - Hallmarks, Oncogenes & Tumor Markers] generated 3 search queries
  ✓ Query for [Neoplasia - Hallmarks, Oncogenes & Tumor Markers] includes subject name "Pathology"
  ✓ Query for [Neoplasia - Hallmarks, Oncogenes & Tumor Markers] is strictly specific and not generic
  ✓ Found verified curated videos for [Neoplasia - Hallmarks, Oncogenes & Tumor Markers]
  ✓ Video "Neoplasia: Hallmarks of Cancer, Oncogenes & Tumor Suppressor Genes" subjectId matches strictly (pathology)
  ✓ Video "Neoplasia: Hallmarks of Cancer, Oncogenes & Tumor Suppressor Genes" topicId matches strictly (path-4)
  ✓ Video "Neoplasia: Hallmarks of Cancer, Oncogenes & Tumor Suppressor Genes" has valid youtubeUrl
  ✓ Video "Neoplasia: Hallmarks of Cancer, Oncogenes & Tumor Suppressor Genes" has valid embedUrl
  ✓ Video ID is valid format (aK8pZ1eQ4vM)
  ✓ Video channel name is present (Ninja Nerd)
  ✓ Video "Neoplasia: Hallmarks of Cancer, Oncogenes & Tumor Suppressor Genes" passed strict topic relevance check for Neoplasia - Hallmarks, Oncogenes & Tumor Markers
  ✓ No leak: "Knee Joint Anatomy, Cruciate Ligaments & Menisci: High-Yield Clinical Review" from (anatomy) never returned for (pathology)
  ✓ No leak: "Common Peroneal vs Tibial Nerve Lesions: Foot Drop & Sensory Loss" from (anatomy) never returned for (pathology)
  ✓ No leak: "Brachial Plexus: Roots, Trunks, Divisions, Cords & Branches (Erb's vs Klumpke's)" from (anatomy) never returned for (pathology)
  ✓ No leak: "ECG Interpretation & Cardiac Arrhythmias (AFib, Flutter, VTach, AV Blocks)" from (medicine) never returned for (pathology)
  ✓ No leak: "Myocardial Infarction (STEMI vs NSTEMI): Coronary Anatomy & Biomarkers" from (medicine) never returned for (pathology)
  ✓ No leak: "Autonomic Nervous System Pharmacology: Cholinergic & Adrenergic Receptors" from (pharmacology) never returned for (pathology)
  ✓ No leak: "Autonomic Drugs Rapid Review: Parasympathomimetics & Anticholinergics" from (pharmacology) never returned for (pathology)
  ✓ No leak: "Preeclampsia, Eclampsia & HELLP Syndrome: Pritchard Regimen Management" from (obg) never returned for (pathology)
  ✓ No leak: "Postpartum Hemorrhage (PPH): Prevention, Active Management & Uterotonics" from (obg) never returned for (pathology)
  ✓ No leak: "Screening Tests: Sensitivity, Specificity, PPV, NPV & 2x2 Tables" from (psm) never returned for (pathology)
  ✓ No leak: "Vaccine Cold Chain, VVM Stages & National Immunization Schedule" from (psm) never returned for (pathology)
  ✓ No leak: "Burns: Modified Parkland Formula, Rule of Nines & Resuscitation" from (surgery) never returned for (pathology)
  ✓ No leak: "ATLS Primary Survey & Emergency FAST Exam Windows" from (surgery) never returned for (pathology)
  ✓ No leak: "Heart Blocks: 1st, 2nd Degree (Mobitz I & II) & 3rd Degree AV Block ECGs" from (medicine) never returned for (pathology)
  ✓ No leak: "Wolff-Parkinson-White (WPW) Syndrome: Delta Wave, ECG & Pre-excitation" from (medicine) never returned for (pathology)
  ✓ No leak: "Diabetes Mellitus Management: ADA Guidelines, Insulin Regimens & Oral Hypoglycemics" from (medicine) never returned for (pathology)
  ✓ No leak: "Tuberculosis & NTEP Guidelines: Diagnostic Algorithm, CBNAAT & Regimens" from (medicine) never returned for (pathology)
  ✓ No leak: "Bullous Disorders: Pemphigus Vulgaris vs Bullous Pemphigoid (Nikolsky Sign & IF)" from (dermatology) never returned for (pathology)
  ✓ No leak: "High-Yield Chest X-Ray Signs & Emergency Radiology Interpretation" from (radiology) never returned for (pathology)
  ✓ Topic [Pre-eclampsia, Eclampsia & MgSO4 Pritchard Regimen] generated 3 search queries
  ✓ Query for [Pre-eclampsia, Eclampsia & MgSO4 Pritchard Regimen] includes subject name "Obstetrics & Gynecology"
  ✓ Query for [Pre-eclampsia, Eclampsia & MgSO4 Pritchard Regimen] is strictly specific and not generic
  ✓ Found verified curated videos for [Pre-eclampsia, Eclampsia & MgSO4 Pritchard Regimen]
  ✓ Video "Preeclampsia, Eclampsia & HELLP Syndrome: Pritchard Regimen Management" subjectId matches strictly (obg)
  ✓ Video "Preeclampsia, Eclampsia & HELLP Syndrome: Pritchard Regimen Management" topicId matches strictly (obg-2)
  ✓ Video "Preeclampsia, Eclampsia & HELLP Syndrome: Pritchard Regimen Management" has valid youtubeUrl
  ✓ Video "Preeclampsia, Eclampsia & HELLP Syndrome: Pritchard Regimen Management" has valid embedUrl
  ✓ Video ID is valid format (Y8w_8tP9qL0)
  ✓ Video channel name is present (Osmosis from Elsevier)
  ✓ Video "Preeclampsia, Eclampsia & HELLP Syndrome: Pritchard Regimen Management" passed strict topic relevance check for Pre-eclampsia, Eclampsia & MgSO4 Pritchard Regimen
  ✓ No leak: "Knee Joint Anatomy, Cruciate Ligaments & Menisci: High-Yield Clinical Review" from (anatomy) never returned for (obg)
  ✓ No leak: "Common Peroneal vs Tibial Nerve Lesions: Foot Drop & Sensory Loss" from (anatomy) never returned for (obg)
  ✓ No leak: "Brachial Plexus: Roots, Trunks, Divisions, Cords & Branches (Erb's vs Klumpke's)" from (anatomy) never returned for (obg)
  ✓ No leak: "ECG Interpretation & Cardiac Arrhythmias (AFib, Flutter, VTach, AV Blocks)" from (medicine) never returned for (obg)
  ✓ No leak: "Myocardial Infarction (STEMI vs NSTEMI): Coronary Anatomy & Biomarkers" from (medicine) never returned for (obg)
  ✓ No leak: "Autonomic Nervous System Pharmacology: Cholinergic & Adrenergic Receptors" from (pharmacology) never returned for (obg)
  ✓ No leak: "Autonomic Drugs Rapid Review: Parasympathomimetics & Anticholinergics" from (pharmacology) never returned for (obg)
  ✓ No leak: "Neoplasia: Hallmarks of Cancer, Oncogenes & Tumor Suppressor Genes" from (pathology) never returned for (obg)
  ✓ No leak: "Glomerulonephritis: Nephritic vs Nephrotic Syndromes (Biopsy & EM Findings)" from (pathology) never returned for (obg)
  ✓ No leak: "Screening Tests: Sensitivity, Specificity, PPV, NPV & 2x2 Tables" from (psm) never returned for (obg)
  ✓ No leak: "Vaccine Cold Chain, VVM Stages & National Immunization Schedule" from (psm) never returned for (obg)
  ✓ No leak: "Burns: Modified Parkland Formula, Rule of Nines & Resuscitation" from (surgery) never returned for (obg)
  ✓ No leak: "ATLS Primary Survey & Emergency FAST Exam Windows" from (surgery) never returned for (obg)
  ✓ No leak: "Heart Blocks: 1st, 2nd Degree (Mobitz I & II) & 3rd Degree AV Block ECGs" from (medicine) never returned for (obg)
  ✓ No leak: "Wolff-Parkinson-White (WPW) Syndrome: Delta Wave, ECG & Pre-excitation" from (medicine) never returned for (obg)
  ✓ No leak: "Diabetes Mellitus Management: ADA Guidelines, Insulin Regimens & Oral Hypoglycemics" from (medicine) never returned for (obg)
  ✓ No leak: "Tuberculosis & NTEP Guidelines: Diagnostic Algorithm, CBNAAT & Regimens" from (medicine) never returned for (obg)
  ✓ No leak: "Bullous Disorders: Pemphigus Vulgaris vs Bullous Pemphigoid (Nikolsky Sign & IF)" from (dermatology) never returned for (obg)
  ✓ No leak: "High-Yield Chest X-Ray Signs & Emergency Radiology Interpretation" from (radiology) never returned for (obg)

--- 2. Performance Scoring & Weak Topic Prioritization ---
  ✓ Anatomy Knee Joint & Nerve Lesions ranked #1 after student mistakes
  ✓ Accuracy calculated as 0%
  ✓ 1 repeated error detected
  ✓ Recommendation score elevated >= 70
  ✓ Switching candidate topic returns completely different video
  ✓ Anatomy videos do not include Pharmacology titles
  ✓ Pharmacology videos do not include Knee Joint titles

--- 3. Video Interactions & Feedback Demotion ---
  ✓ Video view recorded
  ✓ Opened count is 1
  ✓ User rating is not_helpful
  ✓ Topic score demoted after unhelpful feedback

================================================
ALL TESTS COMPLETED: 191 passed, 0 failed.
================================================
✔ src/utils/__tests__/videoRecommendationEngine.test.ts (83.917625ms)
ℹ tests 276
ℹ suites 64
ℹ pass 271
ℹ fail 5
ℹ cancelled 0
ℹ skipped 0
ℹ todo 0
ℹ duration_ms 7115.68925

✖ failing tests:

test at src/utils/__tests__/aiCoachPredictorIntegration.test.ts:60:3
✖ 4. Stream API returns chunks promptly for high-yield topics (12.902875ms)
  [TypeError: fetch failed] {
    [cause]: AggregateError [ECONNREFUSED]: 
        at internalConnectMultiple (node:net:1194:18)
        at afterConnectMultiple (node:net:1784:7) {
      code: 'ECONNREFUSED',
      [errors]: [
        Error: connect ECONNREFUSED ::1:3000
            at createConnectionError (node:net:1747:14)
            at afterConnectMultiple (node:net:1777:16),
        Error: connect ECONNREFUSED 127.0.0.1:3000
            at createConnectionError (node:net:1747:14)
            at afterConnectMultiple (node:net:1777:16)
      ]
    }
  }

test at src/utils/__tests__/completeTopicLearningPackage.test.ts:1:1
✖ src/utils/__tests__/completeTopicLearningPackage.test.ts (265.341416ms)
  'test failed'

test at src/utils/__tests__/masterTopicLearningArchitecture.test.ts:1:1
✖ src/utils/__tests__/masterTopicLearningArchitecture.test.ts (157.4205ms)
  'test failed'

test at src/utils/__tests__/mcqPerformanceEngineAudit.test.ts:1:1
✖ src/utils/__tests__/mcqPerformanceEngineAudit.test.ts (160.599208ms)
  'test failed'

test at src/utils/__tests__/onboarding.test.ts:175:5
✖ formats a valid date for human display (12.691458ms)
  AssertionError [ERR_ASSERTION]: Expected values to be strictly equal:
  + actual - expected
  
  + '15 December 2026'
  - 'December 15, 2026'
  
      at TestContext.<anonymous> (/Users/imdadul/Downloads/blank-canvas-github/src/utils/__tests__/onboarding.test.ts:176:14)
      at Test.runInAsyncScope (node:async_hooks:227:14)
      at Test.run (node:internal/test_runner/test:1325:25)
      at Test.start (node:internal/test_runner/test:1191:17)
      at node:internal/test_runner/test:1792:71
      at node:internal/per_context/primordials:466:82
      at new Promise (<anonymous>)
      at new SafePromise (node:internal/per_context/primordials:435:3)
      at node:internal/per_context/primordials:466:9
      at Array.map (<anonymous>) {
    generatedMessage: true,
    code: 'ERR_ASSERTION',
    actual: '15 December 2026',
    expected: 'December 15, 2026',
    operator: 'strictEqual',
    diff: 'simple'
  }
